D/scenario/mHalCam(   89):   HAL_3A_AF_Full_Step: 0 
D/scenario/mHalCam(   89):   HAL_3A_AE_METERING_MODE: 1 
D/aaa_hal_yuv(   89):  [set3AParam] Cmd = 0x1003, Param= 0x0 
D/scenario/mHalCam(   89):   HAL_3A_AE_EVCOMP: 0 
D/aaa_hal_yuv(   89):  [set3AParam] Cmd = 0x1002, Param= 0x0 
D/scenario/mHalCam(   89):   HAL_3A_AWB_MODE: 1 
D/aaa_hal_yuv(   89):  [set3AParam] Cmd = 0x3000, Param= 0x1 
E/logwrapper(  652): executing /system/bin/ami304d failed: No such file or directory
D/scenario/mHalCam(   89):   HAL_3A_AE_ISOSPEED: 0 
D/aaa_hal_yuv(   89):  [set3AParam] Cmd = 0x1004, Param= 0x0 
D/scenario/mHalCam(   89):   HAL_3A_AE_ISOSPEED_ENG: 0 
D/aaa_hal_yuv(   89):  [set3AParam] Cmd = 0x1004, Param= 0x0 
D/scenario/mHalCam(   89):   HAL_3A_AE_MODE: 1 
D/aaa_hal_yuv(   89):  [set3AParam] Cmd = 0x1001, Param= 0x1 
D/scenario/mHalCam(   89):   HAL_ISP_USER_BRIGHTNESS: 1 
D/NSIspTuning::ParamctrlComm_user(   89): [+setIspUserIdx_Bright] (old, new)=(1, 1)
D/ImgSensorDrv(   89): [ImgSensorDrv] getInstance 
D/scenario/mHalCam(   89):   HAL_ISP_USER_HUE: 1 
D/NSIspTuning::ParamctrlComm_user(   89): [+setIspUserIdx_Hue] (old, new)=(1, 1)
D/ImgSensorDrv(   89): [ImgSensorDrv] getInstance 
D/scenario/mHalCam(   89):   HAL_ISP_USER_SAT: 0 
D/NSIspTuning::ParamctrlComm_user(   89): [+setIspUserIdx_Sat] (old, new)=(1, 0)
D/ImgSensorDrv(   89): [ImgSensorDrv] getInstance 
D/scenario/mHalCam(   89):   HAL_ISP_USER_EDGE: 1 
D/NSIspTuning::ParamctrlComm_user(   89): [+setIspUserIdx_Edge] (old, new)=(1, 1)
D/ImgSensorDrv(   89): [ImgSensorDrv] getInstance 
D/scenario/mHalCam(   89):   HAL_ISP_USER_CONTRAST: 1 
D/NSIspTuning::ParamctrlComm_user(   89): [+setIspUserIdx_Contrast] (old, new)=(1, 1)
D/ImgSensorDrv(   89): [ImgSensorDrv] getInstance 
D/scenario/mHalCam(   89):   ISP_CMD_SET_SCENE_MODE: 0 
D/NSIspTuning::ParamctrlComm_attributes(   89): [+setSceneMode] scene(old, new)=(0, 0)
D/ImgSensorDrv(   89): [ImgSensorDrv] getInstance 
D/scenario/mHalCam(   89):   ISP_CMD_SET_EFFECT: 0 
D/NSIspTuning::ParamctrlComm_attributes(   89): [+setEffect] effect(old, new)=(0, 0)
D/ImgSensorDrv(   89): [ImgSensorDrv] getInstance 
D/scenario/mHalCam(   89):   capMode: 0 
D/scenario/mHalCam(   89):   fdMode: 0 
D/scenario/mHalCam(   89):  eisMode: 0 
D/aaa_hal_yuv(   89):  [set3AParam] Cmd = 0x1009, Param= 0xfa0 
D/aaa_hal_yuv(   89):  [set3AParam] Cmd = 0x100e, Param= 0x0 
D/aaa_hal_yuv(   89):  Error command 
D/scenario/mHalCam(   89): [mHalCam3AInit, 0 time] =====> 70 ms 
I/mHalCam (   89): {FlickerService}[FlickerService::setFlickerMode] (old,new)=(-1,0) video recording?(0)
D/aaa_hal_yuv(   89):  [set3AParam] Cmd = 0x1007, Param= 0x0 
I/mHalCam (   89): {FlickerService}[disableAutoDetection] do nothing
D/pipe/CamIO(   89): [setPreviewZoom]zoomVal = 100
D/IspHal  (   89): [sendCommand]ISP_HAL_CMD_GET_SENSOR_PRV_RANGE
D/pipe/CamIO(   89): srcW = 416, srcH = 304, dstW = 416, dstH = 304
I/MDP     (   89): [MDP INFO](89): Zoom Crop      = x: 0 y: 0, w: 416, h: 304 
I/MDP     (   89): [MDP INFO](89): Zoom Real Crop = x: 0 y: 0, w: 416, h: 304 
I/mHalCam (   89): {FlickerService}[setWindowInfo] (w,h)=(624,448)
D/scenario/mHalCam(   89): Got semMainHigh 
D/scenario/mHalCam(   89): [mHalCamPreviewProc] E 
D/scenario/mHalCam(   89): [mHalCamWaitPreviewStable] 
D/scenario/mHalCam(   89): [mHalCamWaitPreviewStable] delay 2 frames for 3A Statistic Stable
D/pipe/CamIO(   89): [dropPreviewFrame] E 
D/pipe/CamIO(   89): [getPreviewFrame] port id = 1
D/scenario/mHalCam(   89): [mHalCamPreviewStart, 0 time] =====> 151 ms 
D/scenario/mHalCam(   89): [mHalCamPreviewStart] X 
D/FTM     (   89): PREVIEW_Start 
D/scenario/mHalCam(   89): [_prvIndicatorThread] create (pid,tid)=(89,653), (policy, priority) = (0, -20)
D/scenario/mHalCam(   89): [mHalCamPrvIndicatorThread] start (pid, tid) = (89, 653)
I/logwrapper(  651): /system/bin/ami304d terminated by exit(255)
D/pipe/CamIO(   89): [dropPreviewFrame] disp cnt:1
D/pipe/CamIO(   89): [releasePreviewFrame] portID = 1 
D/pipe/CamIO(   89): [dropPreviewFrame] E 
D/pipe/CamIO(   89): [getPreviewFrame] port id = 1
D/pipe/CamIO(   89): [dropPreviewFrame] disp cnt:1
D/pipe/CamIO(   89): [releasePreviewFrame] portID = 1 
D/ImgSensorDrv(   89): [getSensorDelayFrameCnt] mode = 0
D/scenario/mHalCam(   89): [mHalCamWaitPreviewStable] delayFrame: 4 for sensor stable
D/scenario/mHalCam(   89): [mHalCam3AProc] State, Pre: 0x1, Now: 0x100 
D/aaa_hal_yuv(   89):  Hal3AYuv::setState, aaa_state=0, m_bIsdummylens=1
D/APPCCTCtrl(   89): [cameraCallback] AF Callback 
D/pipe/CamIO(   89): [dropPreviewFrame] E 
D/pipe/CamIO(   89): [getPreviewFrame] port id = 1
W/MDP     (   89): [MDP W](649): _SwTriggerWorkingByIndex(): dst_port2 drop 1 frame
D/pipe/CamIO(   89): [dropPreviewFrame] disp cnt:1
D/pipe/CamIO(   89): [releasePreviewFrame] portID = 1 
D/pipe/CamIO(   89): [dropPreviewFrame] E 
D/pipe/CamIO(   89): [getPreviewFrame] port id = 1
W/MDP     (   89): [MDP W](649): _SwTriggerWorkingByIndex(): dst_port2 drop 2 frame
D/pipe/CamIO(   89): [dropPreviewFrame] disp cnt:1
D/pipe/CamIO(   89): [releasePreviewFrame] portID = 1 
D/pipe/CamIO(   89): [dropPreviewFrame] E 
D/pipe/CamIO(   89): [getPreviewFrame] port id = 1
W/MDP     (   89): [MDP W](649): _SwTriggerWorkingByIndex(): dst_port2 drop 3 frame
D/pipe/CamIO(   89): [dropPreviewFrame] disp cnt:1
D/pipe/CamIO(   89): [releasePreviewFrame] portID = 1 
D/pipe/CamIO(   89): [dropPreviewFrame] E 
D/pipe/CamIO(   89): [getPreviewFrame] port id = 1
E/IPCThreadState(  659): IPCThread::waitForResponse checking error 3 : -32
W/MDP     (   89): [MDP W](649): _SwTriggerWorkingByIndex(): dst_port2 drop 4 frame
D/pipe/CamIO(   89): [dropPreviewFrame] disp cnt:1
D/pipe/CamIO(   89): [releasePreviewFrame] portID = 1 
D/pipe/CamIO(   89): [getPreviewFrame] port id = 1
E/IPCThreadState(  661): IPCThread::waitForResponse checking error 3 : -32
W/MDP     (   89): [MDP W](649): _SwTriggerWorkingByIndex(): dst_port2 drop 5 frame
D/scenario/mHalCam(   89): [mHalCamPreviewProc]  DISP hwIndex: 2, fillCnt: 1, timeS = 1362852323, timeUs = 868624
D/pipe/CamIO(   89): [releasePreviewFrame] portID = 1 
D/scenario/mHalCam(   89): [mHalCamEISProc] GmvX = 0, GmvY = 0
D/scenario/mHalCam(   89): [mHalCamPreviewProc] Brocast the preview frame in frameCnt:1 E 
D/pipe/CamIO(   89): [getPreviewFrame] port id = 1
W/MDP     (   89): [MDP W](649): _SwTriggerWorkingByIndex(): dst_port2 drop 6 frame
D/scenario/mHalCam(   89): [mHalCamPreviewProc]  DISP hwIndex: 3, fillCnt: 1, timeS = 1362852323, timeUs = 953204
D/pipe/CamIO(   89): [releasePreviewFrame] portID = 1 
D/scenario/mHalCam(   89): [mHalCamEISProc] GmvX = 1560, GmvY = 0
D/scenario/mHalCam(   89): [mHalCamPreviewProc] Brocast the preview frame in frameCnt:2 E 
D/pipe/CamIO(   89): [getPreviewFrame] port id = 1
W/MDP     (   89): [MDP W](649): _SwTriggerWorkingByIndex(): dst_port2 drop 7 frame
D/scenario/mHalCam(   89): [mHalCamPreviewProc]  DISP hwIndex: 0, fillCnt: 1, timeS = 1362852324, timeUs = 54416
D/pipe/CamIO(   89): [releasePreviewFrame] portID = 1 
D/scenario/mHalCam(   89): [mHalCamEISProc] GmvX = 1950, GmvY = 0
D/scenario/mHalCam(   89): [mHalCamPreviewProc] Brocast the preview frame in frameCnt:3 E 
D/pipe/CamIO(   89): [getPreviewFrame] port id = 1
W/MDP     (   89): [MDP W](649): _SwTriggerWorkingByIndex(): dst_port2 drop 8 frame
D/scenario/mHalCam(   89): [mHalCamPreviewProc]  DISP hwIndex: 1, fillCnt: 1, timeS = 1362852324, timeUs = 155670
D/pipe/CamIO(   89): [releasePreviewFrame] portID = 1 
D/scenario/mHalCam(   89): [mHalCamEISProc] GmvX = 487, GmvY = 0
D/scenario/mHalCam(   89): [mHalCamPreviewProc] Brocast the preview frame in frameCnt:4 E 
D/pipe/CamIO(   89): [getPreviewFrame] port id = 1
W/MDP     (   89): [MDP W](649): _SwTriggerWorkingByIndex(): dst_port2 drop 9 frame
D/scenario/mHalCam(   89): [mHalCamPreviewProc]  DISP hwIndex: 2, fillCnt: 1, timeS = 1362852324, timeUs = 256916
D/pipe/CamIO(   89): [releasePreviewFrame] portID = 1 
D/scenario/mHalCam(   89): [mHalCamEISProc] GmvX = 1681, GmvY = 0
D/scenario/mHalCam(   89): [mHalCamPreviewProc] Brocast the preview frame in frameCnt:5 E 
D/pipe/CamIO(   89): [getPreviewFrame] port id = 1
W/MDP     (   89): [MDP W](649): _SwTriggerWorkingByIndex(): dst_port2 drop 10 frame
D/scenario/mHalCam(   89): [mHalCamPreviewProc]  DISP hwIndex: 3, fillCnt: 1, timeS = 1362852324, timeUs = 358409
D/scenario/mHalCam(   89): [preview]Current fps: 6 
D/pipe/CamIO(   89): [releasePreviewFrame] portID = 1 
D/scenario/mHalCam(   89): [mHalCamEISProc] GmvX = 1980, GmvY = 0
D/scenario/mHalCam(   89): [mHalCamPreviewProc] Brocast the preview frame in frameCnt:6 E 
D/pipe/CamIO(   89): [getPreviewFrame] port id = 1
W/MDP     (   89): [MDP W](649): _SwTriggerWorkingByIndex(): dst_port2 drop 11 frame
D/scenario/mHalCam(   89): [mHalCamPreviewProc]  DISP hwIndex: 0, fillCnt: 1, timeS = 1362852324, timeUs = 459971
D/pipe/CamIO(   89): [releasePreviewFrame] portID = 1 
D/scenario/mHalCam(   89): [mHalCamEISProc] GmvX = 1743, GmvY = 0
D/scenario/mHalCam(   89): [mHalCamPreviewProc] Brocast the preview frame in frameCnt:7 E 
D/pipe/CamIO(   89): [getPreviewFrame] port id = 1
W/MDP     (   89): [MDP W](649): _SwTriggerWorkingByIndex(): dst_port2 drop 12 frame
D/scenario/mHalCam(   89): [mHalCamPreviewProc]  DISP hwIndex: 1, fillCnt: 1, timeS = 1362852324, timeUs = 561504
D/pipe/CamIO(   89): [releasePreviewFrame] portID = 1 
D/scenario/mHalCam(   89): [mHalCamEISProc] GmvX = 1995, GmvY = 0
D/scenario/mHalCam(   89): [mHalCamPreviewProc] Brocast the preview frame in frameCnt:8 E 
D/pipe/CamIO(   89): [getPreviewFrame] port id = 1
W/MDP     (   89): [MDP W](649): _SwTriggerWorkingByIndex(): dst_port2 drop 13 frame
D/scenario/mHalCam(   89): [mHalCamPreviewProc]  DISP hwIndex: 2, fillCnt: 1, timeS = 1362852324, timeUs = 663028
D/pipe/CamIO(   89): [releasePreviewFrame] portID = 1 
D/scenario/mHalCam(   89): [mHalCamEISProc] GmvX = 498, GmvY = 0
D/scenario/mHalCam(   89): [mHalCamPreviewProc] Brocast the preview frame in frameCnt:9 E 
D/pipe/CamIO(   89): [getPreviewFrame] port id = 1
W/MDP     (   89): [MDP W](649): _SwTriggerWorkingByIndex(): dst_port2 drop 14 frame
D/scenario/mHalCam(   89): [mHalCamPreviewProc]  DISP hwIndex: 3, fillCnt: 1, timeS = 1362852324, timeUs = 764562
D/pipe/CamIO(   89): [releasePreviewFrame] portID = 1 
D/scenario/mHalCam(   89): [mHalCamEISProc] GmvX = 124, GmvY = 0
D/scenario/mHalCam(   89): [mHalCamPreviewProc] Brocast the preview frame in frameCnt:10 E 
D/pipe/CamIO(   89): [getPreviewFrame] port id = 1
W/MDP     (   89): [MDP W](649): _SwTriggerWorkingByIndex(): dst_port2 drop 15 frame
D/scenario/mHalCam(   89): [mHalCamPreviewProc]  DISP hwIndex: 0, fillCnt: 1, timeS = 1362852324, timeUs = 866102
D/pipe/CamIO(   89): [releasePreviewFrame] portID = 1 
D/scenario/mHalCam(   89): [mHalCamEISProc] GmvX = 31, GmvY = 0
D/scenario/mHalCam(   89): [mHalCamPreviewProc] Brocast the preview frame in frameCnt:11 E 
D/pipe/CamIO(   89): [getPreviewFrame] port id = 1
W/MDP     (   89): [MDP W](649): _SwTriggerWorkingByIndex(): dst_port2 drop 16 frame
D/scenario/mHalCam(   89): [mHalCamPreviewProc]  DISP hwIndex: 1, fillCnt: 1, timeS = 1362852324, timeUs = 967640
D/pipe/CamIO(   89): [releasePreviewFrame] portID = 1 
D/scenario/mHalCam(   89): [mHalCamEISProc] GmvX = 7, GmvY = 0
D/scenario/mHalCam(   89): [mHalCamPreviewProc] Brocast the preview frame in frameCnt:12 E 
D/pipe/CamIO(   89): [getPreviewFrame] port id = 1
W/MDP     (   89): [MDP W](649): _SwTriggerWorkingByIndex(): dst_port2 drop 17 frame
D/scenario/mHalCam(   89): [mHalCamPreviewProc]  DISP hwIndex: 2, fillCnt: 1, timeS = 1362852325, timeUs = 69199
D/pipe/CamIO(   89): [releasePreviewFrame] portID = 1 
D/scenario/mHalCam(   89): [mHalCamEISProc] GmvX = 1, GmvY = 0
D/scenario/mHalCam(   89): [mHalCamPreviewProc] Brocast the preview frame in frameCnt:13 E 
D/pipe/CamIO(   89): [getPreviewFrame] port id = 1
W/MDP     (   89): [MDP W](649): _SwTriggerWorkingByIndex(): dst_port2 drop 18 frame
D/scenario/mHalCam(   89): [mHalCamPreviewProc]  DISP hwIndex: 3, fillCnt: 1, timeS = 1362852325, timeUs = 170732
D/pipe/CamIO(   89): [releasePreviewFrame] portID = 1 
D/scenario/mHalCam(   89): [mHalCamEISProc] GmvX = 0, GmvY = 0
D/scenario/mHalCam(   89): [mHalCamPreviewProc] Brocast the preview frame in frameCnt:14 E 
D/pipe/CamIO(   89): [getPreviewFrame] port id = 1
W/MDP     (   89): [MDP W](649): _SwTriggerWorkingByIndex(): dst_port2 drop 19 frame
D/scenario/mHalCam(   89): [mHalCamPreviewProc]  DISP hwIndex: 0, fillCnt: 1, timeS = 1362852325, timeUs = 272259
D/pipe/CamIO(   89): [releasePreviewFrame] portID = 1 
D/scenario/mHalCam(   89): [mHalCamEISProc] GmvX = 624, GmvY = 0
D/scenario/mHalCam(   89): [mHalCamPreviewProc] Brocast the preview frame in frameCnt:15 E 
D/pipe/CamIO(   89): [getPreviewFrame] port id = 1
W/MDP     (   89): [MDP W](649): _SwTriggerWorkingByIndex(): dst_port2 drop 20 frame
D/scenario/mHalCam(   89): [mHalCamPreviewProc]  DISP hwIndex: 1, fillCnt: 1, timeS = 1362852325, timeUs = 373810
D/scenario/mHalCam(   89): [preview]Current fps: 10 
D/pipe/CamIO(   89): [releasePreviewFrame] portID = 1 
D/scenario/mHalCam(   89): [mHalCamEISProc] GmvX = 156, GmvY = 0
D/scenario/mHalCam(   89): [mHalCamPreviewProc] Brocast the preview frame in frameCnt:16 E 
D/pipe/CamIO(   89): [getPreviewFrame] port id = 1
W/MDP     (   89): [MDP W](649): _SwTriggerWorkingByIndex(): dst_port2 drop 21 frame
D/scenario/mHalCam(   89): [mHalCamPreviewProc]  DISP hwIndex: 2, fillCnt: 1, timeS = 1362852325, timeUs = 475352
D/pipe/CamIO(   89): [releasePreviewFrame] portID = 1 
D/scenario/mHalCam(   89): [mHalCamEISProc] GmvX = 975, GmvY = 0
D/scenario/mHalCam(   89): [mHalCamPreviewProc] Brocast the preview frame in frameCnt:17 E 
D/pipe/CamIO(   89): [getPreviewFrame] port id = 1
W/MDP     (   89): [MDP W](649): _SwTriggerWorkingByIndex(): dst_port2 drop 22 frame
D/scenario/mHalCam(   89): [mHalCamPreviewProc]  DISP hwIndex: 3, fillCnt: 1, timeS = 1362852325, timeUs = 576936
D/pipe/CamIO(   89): [releasePreviewFrame] portID = 1 
D/scenario/mHalCam(   89): [mHalCamEISProc] GmvX = 243, GmvY = 0
D/scenario/mHalCam(   89): [mHalCamPreviewProc] Brocast the preview frame in frameCnt:18 E 
D/pipe/CamIO(   89): [getPreviewFrame] port id = 1
D/FTM     (   89): [MIUI] msg2133_tpd Magnum
D/FTM     (   89): [MIUI] NOT msg2133_tpd_reset
W/MDP     (   89): [MDP W](649): _SwTriggerWorkingByIndex(): dst_port2 drop 23 frame
D/scenario/mHalCam(   89): [mHalCamPreviewProc]  DISP hwIndex: 0, fillCnt: 1, timeS = 1362852325, timeUs = 678436
D/pipe/CamIO(   89): [releasePreviewFrame] portID = 1 
D/scenario/mHalCam(   89): [mHalCamEISProc] GmvX = 60, GmvY = 0
D/scenario/mHalCam(   89): [mHalCamPreviewProc] Brocast the preview frame in frameCnt:19 E 
D/pipe/CamIO(   89): [getPreviewFrame] port id = 1
W/MDP     (   89): [MDP W](649): _SwTriggerWorkingByIndex(): dst_port2 drop 24 frame
D/scenario/mHalCam(   89): [mHalCamPreviewProc]  DISP hwIndex: 1, fillCnt: 1, timeS = 1362852325, timeUs = 779969
D/pipe/CamIO(   89): [releasePreviewFrame] portID = 1 
D/scenario/mHalCam(   89): [mHalCamEISProc] GmvX = 15, GmvY = 0
D/scenario/mHalCam(   89): [mHalCamPreviewProc] Brocast the preview frame in frameCnt:20 E 
D/pipe/CamIO(   89): [getPreviewFrame] port id = 1
W/MDP     (   89): [MDP W](649): _SwTriggerWorkingByIndex(): dst_port2 drop 25 frame
D/scenario/mHalCam(   89): [mHalCamPreviewProc]  DISP hwIndex: 2, fillCnt: 1, timeS = 1362852325, timeUs = 881508
D/pipe/CamIO(   89): [releasePreviewFrame] portID = 1 
D/scenario/mHalCam(   89): [mHalCamEISProc] GmvX = 627, GmvY = 0
D/scenario/mHalCam(   89): [mHalCamPreviewProc] Brocast the preview frame in frameCnt:21 E 
D/pipe/CamIO(   89): [getPreviewFrame] port id = 1
W/MDP     (   89): [MDP W](649): _SwTriggerWorkingByIndex(): dst_port2 drop 26 frame
D/scenario/mHalCam(   89): [mHalCamPreviewProc]  DISP hwIndex: 3, fillCnt: 1, timeS = 1362852325, timeUs = 983045
D/pipe/CamIO(   89): [releasePreviewFrame] portID = 1 
D/scenario/mHalCam(   89): [mHalCamEISProc] GmvX = 156, GmvY = 0
D/scenario/mHalCam(   89): [mHalCamPreviewProc] Brocast the preview frame in frameCnt:22 E 
D/pipe/CamIO(   89): [getPreviewFrame] port id = 1
W/MDP     (   89): [MDP W](649): _SwTriggerWorkingByIndex(): dst_port2 drop 27 frame
D/scenario/mHalCam(   89): [mHalCamPreviewProc]  DISP hwIndex: 0, fillCnt: 1, timeS = 1362852326, timeUs = 84566
D/pipe/CamIO(   89): [releasePreviewFrame] portID = 1 
D/scenario/mHalCam(   89): [mHalCamEISProc] GmvX = 1599, GmvY = 0
D/scenario/mHalCam(   89): [mHalCamPreviewProc] Brocast the preview frame in frameCnt:23 E 
D/pipe/CamIO(   89): [getPreviewFrame] port id = 1
W/MDP     (   89): [MDP W](649): _SwTriggerWorkingByIndex(): dst_port2 drop 28 frame
D/scenario/mHalCam(   89): [mHalCamPreviewProc]  DISP hwIndex: 1, fillCnt: 1, timeS = 1362852326, timeUs = 186154
D/pipe/CamIO(   89): [releasePreviewFrame] portID = 1 
D/scenario/mHalCam(   89): [mHalCamEISProc] GmvX = 399, GmvY = 0
D/scenario/mHalCam(   89): [mHalCamPreviewProc] Brocast the preview frame in frameCnt:24 E 
D/pipe/CamIO(   89): [getPreviewFrame] port id = 1
D/FTM     (   89): [MIUI] msg2133_tpd Magnum
D/FTM     (   89): [MIUI] NOT msg2133_tpd_reset
W/MDP     (   89): [MDP W](649): _SwTriggerWorkingByIndex(): dst_port2 drop 29 frame
D/scenario/mHalCam(   89): [mHalCamPreviewProc]  DISP hwIndex: 2, fillCnt: 1, timeS = 1362852326, timeUs = 287666
D/pipe/CamIO(   89): [releasePreviewFrame] portID = 1 
D/scenario/mHalCam(   89): [mHalCamEISProc] GmvX = 1347, GmvY = 0
D/scenario/mHalCam(   89): [mHalCamPreviewProc] Brocast the preview frame in frameCnt:25 E 
D/pipe/CamIO(   89): [getPreviewFrame] port id = 1
W/MDP     (   89): [MDP W](649): _SwTriggerWorkingByIndex(): dst_port2 drop 30 frame
D/scenario/mHalCam(   89): [mHalCamPreviewProc]  DISP hwIndex: 3, fillCnt: 1, timeS = 1362852326, timeUs = 389214
D/scenario/mHalCam(   89): [preview]Current fps: 10 
D/pipe/CamIO(   89): [releasePreviewFrame] portID = 1 
D/scenario/mHalCam(   89): [mHalCamEISProc] GmvX = 336, GmvY = 0
D/scenario/mHalCam(   89): [mHalCamPreviewProc] Brocast the preview frame in frameCnt:26 E 
D/pipe/CamIO(   89): [getPreviewFrame] port id = 1
D/FTM     (   89): Key_Confirm Click - Back
D/FTM     (   89): camera_cap_key_handler: Exit thead
D/FTM     (   89): camera_update_capture_tv_thread: Exit
D/FTM     (   89): Stop Camera Preview 
D/ACDK_IF (   89): [MDK_IOControl] Reveive IOControl Code:2001
D/APPCCTCtrl(   89): stopPreview 
D/scenario/mHalCam(   89): [mHalCamPreviewStop] Start 
D/scenario/mHalCam(   89): [mHalCamSetState] Now: 0x0100, Next: 0x0400 
D/scenario/mHalCam(   89): [mHalCamPreviewProc]  DISP hwIndex: 0, fillCnt: 1, timeS = 1362852326, timeUs = 490718
D/pipe/CamIO(   89): [releasePreviewFrame] portID = 1 
D/scenario/mHalCam(   89): [mHalCamEISProc] GmvX = 84, GmvY = 0
D/scenario/mHalCam(   89): [mHalCamPreviewProc] Brocast the preview frame in frameCnt:27 E 
D/scenario/mHalCam(   89): [mHalCamPreviewProc]  exit while 
D/scenario/mHalCam(   89): [mHalCamPreviewProc] End 
D/scenario/mHalCam(   89): [mHalCamPreviewStop] Got semMainNormalBack B 0 
D/pipe/CamIO(   89): [stop], mCurPipeEngine = 0x3 
D/IspHal  (   89): [stop]
D/IspDrv  (   89): [setSubsampleWidth]Enable(0), Input(0), Output(0)
D/IspDrv  (   89): [setSubsampleHeight]Enable(0), Input(0), Output(0)
D/IspDrv  (   89): [control]isEn(0)
I/MDP     (   89): [MDP INFO](89): [stop]
D/pipe/CamIO(   89): [~mHalCamMemPool] poolName = MDPWorkBuf , phyAddr = 0x0, virtAddr = 0x4170a020, size = 758784, PmemFD = -1
D/mHalFlashlight(   89): [mHalFlashlightSetFire]:0 
D/FlashlightDrv(   89): [FlashlightDrv] setFire = 0
D/scenario/mHalCam(   89): [mHalCamStop, 0 time] =====> 0 ms 
D/pipe/CamIO(   89): [setCallbacks] cb:0x0, cookie:0x0
D/        (   89): [EISapp]Disable EIS
D/        (   89): [EISdrv][enableEIS] 0
D/mHalFDVT(   89): [halFDUninit] IN 
D/mHalFDVT(   89): [stop] free M4U ISP read port memory 
D/mHalFDVT(   89): [freeM4UMemory] E 
D/mHalFDVT(   89): [freeM4UMemory] m4uVa = 0x416be020, size = 153600 
D/OvlHal  (   89): OverlayHal::uninit()
D/scenario/mHalCam(   89): [~mHalCamMemPool] poolName = FDWorkBuf , phyAddr = 0x0, virtAddr = 0x416be020, size = 307200, PmemFD = -1
D/scenario/mHalCam(   89): [mHalCamSetState] Now: 0x0400, Next: 0x0001 
D/scenario/mHalCam(   89): [mHalSetResMgr]Mode=1, ModeSub=0, Dev=1
D/ResMgrHal(   89): [SetMode]Mode(1), ModeSub(0), Dev(1)
D/ResMgrDrv(   89): [SetBWC]Mode(1)
D/ResMgrDrv(   89): [SetSysramSwitchbank]En(0)
D/ResMgrDrv(   89): [CloseTvout]En(1)
W/ResMgrDrv(   89): [CloseTvout]Warning(  380):TvOut kernel open fail, errno(2):No such file or directory
D/ResMgrDrv(   89): [ForceHdmiFullscreen]En(1)
W/ResMgrDrv(   89): [ForceHdmiFullscreen]Warning(  517):Hdmi Tx kernel open fail, errno(2):No such file or directory
D/ResMgrHal(   89): [LockMdpBrz]BRZ has been locked
D/ResMgrHal(   89): [SetMode]Result(1)
D/scenario/mHalCam(   89): [mHalCamPrvIndicatorThread] exit (pid, tid) = (89, 653)
D/scenario/mHalCam(   89): [mHalCamPreviewStop] mPrvIndicatorThread back 
D/scenario/mHalCam(   89): [mHalCamPreviewStop, 0 time] =====> 48 ms 
D/ACDK_IF (   89): [MDK_IOControl] Reveive IOControl Code:1002
D/mHalSurfaceView(   89): [vResetLayer] MTKFB_SET_VIDEO_LAYERS, layerNo = 0
D/mHalSurfaceView(   89): [vResetLayer] MTKFB_TRIG_OVERLAY_OUT
D/FTM     (   89): [MIUI] itemview_run 0xc73e8
D/FTM     (   89): [MIUI] msg2133_tpd Magnum
D/FTM     (   89): [MIUI] NOT msg2133_tpd_reset
D/FTM     (   89): [MIUI] KEY:CONFIRM
D/APPCCTCtrl(   89): [uninit] - E
D/scenario/mHalCam(   89): [mHalCamUninit] 
D/scenario/mHalCam(   89): [mHalCamSetState] Now: 0x0001, Next: 0x0800 
D/scenario/mHalCam(   89): Got semMainHigh 
D/scenario/mHalCam(   89): [mHalCamMainHighThread] End 
D/scenario/mHalCam(   89): Got semMainNormal 0 
D/scenario/mHalCam(   89): [mHalCamMainNormalThread] End 
D/scenario/mHalCam(   89): wait for semMainHighEnd & semMainNormalEnd
D/IspHal  (   89): [uninit]mUsers(1)
D/LensDrv (   89): LensDrvuninit() [m_userCnt]0
D/ImgSensorDrv(   89): MATV WORKAROUND - power off
D/ImgSensorDrv(   89): [psFlag]:0
D/ImgSensorDrv(   89): [uninit] mUsers = 1
D/IspDrv  (   89): [uninit]mUsers(1)
D/aaa_hal_yuv(   89):  [Hal3AYuv] destroyInstance  0x8108315c
D/AppFDVT (   89): [stop] free M4U fdvt mWorkingBuffer memory memory 
D/AppFDVT (   89): [freeM4UMemory] E 
D/AppFDVT (   89): [freeM4UMemory] m4uVa = 0x402d3020, size = 464448 
D/AppFDVT (   89): [stop] free M4U fdvt mLearningData memory 
D/AppFDVT (   89): [freeM4UMemory] E 
D/AppFDVT (   89): [freeM4UMemory] m4uVa = 0x40345020, size = 95456 
D/        (   89): [EIShal]uninit - mUsers: 1 
D/        (   89): [EISdrv]uninit - mUsers: 2 
D/        (   89): [EISdrv]Still 1 users 
D/        (   89): [EIShal][sysram free] eUsr=2
D/IspSysramMgr(   89): [syncSysramKDrv]:(err, m_u4RefCount, m_u4UsrMask, m_fdSysramKDrv, m_pu8VirBase)=(0x00000000, 0, 0x00000000, -1, 0x0)
D/        (   89): [EISapp]uninit
D/        (   89): [EISdrv]uninit - mUsers: 1 
D/mHalFlashlight(   89): [mHalFlashlightSetFire]:0 
D/FlashlightDrv(   89): [FlashlightDrv] setFire = 0
D/mHalFlashlight(   89): [mHalFlashlightUninit] 
D/FlashlightDrv(   89): [uninit] mUsers = 1
D/pipe/CamIO(   89): [uninit] E 
D/ResMgrHal(   89): [Uninit]mInitCount(2)
D/scenario/mHalCam(   89): [mHalSetResMgr]Mode=0, ModeSub=0, Dev=1
D/ResMgrHal(   89): [SetMode]Mode(0), ModeSub(0), Dev(1)
D/ResMgrDrv(   89): [SetBWC]Mode(0)
D/ResMgrDrv(   89): [SetSysramSwitchbank]En(1)
D/ResMgrDrv(   89): [CloseTvout]En(0)
W/ResMgrDrv(   89): [CloseTvout]Warning(  380):TvOut kernel open fail, errno(2):No such file or directory
D/ResMgrDrv(   89): [ForceHdmiFullscreen]En(0)
W/ResMgrDrv(   89): [ForceHdmiFullscreen]Warning(  517):Hdmi Tx kernel open fail, errno(2):No such file or directory
D/ResMgrHal(   89): [LockMdpBrz]BRZ unlocked OK
D/ResMgrHal(   89): [SetMode]Result(1)
D/ResMgrHal(   89): [Uninit]mInitCount(1)
D/ResMgrHal(   89): [Uninit]unlock ISP
D/ResMgrDrv(   89): [UnlockRes]Unlock OK, ModeMask(0x00000001)
D/APPCCTCtrl(   89): [uninit] unregisterBuffer addr = 0x41589020
D/APPCCTCtrl(   89): [uninit] unregisterBuffer addr = 0x415c6c20
D/APPCCTCtrl(   89): [uninit] unregisterBuffer addr = 0x41604820
D/APPCCTCtrl(   89): [uninit] unregisterBuffer addr = 0x41642420
D/APPCCTCtrl(   89): [uninit] unregisterBuffer addr = 0x41680020
D/mHalSurfaceView(   89): [uninit] E
D/APPCCTCtrl(   89): [uninit] - mImageBuf E
D/APPCCTCtrl(   89): [uninit] - mSurfaceBuf E
D/APPCCTCtrl(   89): [uninit] - X 
D/AcdkCalibration(   89):  unInit AcdkCalibration Tool
D/APPCCTCtrl(   89): [~AppCCTCtrl] - E 
D/mHalSurfaceView(   89): ~mHalSurfaceView() E 
D/CCTIF   (   89): [~CCTIF] E
D/scenario/mHalCam(   89): [mHalCamFreeZSDMem], non buffer released 
D/AcdkCalibration(   89):  AcdkCalibration Disconstructor
D/AcdkImgTool(   89):  AcdkImgTool Deconstructor 
D/FTM     (   89): [MAIN] Save test result to 
D/FTM     (   89): [MAIN]   Version=1
D/FTM     (   89): [MAIN]   Keys=1
D/FTM     (   89): [MAIN]   Touch Panel=0
D/FTM     (   89): [MAIN]   LCD Color=1
D/FTM     (   89): [MAIN]   LCD Contrast=1
D/FTM     (   89): [MAIN]   Memory Card=1
D/FTM     (   89): [MAIN]   SIM1 Detect=1
D/FTM     (   89): [MAIN]   SIM2 Detect=1
D/FTM     (   89): [MAIN]   Vibrator=1
D/FTM     (   89): [MAIN]   LED=1
D/FTM     (   89): [MAIN]   Speaker Test=1
D/FTM     (   89): [MAIN]   Receiver=1
D/FTM     (   89): [MAIN]   Loopback=1
D/FTM     (   89): [MAIN]   Headset=1
D/FTM     (   89): [MAIN]   G-Sensor Calibration=1
D/FTM     (   89): [MAIN]   G-Sensor=1
D/FTM     (   89): [MAIN]   ALS/PS=1
D/FTM     (   89): [MAIN]   Main Camera=1
D/FTM     (   89): [MAIN]   Sub Camera=1
D/FTM     (   89): [MAIN]   GPS-Power=1
D/FTM     (   89): [MAIN]   FM Radio=1
D/FTM     (   89): [MAIN]   Bluetooth=1
D/FTM     (   89): [MAIN]   Wi-Fi=1
D/FTM     (   89): [MAIN]   Battery & Charger=1
D/FTM     (   89): [MAIN]   Idle Current=1
D/FTM     (   89): [MAIN] GPS-Power:3
D/FTM     (   89): [GPS]   gps_power_entry
D/FTM     (   89): [GPS]   gps_run_service: wait pid = 662
I//system/bin/factory(   80): Starting GpsRun to run [Factory_High_SNR] job from [/system/etc/gpsconfig.xml] file
I//system/bin/factory(   80): /home/johnlee/GPS_Tinno/broadcom_SDK_support_glonass_0524/3.19.4.131779/vendor/broadcom/gps/allPartners/deliverables/glgpsapp/unix/../../../../allPartners/deliverables/glgpsapp/unix/main.c 65 The file [/tmp/-c.pid] could not be created, error [No such file or directory]
I//system/bin/factory(   80): Adjust [RUN_DIR] in Makefile.$(CUST)$(PLATF).mak to a valid directory
I//system/bin/factory(   80): 20:05:27.581 NVRAM directory [/data/gps/] created (2:No such file or directory)!
I//system/bin/factory(   80): 20:05:27.584 OpenFifo: Created new fifo [/data/gps/glgpsctrl].
I//system/bin/factory(   80): 20:05:27.584 OpenFifo: Opened "/data/gps/glgpsctrl"
I//system/bin/factory(   80): 20:05:27.584 SUPL: Certificate Path : /system/etc/security/
I//system/bin/factory(   80): 20:05:27.584 SUPL: TLS enable = 1
I//system/bin/factory(   80): 20:05:27.617 SUPL: Certificate Path : /system/etc/security/
I//system/bin/factory(   80): 20:05:27.617 SUPL: TLS enable = 1
I//system/bin/factory(   80): 20:05:27.631 (GpsHalLcsApiStart)
I//system/bin/factory(   80): 20:05:27.631 getmatchenv missing ANDROID_SOCKET_PREFIX_LCS ANDROID_SOCKET_gps
I//system/bin/factory(   80): 20:05:27.631 GpsHalPlatfCmdLcsApiInit: -1
I//system/bin/factory(   80): 20:05:27.631 LCSAPI_I: LCS socket /data/gps/gps
I//system/bin/factory(   80): 20:05:27.632 GpsHalPlatfCmdLcsApiInit: 29
I//system/bin/factory(   80): 20:05:27.632 GpsHalAiding::Init()
I//system/bin/factory(   80): 20:05:27.640 *** SYNPARSER: E=-5 in file XML CFG line(351) col(13) unexpected attribute (1) "AvgeragingIntervalSec"
I//system/bin/factory(   80): *** SYNPARSER: E=-5 in file XML CFG line(351) col(13) unexpected attribute (1) "AvgeragingIntervalSec"
I//system/bin/factory(   80): 20:05:27.640 *** SYNPARSER: E=-5 in file XML CFG line(351) col(35) unexpected attribute (1) "10"
I//system/bin/factory(   80): *** SYNPARSER: E=-5 in file XML CFG line(351) col(35) unexpected attribute (1) "10"
I//system/bin/factory(   80): 20:05:27.641 ---TASK---<Factory_High_SNR-test>---TASK---|1 of 100| sleep 0ms
I//system/bin/factory(   80): 20:05:27.641 BRM: GlRequest::MakeFactTestReq(6, -8, 3, 1, 60, 10)
I//system/bin/factory(   80): 20:05:27.649 nSTANDBY/REGPU GPIO path [/sys/class/rfkill/rfkill1/state]
I//system/bin/factory(   80): 20:05:27.649 nSTANDBY/REGPU GPIO path [/sys/class/rfkill/rfkill1/state]
I//system/bin/factory(   80): 20:05:27.795 GpsHalGpio_writesysfs pin [1] value[1
I//system/bin/factory(   80): ] successful
I//system/bin/factory(   80): 20:05:27.795 Power enable delay: 100ms
I//system/bin/factory(   80): 20:05:27.895 asic com thru TTY
I//system/bin/factory(   80): 20:05:27.895 GpsHalPlatfTTYOpen("/dev/ttyMT0",115200)
I//system/bin/factory(   80): 20:05:27.896 GpsHalPlatfTTYOpen(GPS: OPEN: 30)
I//system/bin/factory(   80): 20:05:27.896 LCSAPI_D: LCS: (lcsapi_ongpsstatus) 1
I//system/bin/factory(   80): 20:05:27.915 BRM: GlRequest::OnStart()
E/logwrapper(  665): executing /system/bin/ami304d failed: No such file or directory
I/logwrapper(  664): /system/bin/ami304d terminated by exit(255)
E/IPCThreadState(  671): IPCThread::waitForResponse checking error 3 : -32
E/IPCThreadState(  673): IPCThread::waitForResponse checking error 3 : -32
I//system/bin/factory(   80): 20:05:29.065 NvStorageToIgnore in GlctGlEngCbOnNvStgRead [5F|0]
I//system/bin/factory(   80): 20:05:29.065 NVRAM file [/data/gps/gldata.sto] opened for reading
I//system/bin/factory(   80): 20:05:29.066 Closed NVRAM file
I//system/bin/factory(   80): 20:05:29.066 OpenFifo: Opened "/data/gps/gpspipe"
I//system/bin/factory(   80): 20:05:29.067 GpsHalNmeaWrite: [cat /data/gps/gpspipe] to read NMEA and continue
I//system/bin/factory(   80): [cat /data/gps/gpspipe] to stream out NMEA
I//system/bin/factory(   80): 20:05:29.085 BRM: GlRequest::OnFactTest()
I//system/bin/factory(   80): 20:05:29.085 SUPL_H: GlArpSuplEvents
I//system/bin/factory(   80): 20:05:29.086 SUPL_H: supl_enabled=1
I//system/bin/factory(   80): 20:05:29.086 SUPL: GLCTEV_PAL_GLL_ASST_REQ received
I//system/bin/factory(   80): 20:05:29.086 SUPL_H: pthread_create(&thread,0, rti_start, 0)
I//system/bin/factory(   80): 20:05:29.087 SUPL_H: rti_answer:415: ERROR gethostbyname: err-code=0(Unknown error: 0)
D/FTM     (   89): [GPS]   gps_run_service: wait loop = 1
D/FTM     (   89): [MIUI] itemview_set_title
D/FTM     (   89): [MIUI] itemview_set_items
D/FTM     (   89): [MIUI] itemview_run 0xcb4c0
D/FTM     (   89): [GPS]   gps_power_update_iv_thread: Start
I//system/bin/factory(   80): 20:05:30.065 BRM: GlRequest::OnFactTest()
D/FTM     (   89): [GPS]   gps_power_update_iv_thread: Exit
I//system/bin/factory(   80): 20:05:31.065 BRM: GlRequest::OnFactTest()
I//system/bin/factory(   80): 20:05:32.065 BRM: GlRequest::OnFactTest()
D/FTM     (   89): [MIUI] msg2133_tpd Magnum
D/FTM     (   89): [MIUI] NOT msg2133_tpd_reset
D/FTM     (   89): [MIUI] KEY:CONFIRM
D/FTM     (   89): [GPS]   gps_power_entry, chosen = 0
D/FTM     (   89): [GPS]   gps_power_entry ITEM_FAIL
D/FTM     (   89): [GPS]   gps_power_entry, gps->exit_thd = true
D/FTM     (   89): [GPS]   GPS_Close() 1
D/FTM     (   89): [MAIN] Save test result to 
D/FTM     (   89): [MAIN]   Version=1
D/FTM     (   89): [MAIN]   Keys=1
D/FTM     (   89): [MAIN]   Touch Panel=0
D/FTM     (   89): [MAIN]   LCD Color=1
D/FTM     (   89): [MAIN]   LCD Contrast=1
D/FTM     (   89): [MAIN]   Memory Card=1
D/FTM     (   89): [MAIN]   SIM1 Detect=1
D/FTM     (   89): [MAIN]   SIM2 Detect=1
D/FTM     (   89): [MAIN]   Vibrator=1
D/FTM     (   89): [MAIN]   LED=1
D/FTM     (   89): [MAIN]   Speaker Test=1
D/FTM     (   89): [MAIN]   Receiver=1
D/FTM     (   89): [MAIN]   Loopback=1
D/FTM     (   89): [MAIN]   Headset=1
D/FTM     (   89): [MAIN]   G-Sensor Calibration=1
D/FTM     (   89): [MAIN]   G-Sensor=1
D/FTM     (   89): [MAIN]   ALS/PS=1
D/FTM     (   89): [MAIN]   Main Camera=1
D/FTM     (   89): [MAIN]   Sub Camera=1
D/FTM     (   89): [MAIN]   GPS-Power=1
D/FTM     (   89): [MAIN]   FM Radio=1
D/FTM     (   89): [MAIN]   Bluetooth=1
D/FTM     (   89): [MAIN]   Wi-Fi=1
D/FTM     (   89): [MAIN]   Battery & Charger=1
D/FTM     (   89): [MAIN]   Idle Current=1
D/FTM     (   89): [MAIN] FM Radio:7
D/FTM     (   89): [FM] fm_entry
D/FTM     (   89): [MIUI] itemview_set_title
D/FTM     (   89): [MIUI] itemview_set_items
D/        (   89): Common_Audio_init bMetaAudioInited == true, already init!!
D/FTM     (   89): [FM] preferred_freq 0 can't get
D/FTM     (   89): [FM] preferred_freq 1 can't get
D/FTM     (   89): [FM] preferred_freq 2 can't get
D/FTM     (   89): [FM] preferred_freq 3 can't get
D/FTM     (   89): [MIUI] itemview_run 0xcf508
D/FTM     (   89): [FM] fm_update_thread: Start
I/bluedroid(   89): fm_enable
I/bluedroid(   89): BTOFF_FMOFF_handling
I/bluedroid(   89): BTOFF_FMOFF_handling : receiving FM_ON
E/bluedroid(   89): =======buffer=1====
I/bluedroid(   89): ======hciattach_starting=0====is_hciattach_enabled=1
E/bluedroid(   89): =======buffer=1====
I/bluedroid(   89): Start hciattach daemon successed
I/bluedroid(   89): Starting btld...
I/bluedroid(   89): dtun_property_is_active : service.brcm.bt.fm.active=0
D/BTL-SERVER(  678): /system/bin/btld:pid:678, main(): calling set_aid_and_cap
D/BTL-SERVER(  678): in set_aid_and_cap() pid:678
V/BTL_CFG (  678): btl_cfg_get_btld_status: service.brcm.bt.btld=0
E/BTL-SERVER(  678): BTLD starting...
E/BTLD    (  678): ##### ERROR : main: main :: BTLD starting 
E/BTLD    (  678):  #####
V/BTL_CFG (  678): btl_cfg_set_btld_status: service.brcm.bt.btld=1, ret=0
V/BTL_CFG (  678): btld_cfg_btld_pid : service.brcm.bt.btld_pid = 678
V/BTL_CFG (  678): btl_cfg_set_btld_pid success : service.brcm.bt.btld_pid = 678, ret = 0
I/BTL-SERVER(  678): BTE version BCM1200_MI_10.3.16.26
I/BTL-SERVER(  678): btld version BTLZ_MI_235.10.0.5 starting...
I/BTL-SERVER(  678): Build time: Nov  2 2011 06:13:34
I/BTL_CFG (  678): btl_cfg_get_bdaddr: auto BDA=4325666A30D4
E/BTL_CFG (  678): WARNING : [service.brcm.bt.patchfile] property_get failed (0)
I/BTL_CFG (  678): btl_cfg_get_3way_conf_support: service.brcm.bt.3way_support=true
E/BTL_CFG (  678): WARNING : [service.brcm.bt.bt_wake_polar] property_get failed (0)
I/BTL_CFG (  678): btl_cfg_get_lpm_params: service.brcm.bt.bt_wake_polar=0
E/BTL_CFG (  678): WARNING : [service.brcm.bt.host_wake_polar] property_get failed (0)
I/BTL_CFG (  678): btl_cfg_get_lpm_params: service.brcm.bt.host_wake_polar=0
E/BTL_CFG (  678): WARNING : [service.brcm.bt.pcm_clk] property_get failed (0)
E/BTL_CFG (  678): WARNING : [service.brcm.bt.pcm_ms_role] property_get failed (0)
I/BTL_CFG (  678): btl_cfg_get_contacts_db: service.brcm.bt.contacts_db=/data/data/com.android.providers.contacts/databases/contacts2.db
D/BTL-SERVER(  678): btld_set_nice_prio(): PRIO_PROCESS: 0, nice increment:-2
E/BTL-SERVER(  678): ############### BTE_InitHW: Rfkill from Btld is skipped ...######
I/USERIAL_LINUX(  678): USERIAL_Init
I/GKI_LINUX(  678): GKI creating JOINABLE task 2
I/GKI_LINUX(  678): Leaving GKI_create_task ca58 2 71120 APPL 64630 0
I/GKI_LINUX(  678): GKI creating JOINABLE task 1
I/GKI_LINUX(  678): Leaving GKI_create_task 39498 1 71160 BTU 64630 0
I/GKI_LINUX(  678): GKI creating JOINABLE task 0
I/GKI_LINUX(  678): Leaving GKI_create_task ae88 0 711a0 HCI 64630 0
W/BTLD    (  678): gki_set_timer_scheduling(()::scheduler current policy: 0
I/GKI_LINUX(  678): GKI_run 
I/GKI_LINUX(  678): gki_task_entry task_id=0
I/BLUEZ_HCI(  678): HCISOCK_Open
I/BLUEZ_HCI(  678): Leaving USERIAL_Open
I/GKI_LINUX(  678): gki_task_entry task_id=1
E/BTLD    (  678): ################ btm_dev_init: SKIPPING HCI RESET ########
E/BTLD    (  678): #################### SKIPPING PATCHRAM DOWNLOAD ###################
E/BTLD    (  678): ########### SKIPPING READING PARAMETERS STEP#######
V/BTL_CFG (  678): btl_cfg_get_soft_onoff_enabled : service.brcm.bt.soft_onoff = 0
E/BTL_CFG (  678): WARNING : [service.brcm.bt.TRC_BTAPP] property_get failed (0)
D/BTLD    (  678): [bttrc] using compile default trace settings
I/GKI_LINUX(  678): gki_task_entry task_id=2
I/BTAPP_FM(  678): BTAPP_FM: Initialized IFS (res = 0)
I/BTLD    (  678): BTL_IF_RegisterSubSystem: Registered subsystem [FM]
I/BTAPP_FM(  678): BTAPP_FM: Registered IFS (res = 0)
I/BTL-IFS-WRAPPER(  678): wrp_sock_create: wrp_sock_create : created socket (fd 13)
D/BTL-IFS-WRAPPER(  678): DTUN_MAKE_LOCAL_SERVER_NAME return name: brcm.bt.dtun.9000
D/BTL-IFS-WRAPPER(  678): wrp_sock_bind: btl_ifs:wrp_sock_bind:socket_local_server_bind result:0 server_name:brcm.bt.dtun.9000
D/BTL-IFS-WRAPPER(  678): wrp_sock_bind: socket_local_server_bind on port 9000
I/BTL-IFS-WRAPPER(  678): wrp_sock_listen: wrp_sock_listen : (CTRL) listening on brcm.bt.dtun:9000 (13)
I//system/bin/btld(  677): gki_alloc_free_queue in, id:3 
I//system/bin/btld(  677): gki_alloc_free_queue calling  gki_init_free_queue, id:3  size:1712, totol:50
I//system/bin/btld(  677): gki_alloc_free_queue ret OK, id:3  size:1712, totol:50
I/bluedroid(   89): dtun_property_is_active : service.brcm.bt.fm.active=1
I/bluedroid(   89): BTLD start retry count 2/20
I/bluedroid(   89): Starting daemons... Done!
I/bluedroid(   89): New state is BTOFF_FMON_handling
D/        (   89): FMLoopbackTest bEnable=1
D/        (   89): FMLoopbackTest for 6575.
D/        (   89): Audio_Set_Speaker_On Channel = 3
I//system/bin/factory(   80): < HCI Command: ogf 0x3f, ocf 0x0015, plen 3
I//system/bin/factory(   80):   00 00 03 
I/BLUEZ_HCI(  678): ############### Received 9 number of bytes from the socket ##########
I//system/bin/btld(  677): gki_alloc_free_queue in, id:2 
I//system/bin/btld(  677): gki_alloc_free_queue calling  gki_init_free_queue, id:2  size:660, totol:45
I//system/bin/btld(  677): gki_alloc_free_queue ret OK, id:2  size:660, totol:45
I//system/bin/factory(   80): > HCI Event: 0x0e plen 6
I//system/bin/factory(   80):   01 15 FC 00 00 00 
I//system/bin/factory(   80): < HCI Command: ogf 0x3f, ocf 0x0015, plen 4
I//system/bin/factory(   80):   05 00 5C 00 
I/BLUEZ_HCI(  678): ############### Received 9 number of bytes from the socket ##########
I//system/bin/factory(   80): > HCI Event: 0x0e plen 6
I//system/bin/factory(   80):   01 15 FC 00 05 00 
I//system/bin/factory(   80): < HCI Command: ogf 0x3f, ocf 0x0015, plen 4
I//system/bin/factory(   80):   F8 00 9C 00 
I/BLUEZ_HCI(  678): ############### Received 9 number of bytes from the socket ##########
I//system/bin/factory(   80): > HCI Event: 0x0e plen 6
I//system/bin/factory(   80):   01 15 FC 00 F8 00 
I//system/bin/factory(   80): < HCI Command: ogf 0x3f, ocf 0x0015, plen 4
I//system/bin/factory(   80):   0A 00 D4 62 
I/BLUEZ_HCI(  678): ############### Received 9 number of bytes from the socket ##########
I//system/bin/factory(   80): > HCI Event: 0x0e plen 6
I//system/bin/factory(   80):   01 15 FC 00 0A 00 
I//system/bin/factory(   80): < HCI Command: ogf 0x3f, ocf 0x0015, plen 3
I//system/bin/factory(   80):   09 00 01 
I/BLUEZ_HCI(  678): ############### Received 9 number of bytes from the socket ##########
I//system/bin/factory(   80): > HCI Event: 0x0e plen 6
I//system/bin/factory(   80):   01 15 FC 00 09 00 
E/IPCThreadState(  699): IPCThread::waitForResponse checking error 3 : -32
D/FTM     (   89): [MIUI] msg2133_tpd Magnum
D/FTM     (   89): [MIUI] NOT msg2133_tpd_reset
D/FTM     (   89): [MIUI] KEY:DOWN
D/FTM     (   89): [MIUI] sel=1, maxrows=24, menu_from=1, menu_sel=1
E/IPCThreadState(  701): IPCThread::waitForResponse checking error 3 : -32
E/logwrapper(  703): executing /system/bin/ami304d failed: No such file or directory
I/logwrapper(  702): /system/bin/ami304d terminated by exit(255)
D/FTM     (   89): [MIUI] msg2133_tpd Magnum
D/FTM     (   89): [MIUI] NOT msg2133_tpd_reset
D/FTM     (   89): [MIUI] KEY:CONFIRM
D/FTM     (   89): [MIUI] itemview_run 0xcf508
I//system/bin/factory(   80): < HCI Command: ogf 0x3f, ocf 0x0015, plen 4
I//system/bin/factory(   80):   0A 00 F8 5C 
I/BLUEZ_HCI(  678): ############### Received 9 number of bytes from the socket ##########
I//system/bin/factory(   80): > HCI Event: 0x0e plen 6
I//system/bin/factory(   80):   01 15 FC 00 0A 00 
I//system/bin/factory(   80): < HCI Command: ogf 0x3f, ocf 0x0015, plen 3
I//system/bin/factory(   80):   09 00 01 
I/BLUEZ_HCI(  678): ############### Received 9 number of bytes from the socket ##########
I//system/bin/factory(   80): > HCI Event: 0x0e plen 6
I//system/bin/factory(   80):   01 15 FC 00 09 00 
D/FTM     (   89): [MIUI] msg2133_tpd Magnum
D/FTM     (   89): [MIUI] NOT msg2133_tpd_reset
D/FTM     (   89): [MIUI] KEY:DOWN
D/FTM     (   89): [MIUI] sel=2, maxrows=24, menu_from=1, menu_sel=2
D/FTM     (   89): [MIUI] msg2133_tpd Magnum
D/FTM     (   89): [MIUI] NOT msg2133_tpd_reset
D/FTM     (   89): [MIUI] KEY:CONFIRM
D/FTM     (   89): [MIUI] itemview_run 0xcf508
I//system/bin/factory(   80): < HCI Command: ogf 0x3f, ocf 0x0015, plen 4
I//system/bin/factory(   80):   0A 00 C8 64 
I/BLUEZ_HCI(  678): ############### Received 9 number of bytes from the socket ##########
I//system/bin/factory(   80): > HCI Event: 0x0e plen 6
I//system/bin/factory(   80):   01 15 FC 00 0A 00 
I//system/bin/factory(   80): < HCI Command: ogf 0x3f, ocf 0x0015, plen 3
I//system/bin/factory(   80):   09 00 01 
I/BLUEZ_HCI(  678): ############### Received 9 number of bytes from the socket ##########
I//system/bin/factory(   80): > HCI Event: 0x0e plen 6
I//system/bin/factory(   80):   01 15 FC 00 09 00 
D/FTM     (   89): [MIUI] msg2133_tpd Magnum
D/FTM     (   89): [MIUI] NOT msg2133_tpd_reset
D/FTM     (   89): [MIUI] KEY:DOWN
D/FTM     (   89): [MIUI] sel=3, maxrows=24, menu_from=1, menu_sel=3
D/FTM     (   89): [MIUI] msg2133_tpd Magnum
D/FTM     (   89): [MIUI] NOT msg2133_tpd_reset
D/FTM     (   89): [MIUI] KEY:DOWN
D/FTM     (   89): [MIUI] sel=4, maxrows=24, menu_from=1, menu_sel=4
E/IPCThreadState(  717): IPCThread::waitForResponse checking error 3 : -32
E/IPCThreadState(  719): IPCThread::waitForResponse checking error 3 : -32
E/logwrapper(  721): executing /system/bin/ami304d failed: No such file or directory
I/logwrapper(  720): /system/bin/ami304d terminated by exit(255)
D/FTM     (   89): [MIUI] msg2133_tpd Magnum
D/FTM     (   89): [MIUI] NOT msg2133_tpd_reset
D/FTM     (   89): [MIUI] KEY:CONFIRM
D/FTM     (   89): [MIUI] itemview_run 0xcf508
I//system/bin/factory(   80): < HCI Command: ogf 0x3f, ocf 0x0015, plen 4
I//system/bin/factory(   80):   0A 00 6C 9D 
I/BLUEZ_HCI(  678): ############### Received 9 number of bytes from the socket ##########
I//system/bin/factory(   80): > HCI Event: 0x0e plen 6
I//system/bin/factory(   80):   01 15 FC 00 0A 00 
I//system/bin/factory(   80): < HCI Command: ogf 0x3f, ocf 0x0015, plen 3
I//system/bin/factory(   80):   09 00 01 
I/BLUEZ_HCI(  678): ############### Received 9 number of bytes from the socket ##########
I//system/bin/factory(   80): > HCI Event: 0x0e plen 6
I//system/bin/factory(   80):   01 15 FC 00 09 00 
D/FTM     (   89): [MIUI] msg2133_tpd Magnum
D/FTM     (   89): [MIUI] NOT msg2133_tpd_reset
D/FTM     (   89): [MIUI] KEY:UP
D/FTM     (   89): [MIUI] sel=3, maxrows=24, menu_from=1, menu_sel=3
D/FTM     (   89): [MIUI] msg2133_tpd Magnum
D/FTM     (   89): [MIUI] NOT msg2133_tpd_reset
D/FTM     (   89): [MIUI] KEY:UP
D/FTM     (   89): [MIUI] sel=2, maxrows=24, menu_from=1, menu_sel=2
D/FTM     (   89): [MIUI] msg2133_tpd Magnum
D/FTM     (   89): [MIUI] NOT msg2133_tpd_reset
D/FTM     (   89): [MIUI] KEY:UP
D/FTM     (   89): [MIUI] sel=1, maxrows=24, menu_from=1, menu_sel=1
D/FTM     (   89): [MIUI] msg2133_tpd Magnum
D/FTM     (   89): [MIUI] NOT msg2133_tpd_reset
D/FTM     (   89): [MIUI] KEY:UP
D/FTM     (   89): [MIUI] sel=0, maxrows=24, menu_from=1, menu_sel=0
D/FTM     (   89): [MIUI] msg2133_tpd Magnum
D/FTM     (   89): [MIUI] NOT msg2133_tpd_reset
D/FTM     (   89): [MIUI] KEY:CONFIRM
D/        (   89): FMLoopbackTest bEnable=0
D/        (   89): FMLoopbackTest for 6575.
D/        (   89): Audio_Set_Speaker_Off Channel = 3
D/FTM     (   89): [FM] fm_update_thread: Exit
D/        (   89): !Common_Audio_deinit bMetaAudioInited=1
D/FTM     (   89): [MAIN] Save test result to 
D/FTM     (   89): [MAIN]   Version=1
D/FTM     (   89): [MAIN]   Keys=1
D/FTM     (   89): [MAIN]   Touch Panel=0
D/FTM     (   89): [MAIN]   LCD Color=1
D/FTM     (   89): [MAIN]   LCD Contrast=1
D/FTM     (   89): [MAIN]   Memory Card=1
D/FTM     (   89): [MAIN]   SIM1 Detect=1
D/FTM     (   89): [MAIN]   SIM2 Detect=1
D/FTM     (   89): [MAIN]   Vibrator=1
D/FTM     (   89): [MAIN]   LED=1
D/FTM     (   89): [MAIN]   Speaker Test=1
D/FTM     (   89): [MAIN]   Receiver=1
D/FTM     (   89): [MAIN]   Loopback=1
D/FTM     (   89): [MAIN]   Headset=1
D/FTM     (   89): [MAIN]   G-Sensor Calibration=1
D/FTM     (   89): [MAIN]   G-Sensor=1
D/FTM     (   89): [MAIN]   ALS/PS=1
D/FTM     (   89): [MAIN]   Main Camera=1
D/FTM     (   89): [MAIN]   Sub Camera=1
D/FTM     (   89): [MAIN]   GPS-Power=1
D/FTM     (   89): [MAIN]   FM Radio=1
D/FTM     (   89): [MAIN]   Bluetooth=1
D/FTM     (   89): [MAIN]   Wi-Fi=1
D/FTM     (   89): [MAIN]   Battery & Charger=1
D/FTM     (   89): [MAIN]   Idle Current=1
D/FTM     (   89): [MAIN] Bluetooth:18
D/FTM     (   89): [FT_BT] bt_entry
D/FTM     (   89): [MIUI] itemview_set_title
D/FTM     (   89): [MIUI] itemview_set_items
D/FTM     (   89): [MIUI] itemview_run 0xd3550
D/FTM     (   89): [FT_BT] bt_update_thread: Start
W/[FT_BT] (   89): FM_BT_init #251
I/bluedroid(   89): BTOFF_FMON_handling
I/bluedroid(   89): Starting bluetoothd deamon
I/bluedroid(   89): Starting bluetoothd daemon... Done!
E/logwrapper(  730): executing /system/bin/ami304d failed: No such file or directory
I/logwrapper(  729): /system/bin/ami304d terminated by exit(255)
E/IPCThreadState(  734): IPCThread::waitForResponse checking error 3 : -32
E/IPCThreadState(  736): IPCThread::waitForResponse checking error 3 : -32
W/[FT_BT] (   89): BT_FM_Thread #452
E/logwrapper(  741): executing /system/bin/ami304d failed: No such file or directory
I/logwrapper(  740): /system/bin/ami304d terminated by exit(255)
E/IPCThreadState(  745): IPCThread::waitForResponse checking error 3 : -32
E/IPCThreadState(  747): IPCThread::waitForResponse checking error 3 : -32
E/logwrapper(  751): executing /system/bin/ami304d failed: No such file or directory
I/logwrapper(  750): /system/bin/ami304d terminated by exit(255)
E/IPCThreadState(  755): IPCThread::waitForResponse checking error 3 : -32
E/IPCThreadState(  757): IPCThread::waitForResponse checking error 3 : -32
D/[FT_BT] (   89): BT_FM_Thread: num_rsp = 0 
D/FTM     (   89): [MIUI] msg2133_tpd Magnum
D/FTM     (   89): [MIUI] NOT msg2133_tpd_reset
D/FTM     (   89): [MIUI] KEY:CONFIRM
D/FTM     (   89): [FT_BT] bt_update_thread: Exit
W/[FT_BT] (   89): FM_BT_deinit #310
D/[FT_BT] (   89): ---11--stop--
D/[FT_BT] (   89): ---11--909099--
D/FTM     (   89): [MAIN] Save test result to 
D/FTM     (   89): [MAIN]   Version=1
D/FTM     (   89): [MAIN]   Keys=1
D/FTM     (   89): [MAIN]   Touch Panel=0
D/FTM     (   89): [MAIN]   LCD Color=1
D/FTM     (   89): [MAIN]   LCD Contrast=1
D/FTM     (   89): [MAIN]   Memory Card=1
D/FTM     (   89): [MAIN]   SIM1 Detect=1
D/FTM     (   89): [MAIN]   SIM2 Detect=1
D/FTM     (   89): [MAIN]   Vibrator=1
D/FTM     (   89): [MAIN]   LED=1
D/FTM     (   89): [MAIN]   Speaker Test=1
D/FTM     (   89): [MAIN]   Receiver=1
D/FTM     (   89): [MAIN]   Loopback=1
D/FTM     (   89): [MAIN]   Headset=1
D/FTM     (   89): [MAIN]   G-Sensor Calibration=1
D/FTM     (   89): [MAIN]   G-Sensor=1
D/FTM     (   89): [MAIN]   ALS/PS=1
D/FTM     (   89): [MAIN]   Main Camera=1
D/FTM     (   89): [MAIN]   Sub Camera=1
D/FTM     (   89): [MAIN]   GPS-Power=1
D/FTM     (   89): [MAIN]   FM Radio=1
D/FTM     (   89): [MAIN]   Bluetooth=1
D/FTM     (   89): [MAIN]   Wi-Fi=1
D/FTM     (   89): [MAIN]   Battery & Charger=1
D/FTM     (   89): [MAIN]   Idle Current=1
D/FTM     (   89): [MAIN] Wi-Fi:20
D/FTM     (   89): ---2
D/FTM     (   89): [FT_WIFI] wifi_entry
D/FTM     (   89): [MIUI] itemview_set_title
D/FTM     (   89): [MIUI] itemview_set_items
D/FTM     (   89): [MIUI] itemview_run 0xd7598
D/FTM     (   89): [FT_WIFI] wifi_update_thread: Start
D/WIFI-FM (   89): [FM_WIFI_init]++
D/WIFI-FM (   89): Ivan wifi_load_driver!!!
E/logwrapper(  763): executing /system/bin/ami304d failed: No such file or directory
I/logwrapper(  761): /system/bin/ami304d terminated by exit(255)
E/IPCThreadState(  766): IPCThread::waitForResponse checking error 3 : -32
E/IPCThreadState(  768): IPCThread::waitForResponse checking error 3 : -32
D/WIFI-FM (   89): ===Ivan wifi_load_driver===wait_driver_times=0====proc=-1345022044===
D/WIFI-FM (   89): [wifi_select_ap] new STA +++++++++!
D/WIFI-FM (   89): [wifi_select_ap] SSID : Network!
D/WIFI-FM (   89): [wifi_select_ap] mac : 90-f6-52-ac-42-56
D/WIFI-FM (   89): [wifi_select_ap] mode :  Infrastructure!
D/WIFI-FM (   89): [wifi_select_ap] rssi : -91 dBm
D/WIFI-FM (   89): [wifi_select_ap] invalid channel num
D/WIFI-FM (   89): [wifi_select_ap] rate : 54M!
E/WIFI-FM (   89): [wifi_select_ap] no suitable AP
