I//system/bin/factory(   80): 19:37:54.835 GpsHalPlatfTTYOpen("/dev/ttyMT0",115200)
I//system/bin/factory(   80): 19:37:54.836 GpsHalPlatfTTYOpen(GPS: OPEN: 29)
I//system/bin/factory(   80): 19:37:54.836 LCSAPI_D: LCS: (lcsapi_ongpsstatus) 1
I//system/bin/factory(   80): 19:37:54.838 BRM: GlRequest::OnStart()
E/logwrapper( 2667): executing /system/bin/ami304d failed: No such file or directory
I/logwrapper( 2666): /system/bin/ami304d terminated by exit(255)
I//system/bin/factory(   80): 19:37:56.035 NvStorageToIgnore in GlctGlEngCbOnNvStgRead [5F|0]
I//system/bin/factory(   80): 19:37:56.035 NVRAM file [/data/gps/gldata.sto] opened for reading
I//system/bin/factory(   80): 19:37:56.036 Closed NVRAM file
I//system/bin/factory(   80): 19:37:56.036 OpenFifo: Opened "/data/gps/gpspipe"
I//system/bin/factory(   80): 19:37:56.036 GpsHalNmeaWrite: [cat /data/gps/gpspipe] to read NMEA and continue
I//system/bin/factory(   80): [cat /data/gps/gpspipe] to stream out NMEA
I//system/bin/factory(   80): 19:37:56.045 BRM: GlRequest::OnFactTest()
I//system/bin/factory(   80): 19:37:56.046 SUPL_H: GlArpSuplEvents
I//system/bin/factory(   80): 19:37:56.046 SUPL_H: supl_enabled=1
I//system/bin/factory(   80): 19:37:56.046 SUPL: GLCTEV_PAL_GLL_ASST_REQ received
I//system/bin/factory(   80): 19:37:56.046 SUPL_H: pthread_create(&thread,0, rti_start, 0)
I//system/bin/factory(   80): 19:37:56.047 SUPL_H: rti_answer:415: ERROR gethostbyname: err-code=0(Unknown error: 0)
D/FTM     (   86): [GPS]   gps_run_service: wait loop = 1
D/FTM     (   86): [MIUI] itemview_set_title
D/FTM     (   86): [MIUI] itemview_set_items
D/FTM     (   86): [MIUI] itemview_run 0xcb4c0
D/FTM     (   86): [GPS]   gps_power_update_iv_thread: Start
E/IPCThreadState( 2675): IPCThread::waitForResponse checking error 3 : -32
E/IPCThreadState( 2677): IPCThread::waitForResponse checking error 3 : -32
I//system/bin/factory(   80): 19:37:57.035 BRM: GlRequest::OnFactTest()
D/FTM     (   86): [GPS]   gps_power_update_iv_thread: Exit
I//system/bin/factory(   80): 19:37:58.035 BRM: GlRequest::OnFactTest()
I//system/bin/factory(   80): 19:37:59.035 BRM: GlRequest::OnFactTest()
D/FTM     (   86): [MIUI] msg2133_tpd Magnum
D/FTM     (   86): [MIUI] NOT msg2133_tpd_reset
D/FTM     (   86): [MIUI] KEY:DOWN
D/FTM     (   86): [MIUI] sel=1, maxrows=24, menu_from=1, menu_sel=0
I//system/bin/factory(   80): 19:38:00.035 BRM: GlRequest::OnFactTest()
E/logwrapper( 2679): executing /system/bin/ami304d failed: No such file or directory
I/logwrapper( 2678): /system/bin/ami304d terminated by exit(255)
D/FTM     (   86): [MIUI] msg2133_tpd Magnum
D/FTM     (   86): [MIUI] NOT msg2133_tpd_reset
D/FTM     (   86): [MIUI] KEY:CONFIRM
D/FTM     (   86): [GPS]   gps_power_entry, chosen = 0
D/FTM     (   86): [GPS]   gps_power_entry ITEM_FAIL
D/FTM     (   86): [GPS]   gps_power_entry, gps->exit_thd = true
D/FTM     (   86): [GPS]   GPS_Close() 1
D/FTM     (   86): [MAIN] Save test result to 
D/FTM     (   86): [MAIN]   Version=1
D/FTM     (   86): [MAIN]   Keys=1
D/FTM     (   86): [MAIN]   Touch Panel=0
D/FTM     (   86): [MAIN]   LCD Color=1
D/FTM     (   86): [MAIN]   LCD Contrast=1
D/FTM     (   86): [MAIN]   Memory Card=1
D/FTM     (   86): [MAIN]   SIM1 Detect=1
D/FTM     (   86): [MAIN]   SIM2 Detect=1
D/FTM     (   86): [MAIN]   Vibrator=1
D/FTM     (   86): [MAIN]   LED=1
D/FTM     (   86): [MAIN]   Speaker Test=1
D/FTM     (   86): [MAIN]   Receiver=1
D/FTM     (   86): [MAIN]   Loopback=1
D/FTM     (   86): [MAIN]   Headset=1
D/FTM     (   86): [MAIN]   G-Sensor Calibration=1
D/FTM     (   86): [MAIN]   G-Sensor=1
D/FTM     (   86): [MAIN]   ALS/PS=1
D/FTM     (   86): [MAIN]   Main Camera=1
D/FTM     (   86): [MAIN]   Sub Camera=1
D/FTM     (   86): [MAIN]   GPS-Power=1
D/FTM     (   86): [MAIN]   FM Radio=1
D/FTM     (   86): [MAIN]   Bluetooth=1
D/FTM     (   86): [MAIN]   Wi-Fi=1
D/FTM     (   86): [MAIN]   Battery & Charger=1
D/FTM     (   86): [MAIN]   Idle Current=1
D/FTM     (   86): [MIUI] itemview_run 0xbe815c24
D/FTM     (   86): [MIUI] msg2133_tpd Magnum
D/FTM     (   86): [MIUI] NOT msg2133_tpd_reset
D/FTM     (   86): [MIUI] KEY:DOWN
D/FTM     (   86): [MIUI] sel=20, maxrows=24, menu_from=1, menu_sel=20
E/IPCThreadState( 2685): IPCThread::waitForResponse checking error 3 : -32
E/IPCThreadState( 2687): IPCThread::waitForResponse checking error 3 : -32
D/FTM     (   86): [MIUI] msg2133_tpd Magnum
D/FTM     (   86): [MIUI] NOT msg2133_tpd_reset
D/FTM     (   86): [MIUI] KEY:CONFIRM
D/FTM     (   86): [FM] fm_entry
D/FTM     (   86): [MIUI] itemview_set_title
D/FTM     (   86): [MIUI] itemview_set_items
D/        (   86): Common_Audio_init bMetaAudioInited == true, already init!!
D/FTM     (   86): [FM] preferred_freq 0 can't get
D/FTM     (   86): [FM] preferred_freq 1 can't get
D/FTM     (   86): [FM] preferred_freq 2 can't get
D/FTM     (   86): [FM] preferred_freq 3 can't get
D/FTM     (   86): [MIUI] itemview_run 0xcf508
D/FTM     (   86): [FM] fm_update_thread: Start
I/bluedroid(   86): fm_enable
I/bluedroid(   86): BTOFF_FMOFF_handling
I/bluedroid(   86): BTOFF_FMOFF_handling : receiving FM_ON
E/bluedroid(   86): =======buffer=1====
I/bluedroid(   86): ======hciattach_starting=0====is_hciattach_enabled=1
E/bluedroid(   86): =======buffer=1====
I/bluedroid(   86): Start hciattach daemon successed
I/bluedroid(   86): Starting btld...
I/bluedroid(   86): dtun_property_is_active : service.brcm.bt.fm.active=0
D/BTL-SERVER( 2690): /system/bin/btld:pid:2690, main(): calling set_aid_and_cap
D/BTL-SERVER( 2690): in set_aid_and_cap() pid:2690
V/BTL_CFG ( 2690): btl_cfg_get_btld_status: service.brcm.bt.btld=0
E/BTL-SERVER( 2690): BTLD starting...
E/BTLD    ( 2690): ##### ERROR : main: main :: BTLD starting 
E/BTLD    ( 2690):  #####
V/BTL_CFG ( 2690): btl_cfg_set_btld_status: service.brcm.bt.btld=1, ret=0
V/BTL_CFG ( 2690): btld_cfg_btld_pid : service.brcm.bt.btld_pid = 2690
V/BTL_CFG ( 2690): btl_cfg_set_btld_pid success : service.brcm.bt.btld_pid = 2690, ret = 0
I/BTL-SERVER( 2690): BTE version BCM1200_MI_10.3.16.26
I/BTL-SERVER( 2690): btld version BTLZ_MI_235.10.0.5 starting...
I/BTL-SERVER( 2690): Build time: Nov  2 2011 06:13:34
I/BTL_CFG ( 2690): btl_cfg_get_bdaddr: auto BDA=4325666A30D4
E/BTL_CFG ( 2690): WARNING : [service.brcm.bt.patchfile] property_get failed (0)
I/BTL_CFG ( 2690): btl_cfg_get_3way_conf_support: service.brcm.bt.3way_support=true
E/BTL_CFG ( 2690): WARNING : [service.brcm.bt.bt_wake_polar] property_get failed (0)
I/BTL_CFG ( 2690): btl_cfg_get_lpm_params: service.brcm.bt.bt_wake_polar=0
E/BTL_CFG ( 2690): WARNING : [service.brcm.bt.host_wake_polar] property_get failed (0)
I/BTL_CFG ( 2690): btl_cfg_get_lpm_params: service.brcm.bt.host_wake_polar=0
E/BTL_CFG ( 2690): WARNING : [service.brcm.bt.pcm_clk] property_get failed (0)
E/BTL_CFG ( 2690): WARNING : [service.brcm.bt.pcm_ms_role] property_get failed (0)
I/BTL_CFG ( 2690): btl_cfg_get_contacts_db: service.brcm.bt.contacts_db=/data/data/com.android.providers.contacts/databases/contacts2.db
D/BTL-SERVER( 2690): btld_set_nice_prio(): PRIO_PROCESS: 0, nice increment:-2
E/BTL-SERVER( 2690): ############### BTE_InitHW: Rfkill from Btld is skipped ...######
I/USERIAL_LINUX( 2690): USERIAL_Init
I/GKI_LINUX( 2690): GKI creating JOINABLE task 2
I/GKI_LINUX( 2690): Leaving GKI_create_task ca58 2 71120 APPL 64630 0
I/GKI_LINUX( 2690): GKI creating JOINABLE task 1
I/GKI_LINUX( 2690): Leaving GKI_create_task 39498 1 71160 BTU 64630 0
I/GKI_LINUX( 2690): GKI creating JOINABLE task 0
I/GKI_LINUX( 2690): Leaving GKI_create_task ae88 0 711a0 HCI 64630 0
W/BTLD    ( 2690): gki_set_timer_scheduling(()::scheduler current policy: 0
I/GKI_LINUX( 2690): GKI_run 
I/GKI_LINUX( 2690): gki_task_entry task_id=0
I/BLUEZ_HCI( 2690): HCISOCK_Open
I/BLUEZ_HCI( 2690): Leaving USERIAL_Open
I/GKI_LINUX( 2690): gki_task_entry task_id=1
E/BTLD    ( 2690): ################ btm_dev_init: SKIPPING HCI RESET ########
E/BTLD    ( 2690): #################### SKIPPING PATCHRAM DOWNLOAD ###################
E/BTLD    ( 2690): ########### SKIPPING READING PARAMETERS STEP#######
V/BTL_CFG ( 2690): btl_cfg_get_soft_onoff_enabled : service.brcm.bt.soft_onoff = 0
E/BTL_CFG ( 2690): WARNING : [service.brcm.bt.TRC_BTAPP] property_get failed (0)
D/BTLD    ( 2690): [bttrc] using compile default trace settings
I/GKI_LINUX( 2690): gki_task_entry task_id=2
I/BTAPP_FM( 2690): BTAPP_FM: Initialized IFS (res = 0)
I/BTLD    ( 2690): BTL_IF_RegisterSubSystem: Registered subsystem [FM]
I/BTAPP_FM( 2690): BTAPP_FM: Registered IFS (res = 0)
I/BTL-IFS-WRAPPER( 2690): wrp_sock_create: wrp_sock_create : created socket (fd 13)
D/BTL-IFS-WRAPPER( 2690): DTUN_MAKE_LOCAL_SERVER_NAME return name: brcm.bt.dtun.9000
D/BTL-IFS-WRAPPER( 2690): wrp_sock_bind: btl_ifs:wrp_sock_bind:socket_local_server_bind result:0 server_name:brcm.bt.dtun.9000
D/BTL-IFS-WRAPPER( 2690): wrp_sock_bind: socket_local_server_bind on port 9000
I/BTL-IFS-WRAPPER( 2690): wrp_sock_listen: wrp_sock_listen : (CTRL) listening on brcm.bt.dtun:9000 (13)
I//system/bin/btld( 2689): gki_alloc_free_queue in, id:3 
I//system/bin/btld( 2689): gki_alloc_free_queue calling  gki_init_free_queue, id:3  size:1712, totol:50
I//system/bin/btld( 2689): gki_alloc_free_queue ret OK, id:3  size:1712, totol:50
I/bluedroid(   86): dtun_property_is_active : service.brcm.bt.fm.active=1
I/bluedroid(   86): BTLD start retry count 2/20
I/bluedroid(   86): Starting daemons... Done!
I/bluedroid(   86): New state is BTOFF_FMON_handling
D/        (   86): FMLoopbackTest bEnable=1
D/        (   86): FMLoopbackTest for 6575.
D/        (   86): Audio_Set_Speaker_On Channel = 3
I//system/bin/factory(   80): < HCI Command: ogf 0x3f, ocf 0x0015, plen 3
I//system/bin/factory(   80):   00 00 03 
I/BLUEZ_HCI( 2690): ############### Received 9 number of bytes from the socket ##########
I//system/bin/btld( 2689): gki_alloc_free_queue in, id:2 
I//system/bin/btld( 2689): gki_alloc_free_queue calling  gki_init_free_queue, id:2  size:660, totol:45
I//system/bin/btld( 2689): gki_alloc_free_queue ret OK, id:2  size:660, totol:45
I//system/bin/factory(   80): > HCI Event: 0x0e plen 6
I//system/bin/factory(   80):   01 15 FC 00 00 00 
I//system/bin/factory(   80): < HCI Command: ogf 0x3f, ocf 0x0015, plen 4
I//system/bin/factory(   80):   05 00 5C 00 
I/BLUEZ_HCI( 2690): ############### Received 9 number of bytes from the socket ##########
I//system/bin/factory(   80): > HCI Event: 0x0e plen 6
I//system/bin/factory(   80):   01 15 FC 00 05 00 
I//system/bin/factory(   80): < HCI Command: ogf 0x3f, ocf 0x0015, plen 4
I//system/bin/factory(   80):   F8 00 9C 00 
I/BLUEZ_HCI( 2690): ############### Received 9 number of bytes from the socket ##########
I//system/bin/factory(   80): > HCI Event: 0x0e plen 6
I//system/bin/factory(   80):   01 15 FC 00 F8 00 
I//system/bin/factory(   80): < HCI Command: ogf 0x3f, ocf 0x0015, plen 4
I//system/bin/factory(   80):   0A 00 D4 62 
I/BLUEZ_HCI( 2690): ############### Received 9 number of bytes from the socket ##########
I//system/bin/factory(   80): > HCI Event: 0x0e plen 6
I//system/bin/factory(   80):   01 15 FC 00 0A 00 
I//system/bin/factory(   80): < HCI Command: ogf 0x3f, ocf 0x0015, plen 3
I//system/bin/factory(   80):   09 00 01 
I/BLUEZ_HCI( 2690): ############### Received 9 number of bytes from the socket ##########
I//system/bin/factory(   80): > HCI Event: 0x0e plen 6
I//system/bin/factory(   80):   01 15 FC 00 09 00 
D/FTM     (   86): [MIUI] msg2133_tpd Magnum
D/FTM     (   86): [MIUI] NOT msg2133_tpd_reset
D/FTM     (   86): [MIUI] KEY:DOWN
D/FTM     (   86): [MIUI] sel=1, maxrows=24, menu_from=1, menu_sel=1
D/FTM     (   86): [MIUI] msg2133_tpd Magnum
D/FTM     (   86): [MIUI] NOT msg2133_tpd_reset
D/FTM     (   86): [MIUI] KEY:CONFIRM
D/FTM     (   86): [MIUI] itemview_run 0xcf508
I//system/bin/factory(   80): < HCI Command: ogf 0x3f, ocf 0x0015, plen 4
I//system/bin/factory(   80):   0A 00 F8 5C 
I/BLUEZ_HCI( 2690): ############### Received 9 number of bytes from the socket ##########
I//system/bin/factory(   80): > HCI Event: 0x0e plen 6
I//system/bin/factory(   80):   01 15 FC 00 0A 00 
I//system/bin/factory(   80): < HCI Command: ogf 0x3f, ocf 0x0015, plen 3
I//system/bin/factory(   80):   09 00 01 
I/BLUEZ_HCI( 2690): ############### Received 9 number of bytes from the socket ##########
I//system/bin/factory(   80): > HCI Event: 0x0e plen 6
I//system/bin/factory(   80):   01 15 FC 00 09 00 
D/FTM     (   86): [MIUI] msg2133_tpd Magnum
D/FTM     (   86): [MIUI] NOT msg2133_tpd_reset
D/FTM     (   86): [MIUI] KEY:DOWN
D/FTM     (   86): [MIUI] sel=2, maxrows=24, menu_from=1, menu_sel=2
D/FTM     (   86): [MIUI] msg2133_tpd Magnum
D/FTM     (   86): [MIUI] NOT msg2133_tpd_reset
D/FTM     (   86): [MIUI] KEY:CONFIRM
D/FTM     (   86): [MIUI] itemview_run 0xcf508
I//system/bin/factory(   80): < HCI Command: ogf 0x3f, ocf 0x0015, plen 4
I//system/bin/factory(   80):   0A 00 C8 64 
I/BLUEZ_HCI( 2690): ############### Received 9 number of bytes from the socket ##########
I//system/bin/factory(   80): > HCI Event: 0x0e plen 6
I//system/bin/factory(   80):   01 15 FC 00 0A 00 
I//system/bin/factory(   80): < HCI Command: ogf 0x3f, ocf 0x0015, plen 3
I//system/bin/factory(   80):   09 00 01 
I/BLUEZ_HCI( 2690): ############### Received 9 number of bytes from the socket ##########
I//system/bin/factory(   80): > HCI Event: 0x0e plen 6
I//system/bin/factory(   80):   01 15 FC 00 09 00 
D/FTM     (   86): [MIUI] msg2133_tpd Magnum
D/FTM     (   86): [MIUI] NOT msg2133_tpd_reset
D/FTM     (   86): [MIUI] KEY:DOWN
D/FTM     (   86): [MIUI] sel=3, maxrows=24, menu_from=1, menu_sel=3
E/logwrapper( 2715): executing /system/bin/ami304d failed: No such file or directory
I/logwrapper( 2714): /system/bin/ami304d terminated by exit(255)
D/FTM     (   86): [MIUI] msg2133_tpd Magnum
D/FTM     (   86): [MIUI] NOT msg2133_tpd_reset
D/FTM     (   86): [MIUI] KEY:CONFIRM
D/FTM     (   86): [MIUI] itemview_run 0xcf508
I//system/bin/factory(   80): < HCI Command: ogf 0x3f, ocf 0x0015, plen 4
I//system/bin/factory(   80):   0A 00 4C 81 
I/BLUEZ_HCI( 2690): ############### Received 9 number of bytes from the socket ##########
I//system/bin/factory(   80): > HCI Event: 0x0e plen 6
I//system/bin/factory(   80):   01 15 FC 00 0A 00 
I//system/bin/factory(   80): < HCI Command: ogf 0x3f, ocf 0x0015, plen 3
I//system/bin/factory(   80):   09 00 01 
I/BLUEZ_HCI( 2690): ############### Received 9 number of bytes from the socket ##########
I//system/bin/factory(   80): > HCI Event: 0x0e plen 6
I//system/bin/factory(   80):   01 15 FC 00 09 00 
E/IPCThreadState( 2725): IPCThread::waitForResponse checking error 3 : -32
E/IPCThreadState( 2727): IPCThread::waitForResponse checking error 3 : -32
D/FTM     (   86): [MIUI] msg2133_tpd Magnum
D/FTM     (   86): [MIUI] NOT msg2133_tpd_reset
D/FTM     (   86): [MIUI] KEY:DOWN
D/FTM     (   86): [MIUI] sel=4, maxrows=24, menu_from=1, menu_sel=4
D/FTM     (   86): [MIUI] msg2133_tpd Magnum
D/FTM     (   86): [MIUI] NOT msg2133_tpd_reset
D/FTM     (   86): [MIUI] KEY:CONFIRM
D/FTM     (   86): [MIUI] itemview_run 0xcf508
I//system/bin/factory(   80): < HCI Command: ogf 0x3f, ocf 0x0015, plen 4
I//system/bin/factory(   80):   0A 00 6C 9D 
I/BLUEZ_HCI( 2690): ############### Received 9 number of bytes from the socket ##########
I//system/bin/factory(   80): > HCI Event: 0x0e plen 6
I//system/bin/factory(   80):   01 15 FC 00 0A 00 
I//system/bin/factory(   80): < HCI Command: ogf 0x3f, ocf 0x0015, plen 3
I//system/bin/factory(   80):   09 00 01 
I/BLUEZ_HCI( 2690): ############### Received 9 number of bytes from the socket ##########
I//system/bin/factory(   80): > HCI Event: 0x0e plen 6
I//system/bin/factory(   80):   01 15 FC 00 09 00 
D/FTM     (   86): [MIUI] msg2133_tpd Magnum
D/FTM     (   86): [MIUI] NOT msg2133_tpd_reset
D/FTM     (   86): [MIUI] KEY:DOWN
D/FTM     (   86): [MIUI] sel=5, maxrows=24, menu_from=1, menu_sel=0
E/logwrapper( 2733): executing /system/bin/ami304d failed: No such file or directory
I/logwrapper( 2732): /system/bin/ami304d terminated by exit(255)
D/FTM     (   86): [MIUI] msg2133_tpd Magnum
D/FTM     (   86): [MIUI] NOT msg2133_tpd_reset
D/FTM     (   86): [MIUI] KEY:CONFIRM
D/        (   86): FMLoopbackTest bEnable=0
D/        (   86): FMLoopbackTest for 6575.
D/        (   86): Audio_Set_Speaker_Off Channel = 3
D/FTM     (   86): [FM] fm_update_thread: Exit
D/        (   86): !Common_Audio_deinit bMetaAudioInited=1
D/FTM     (   86): [MAIN] Save test result to 
D/FTM     (   86): [MAIN]   Version=1
D/FTM     (   86): [MAIN]   Keys=1
D/FTM     (   86): [MAIN]   Touch Panel=0
D/FTM     (   86): [MAIN]   LCD Color=1
D/FTM     (   86): [MAIN]   LCD Contrast=1
D/FTM     (   86): [MAIN]   Memory Card=1
D/FTM     (   86): [MAIN]   SIM1 Detect=1
D/FTM     (   86): [MAIN]   SIM2 Detect=1
D/FTM     (   86): [MAIN]   Vibrator=1
D/FTM     (   86): [MAIN]   LED=1
D/FTM     (   86): [MAIN]   Speaker Test=1
D/FTM     (   86): [MAIN]   Receiver=1
D/FTM     (   86): [MAIN]   Loopback=1
D/FTM     (   86): [MAIN]   Headset=1
D/FTM     (   86): [MAIN]   G-Sensor Calibration=1
D/FTM     (   86): [MAIN]   G-Sensor=1
D/FTM     (   86): [MAIN]   ALS/PS=1
D/FTM     (   86): [MAIN]   Main Camera=1
D/FTM     (   86): [MAIN]   Sub Camera=1
D/FTM     (   86): [MAIN]   GPS-Power=1
D/FTM     (   86): [MAIN]   FM Radio=1
D/FTM     (   86): [MAIN]   Bluetooth=1
D/FTM     (   86): [MAIN]   Wi-Fi=1
D/FTM     (   86): [MAIN]   Battery & Charger=1
D/FTM     (   86): [MAIN]   Idle Current=1
D/FTM     (   86): [MIUI] itemview_run 0xbe815c24
E/IPCThreadState( 2739): IPCThread::waitForResponse checking error 3 : -32
E/IPCThreadState( 2741): IPCThread::waitForResponse checking error 3 : -32
E/logwrapper( 2743): executing /system/bin/ami304d failed: No such file or directory
I/logwrapper( 2742): /system/bin/ami304d terminated by exit(255)
E/IPCThreadState( 2749): IPCThread::waitForResponse checking error 3 : -32
E/IPCThreadState( 2751): IPCThread::waitForResponse checking error 3 : -32
E/logwrapper( 2753): executing /system/bin/ami304d failed: No such file or directory
I/logwrapper( 2752): /system/bin/ami304d terminated by exit(255)
E/IPCThreadState( 2759): IPCThread::waitForResponse checking error 3 : -32
E/IPCThreadState( 2761): IPCThread::waitForResponse checking error 3 : -32
E/logwrapper( 2763): executing /system/bin/ami304d failed: No such file or directory
I/logwrapper( 2762): /system/bin/ami304d terminated by exit(255)
E/IPCThreadState( 2769): IPCThread::waitForResponse checking error 3 : -32
E/IPCThreadState( 2771): IPCThread::waitForResponse checking error 3 : -32
E/logwrapper( 2773): executing /system/bin/ami304d failed: No such file or directory
I/logwrapper( 2772): /system/bin/ami304d terminated by exit(255)
E/IPCThreadState( 2779): IPCThread::waitForResponse checking error 3 : -32
E/IPCThreadState( 2781): IPCThread::waitForResponse checking error 3 : -32
E/logwrapper( 2783): executing /system/bin/ami304d failed: No such file or directory
I/logwrapper( 2782): /system/bin/ami304d terminated by exit(255)
E/IPCThreadState( 2789): IPCThread::waitForResponse checking error 3 : -32
E/IPCThreadState( 2791): IPCThread::waitForResponse checking error 3 : -32
E/logwrapper( 2793): executing /system/bin/ami304d failed: No such file or directory
I/logwrapper( 2792): /system/bin/ami304d terminated by exit(255)
E/IPCThreadState( 2799): IPCThread::waitForResponse checking error 3 : -32
E/IPCThreadState( 2801): IPCThread::waitForResponse checking error 3 : -32
E/logwrapper( 2803): executing /system/bin/ami304d failed: No such file or directory
I/logwrapper( 2802): /system/bin/ami304d terminated by exit(255)
E/IPCThreadState( 2809): IPCThread::waitForResponse checking error 3 : -32
E/IPCThreadState( 2811): IPCThread::waitForResponse checking error 3 : -32
E/logwrapper( 2813): executing /system/bin/ami304d failed: No such file or directory
I/logwrapper( 2812): /system/bin/ami304d terminated by exit(255)
E/IPCThreadState( 2819): IPCThread::waitForResponse checking error 3 : -32
E/IPCThreadState( 2821): IPCThread::waitForResponse checking error 3 : -32
E/logwrapper( 2824): executing /system/bin/ami304d failed: No such file or directory
I/logwrapper( 2823): /system/bin/ami304d terminated by exit(255)
E/IPCThreadState( 2830): IPCThread::waitForResponse checking error 3 : -32
E/IPCThreadState( 2832): IPCThread::waitForResponse checking error 3 : -32
E/logwrapper( 2834): executing /system/bin/ami304d failed: No such file or directory
I/logwrapper( 2833): /system/bin/ami304d terminated by exit(255)
E/IPCThreadState( 2840): IPCThread::waitForResponse checking error 3 : -32
E/IPCThreadState( 2842): IPCThread::waitForResponse checking error 3 : -32
E/logwrapper( 2844): executing /system/bin/ami304d failed: No such file or directory
I/logwrapper( 2843): /system/bin/ami304d terminated by exit(255)
E/IPCThreadState( 2850): IPCThread::waitForResponse checking error 3 : -32
E/IPCThreadState( 2852): IPCThread::waitForResponse checking error 3 : -32
E/logwrapper( 2854): executing /system/bin/ami304d failed: No such file or directory
I/logwrapper( 2853): /system/bin/ami304d terminated by exit(255)
E/IPCThreadState( 2860): IPCThread::waitForResponse checking error 3 : -32
E/IPCThreadState( 2862): IPCThread::waitForResponse checking error 3 : -32
E/logwrapper( 2864): executing /system/bin/ami304d failed: No such file or directory
I/logwrapper( 2863): /system/bin/ami304d terminated by exit(255)
E/IPCThreadState( 2870): IPCThread::waitForResponse checking error 3 : -32
E/IPCThreadState( 2872): IPCThread::waitForResponse checking error 3 : -32
E/logwrapper( 2874): executing /system/bin/ami304d failed: No such file or directory
I/logwrapper( 2873): /system/bin/ami304d terminated by exit(255)
E/IPCThreadState( 2880): IPCThread::waitForResponse checking error 3 : -32
E/IPCThreadState( 2882): IPCThread::waitForResponse checking error 3 : -32
E/logwrapper( 2884): executing /system/bin/ami304d failed: No such file or directory
I/logwrapper( 2883): /system/bin/ami304d terminated by exit(255)
E/IPCThreadState( 2890): IPCThread::waitForResponse checking error 3 : -32
E/IPCThreadState( 2892): IPCThread::waitForResponse checking error 3 : -32
E/logwrapper( 2895): executing /system/bin/ami304d failed: No such file or directory
I/logwrapper( 2894): /system/bin/ami304d terminated by exit(255)
E/IPCThreadState( 2901): IPCThread::waitForResponse checking error 3 : -32
E/IPCThreadState( 2903): IPCThread::waitForResponse checking error 3 : -32
E/logwrapper( 2905): executing /system/bin/ami304d failed: No such file or directory
I/logwrapper( 2904): /system/bin/ami304d terminated by exit(255)
E/IPCThreadState( 2911): IPCThread::waitForResponse checking error 3 : -32
E/IPCThreadState( 2913): IPCThread::waitForResponse checking error 3 : -32
E/logwrapper( 2915): executing /system/bin/ami304d failed: No such file or directory
I/logwrapper( 2914): /system/bin/ami304d terminated by exit(255)
E/IPCThreadState( 2921): IPCThread::waitForResponse checking error 3 : -32
E/IPCThreadState( 2923): IPCThread::waitForResponse checking error 3 : -32
E/logwrapper( 2925): executing /system/bin/ami304d failed: No such file or directory
I/logwrapper( 2924): /system/bin/ami304d terminated by exit(255)
E/IPCThreadState( 2931): IPCThread::waitForResponse checking error 3 : -32
E/IPCThreadState( 2933): IPCThread::waitForResponse checking error 3 : -32
E/logwrapper( 2935): executing /system/bin/ami304d failed: No such file or directory
I/logwrapper( 2934): /system/bin/ami304d terminated by exit(255)
E/IPCThreadState( 2941): IPCThread::waitForResponse checking error 3 : -32
E/IPCThreadState( 2943): IPCThread::waitForResponse checking error 3 : -32
E/logwrapper( 2945): executing /system/bin/ami304d failed: No such file or directory
I/logwrapper( 2944): /system/bin/ami304d terminated by exit(255)
E/IPCThreadState( 2951): IPCThread::waitForResponse checking error 3 : -32
E/IPCThreadState( 2953): IPCThread::waitForResponse checking error 3 : -32
E/logwrapper( 2955): executing /system/bin/ami304d failed: No such file or directory
I/logwrapper( 2954): /system/bin/ami304d terminated by exit(255)
E/IPCThreadState( 2961): IPCThread::waitForResponse checking error 3 : -32
E/IPCThreadState( 2963): IPCThread::waitForResponse checking error 3 : -32
E/logwrapper( 2966): executing /system/bin/ami304d failed: No such file or directory
I/logwrapper( 2965): /system/bin/ami304d terminated by exit(255)
E/IPCThreadState( 2972): IPCThread::waitForResponse checking error 3 : -32
E/IPCThreadState( 2974): IPCThread::waitForResponse checking error 3 : -32
D/FTM     (   86): [MIUI] msg2133_tpd Magnum
D/FTM     (   86): [MIUI] NOT msg2133_tpd_reset
D/FTM     (   86): [MIUI] KEY:DOWN
D/FTM     (   86): [MIUI] sel=21, maxrows=24, menu_from=1, menu_sel=21
E/logwrapper( 2976): executing /system/bin/ami304d failed: No such file or directory
I/logwrapper( 2975): /system/bin/ami304d terminated by exit(255)
D/FTM     (   86): [MIUI] msg2133_tpd Magnum
D/FTM     (   86): [MIUI] NOT msg2133_tpd_reset
D/FTM     (   86): [MIUI] KEY:DOWN
D/FTM     (   86): [MIUI] sel=22, maxrows=24, menu_from=1, menu_sel=22
D/FTM     (   86): [MIUI] msg2133_tpd Magnum
D/FTM     (   86): [MIUI] NOT msg2133_tpd_reset
D/FTM     (   86): [MIUI] KEY:DOWN
D/FTM     (   86): [MIUI] [2]update menu_from: 1 --> 0
D/FTM     (   86): [MIUI] [3]update menu_from: 0 --> 1
D/FTM     (   86): [MIUI] sel=23, maxrows=24, menu_from=1, menu_sel=23
D/FTM     (   86): [MIUI] msg2133_tpd Magnum
D/FTM     (   86): [MIUI] NOT msg2133_tpd_reset
D/FTM     (   86): [MIUI] KEY:DOWN
D/FTM     (   86): [MIUI] [2]update menu_from: 1 --> 1
D/FTM     (   86): [MIUI] sel=24, maxrows=24, menu_from=1, menu_sel=24
D/FTM     (   86): [MIUI] msg2133_tpd Magnum
D/FTM     (   86): [MIUI] NOT msg2133_tpd_reset
D/FTM     (   86): [MIUI] KEY:DOWN
D/FTM     (   86): [MIUI] [2]update menu_from: 1 --> 2
D/FTM     (   86): [MIUI] sel=25, maxrows=24, menu_from=2, menu_sel=25
E/IPCThreadState( 2982): IPCThread::waitForResponse checking error 3 : -32
E/IPCThreadState( 2984): IPCThread::waitForResponse checking error 3 : -32
D/FTM     (   86): [MIUI] msg2133_tpd Magnum
D/FTM     (   86): [MIUI] NOT msg2133_tpd_reset
D/FTM     (   86): [MIUI] KEY:UP
D/FTM     (   86): [MIUI] [2]update menu_from: 2 --> 1
D/FTM     (   86): [MIUI] sel=24, maxrows=24, menu_from=1, menu_sel=24
D/FTM     (   86): [MIUI] msg2133_tpd Magnum
D/FTM     (   86): [MIUI] NOT msg2133_tpd_reset
D/FTM     (   86): [MIUI] KEY:UP
D/FTM     (   86): [MIUI] [2]update menu_from: 1 --> 0
D/FTM     (   86): [MIUI] [3]update menu_from: 0 --> 1
D/FTM     (   86): [MIUI] sel=23, maxrows=24, menu_from=1, menu_sel=23
D/FTM     (   86): [MIUI] msg2133_tpd Magnum
D/FTM     (   86): [MIUI] NOT msg2133_tpd_reset
D/FTM     (   86): [MIUI] KEY:UP
D/FTM     (   86): [MIUI] sel=22, maxrows=24, menu_from=1, menu_sel=22
D/FTM     (   86): [MIUI] msg2133_tpd Magnum
D/FTM     (   86): [MIUI] NOT msg2133_tpd_reset
D/FTM     (   86): [MIUI] KEY:UP
D/FTM     (   86): [MIUI] sel=21, maxrows=24, menu_from=1, menu_sel=21
D/FTM     (   86): [MIUI] msg2133_tpd Magnum
D/FTM     (   86): [MIUI] NOT msg2133_tpd_reset
D/FTM     (   86): [MIUI] KEY:CONFIRM
D/FTM     (   86): [FT_BT] bt_entry
D/FTM     (   86): [MIUI] itemview_set_title
D/FTM     (   86): [MIUI] itemview_set_items
D/FTM     (   86): [MIUI] itemview_run 0xd3550
D/FTM     (   86): [FT_BT] bt_update_thread: Start
W/[FT_BT] (   86): FM_BT_init #251
I/bluedroid(   86): BTOFF_FMON_handling
I/bluedroid(   86): Starting bluetoothd deamon
I/bluedroid(   86): Starting bluetoothd daemon... Done!
E/logwrapper( 2987): executing /system/bin/ami304d failed: No such file or directory
I/logwrapper( 2986): /system/bin/ami304d terminated by exit(255)
W/[FT_BT] (   86): BT_FM_Thread #452
E/IPCThreadState( 2994): IPCThread::waitForResponse checking error 3 : -32
E/IPCThreadState( 2996): IPCThread::waitForResponse checking error 3 : -32
E/logwrapper( 2998): executing /system/bin/ami304d failed: No such file or directory
I/logwrapper( 2997): /system/bin/ami304d terminated by exit(255)
E/IPCThreadState( 3004): IPCThread::waitForResponse checking error 3 : -32
E/IPCThreadState( 3006): IPCThread::waitForResponse checking error 3 : -32
E/logwrapper( 3008): executing /system/bin/ami304d failed: No such file or directory
I/logwrapper( 3007): /system/bin/ami304d terminated by exit(255)
E/IPCThreadState( 3014): IPCThread::waitForResponse checking error 3 : -32
E/IPCThreadState( 3016): IPCThread::waitForResponse checking error 3 : -32
D/[FT_BT] (   86): BT_FM_Thread: num_rsp = 0 
E/logwrapper( 3018): executing /system/bin/ami304d failed: No such file or directory
I/logwrapper( 3017): /system/bin/ami304d terminated by exit(255)
E/IPCThreadState( 3024): IPCThread::waitForResponse checking error 3 : -32
E/IPCThreadState( 3026): IPCThread::waitForResponse checking error 3 : -32
D/FTM     (   86): [MIUI] msg2133_tpd Magnum
D/FTM     (   86): [MIUI] NOT msg2133_tpd_reset
D/FTM     (   86): [MIUI] KEY:CONFIRM
D/FTM     (   86): [FT_BT] bt_update_thread: Exit
W/[FT_BT] (   86): FM_BT_deinit #310
D/[FT_BT] (   86): ---11--stop--
D/[FT_BT] (   86): ---11--909099--
D/FTM     (   86): [MAIN] Save test result to 
D/FTM     (   86): [MAIN]   Version=1
D/FTM     (   86): [MAIN]   Keys=1
D/FTM     (   86): [MAIN]   Touch Panel=0
D/FTM     (   86): [MAIN]   LCD Color=1
D/FTM     (   86): [MAIN]   LCD Contrast=1
D/FTM     (   86): [MAIN]   Memory Card=1
D/FTM     (   86): [MAIN]   SIM1 Detect=1
D/FTM     (   86): [MAIN]   SIM2 Detect=1
D/FTM     (   86): [MAIN]   Vibrator=1
D/FTM     (   86): [MAIN]   LED=1
D/FTM     (   86): [MAIN]   Speaker Test=1
D/FTM     (   86): [MAIN]   Receiver=1
D/FTM     (   86): [MAIN]   Loopback=1
D/FTM     (   86): [MAIN]   Headset=1
D/FTM     (   86): [MAIN]   G-Sensor Calibration=1
D/FTM     (   86): [MAIN]   G-Sensor=1
D/FTM     (   86): [MAIN]   ALS/PS=1
D/FTM     (   86): [MAIN]   Main Camera=1
D/FTM     (   86): [MAIN]   Sub Camera=1
D/FTM     (   86): [MAIN]   GPS-Power=1
D/FTM     (   86): [MAIN]   FM Radio=1
D/FTM     (   86): [MAIN]   Bluetooth=1
D/FTM     (   86): [MAIN]   Wi-Fi=1
D/FTM     (   86): [MAIN]   Battery & Charger=1
D/FTM     (   86): [MAIN]   Idle Current=1
D/FTM     (   86): [MIUI] itemview_run 0xbe815c24
D/FTM     (   86): [MIUI] msg2133_tpd Magnum
D/FTM     (   86): [MIUI] NOT msg2133_tpd_reset
D/FTM     (   86): [MIUI] KEY:DOWN
D/FTM     (   86): [MIUI] sel=22, maxrows=24, menu_from=1, menu_sel=22
D/FTM     (   86): [MIUI] msg2133_tpd Magnum
D/FTM     (   86): [MIUI] NOT msg2133_tpd_reset
D/FTM     (   86): [MIUI] KEY:CONFIRM
E/logwrapper( 3028): executing /system/bin/ami304d failed: No such file or directory
I/logwrapper( 3027): /system/bin/ami304d terminated by exit(255)
D/FTM     (   86): ---2
D/FTM     (   86): [FT_WIFI] wifi_entry
D/FTM     (   86): [MIUI] itemview_set_title
D/FTM     (   86): [MIUI] itemview_set_items
D/FTM     (   86): [MIUI] itemview_run 0xd7598
D/FTM     (   86): [FT_WIFI] wifi_update_thread: Start
D/WIFI-FM (   86): [FM_WIFI_init]++
D/WIFI-FM (   86): Ivan wifi_load_driver!!!
E/IPCThreadState( 3035): IPCThread::waitForResponse checking error 3 : -32
E/IPCThreadState( 3037): IPCThread::waitForResponse checking error 3 : -32
D/WIFI-FM (   86): ===Ivan wifi_load_driver===wait_driver_times=0====proc=-1345022044===
D/WIFI-FM (   86): [wifi_select_ap] new STA +++++++++!
D/WIFI-FM (   86): [wifi_select_ap] SSID : Network!
D/WIFI-FM (   86): [wifi_select_ap] mac : 90-f6-52-ac-42-56
D/WIFI-FM (   86): [wifi_select_ap] mode :  Infrastructure!
D/WIFI-FM (   86): [wifi_select_ap] rssi : -91 dBm
D/WIFI-FM (   86): [wifi_select_ap] invalid channel num
D/WIFI-FM (   86): [wifi_select_ap] rate : 54M!
E/WIFI-FM (   86): [wifi_select_ap] no suitable AP
I//system/bin/factory(   80): Scan result [14:00:15:8B:01:00:90:F6:52:AC:42:56:00:00:00:00:34:05:64:C0:0F:00:1B:8B:07:00:01:00:4E:65:74:77:6F:72:6B:08:00:07:8B:02:00:00:00:0C:00:05:8B:6C:09:00:00:06:00:01:00:08:00:01:8C:00:A5:A4:00:1E:00:05:8C:16:00:00:00:30:14:01:00:00:0F:AC:04:01:00:00:0F:AC:04:01:00:00:0F:AC:02:00:00:A3:00:05:8C:9B:00:00:00:DD:99:00:50:F2:04:10:4A:00:01:10:10:44:00:01:02:10:3B:00:01:03:10:47:00:10:00:00:00:00:00:00:10:00:00:00:90:F6:52:AC:42:10:10:21:00:07:54:50:2D:4C:49:4E:4B:10:23:00:09:54:4C:2D:57:52:37:34:30:4E:10:24:00:03:34:2E:30:10:42:00:03:31:2E:30:10:54:00:08:00:06:00:50:F2:04:00:01:10:11:00:19:57:69:72:65:6C:65:73:73:20:52:6F:75:74:65:72:20:54:4C:2D:57:52:37:34:30:4E:10:08:00:02:00:86:10:3C:00:01:01:10:49:00:14:00:24:E2:60:02:00:01:01:60:00:00:02:00:01:60:01:00:02:00:01:08:00:2B:8B:00:00:00:08:64:00:21:8B:40:42:0F:00:00:00:00:08:80:84:1E:00:00:00:00:08:60:EC:53:00:00:00:00:08:C0:D8:A7:00:00:00:00:08:80:8D:5B:00:00:00:00:08:40:54:89:00:00:00:00:08:00:1B:B7:00:00:00:00:08:80:A8:12:01:00:00:00:08:00:36:6E:01:00
D/FTM     (   86): [MIUI] msg2133_tpd Magnum
D/FTM     (   86): [MIUI] NOT msg2133_tpd_reset
D/FTM     (   86): [MIUI] KEY:DOWN
D/FTM     (   86): [MIUI] sel=1, maxrows=24, menu_from=1, menu_sel=1
E/logwrapper( 3045): executing /system/bin/ami304d failed: No such file or directory
I/logwrapper( 3044): /system/bin/ami304d terminated by exit(255)
D/FTM     (   86): [MIUI] msg2133_tpd Magnum
D/FTM     (   86): [MIUI] NOT msg2133_tpd_reset
D/FTM     (   86): [MIUI] KEY:CONFIRM
D/FTM     (   86): [MIUI] itemview_run 0xd7598
D/WIFI-FM (   86): [wifi_select_ap] new STA +++++++++!
D/WIFI-FM (   86): [wifi_select_ap] SSID : Network!
D/WIFI-FM (   86): [wifi_select_ap] mac : 90-f6-52-ac-42-56
D/WIFI-FM (   86): [wifi_select_ap] mode :  Infrastructure!
D/WIFI-FM (   86): [wifi_select_ap] rssi : -91 dBm
D/WIFI-FM (   86): [wifi_select_ap] invalid channel num
D/WIFI-FM (   86): [wifi_select_ap] rate : 54M!
E/WIFI-FM (   86): [wifi_select_ap] no suitable AP
I//system/bin/factory(   80): Scan result [14:00:15:8B:01:00:90:F6:52:AC:42:56:88:5E:3B:D4:F8:2A:4E:C0:0F:00:1B:8B:07:00:01:00:4E:65:74:77:6F:72:6B:08:00:07:8B:02:00:00:00:0C:00:05:8B:6C:09:00:00:06:00:01:00:08:00:01:8C:00:A5:A4:00:1E:00:05:8C:16:00:00:00:30:14:01:00:00:0F:AC:04:01:00:00:0F:AC:04:01:00:00:0F:AC:02:00:00:A3:00:05:8C:9B:00:00:00:DD:99:00:50:F2:04:10:4A:00:01:10:10:44:00:01:02:10:3B:00:01:03:10:47:00:10:00:00:00:00:00:00:10:00:00:00:90:F6:52:AC:42:10:10:21:00:07:54:50:2D:4C:49:4E:4B:10:23:00:09:54:4C:2D:57:52:37:34:30:4E:10:24:00:03:34:2E:30:10:42:00:03:31:2E:30:10:54:00:08:00:06:00:50:F2:04:00:01:10:11:00:19:57:69:72:65:6C:65:73:73:20:52:6F:75:74:65:72:20:54:4C:2D:57:52:37:34:30:4E:10:08:00:02:00:86:10:3C:00:01:01:10:49:00:14:00:24:E2:60:02:00:01:01:60:00:00:02:00:01:60:01:00:02:00:01:08:00:2B:8B:00:00:00:08:64:00:21:8B:40:42:0F:00:00:00:00:08:80:84:1E:00:00:00:00:08:60:EC:53:00:00:00:00:08:C0:D8:A7:00:00:00:00:08:80:8D:5B:00:00:00:00:08:40:54:89:00:00:00:00:08:00:1B:B7:00:00:00:00:08:80:A8:12:01:00:00:00:08:00:36:6E:01:00
E/IPCThreadState( 3052): IPCThread::waitForResponse checking error 3 : -32
E/IPCThreadState( 3054): IPCThread::waitForResponse checking error 3 : -32
D/FTM     (   86): [MIUI] msg2133_tpd Magnum
D/FTM     (   86): [MIUI] NOT msg2133_tpd_reset
D/FTM     (   86): [MIUI] KEY:CONFIRM
D/FTM     (   86): [MIUI] itemview_run 0xd7598
D/WIFI-FM (   86): [wifi_select_ap] new STA +++++++++!
D/WIFI-FM (   86): [wifi_select_ap] SSID : Network!
D/WIFI-FM (   86): [wifi_select_ap] mac : 90-f6-52-ac-42-56
D/WIFI-FM (   86): [wifi_select_ap] mode :  Infrastructure!
D/WIFI-FM (   86): [wifi_select_ap] rssi : -91 dBm
D/WIFI-FM (   86): [wifi_select_ap] invalid channel num
D/WIFI-FM (   86): [wifi_select_ap] rate : 54M!
E/WIFI-FM (   86): [wifi_select_ap] no suitable AP
I//system/bin/factory(   80): Scan result [14:00:15:8B:01:00:90:F6:52:AC:42:56:88:5E:3B:D4:F8:2A:4E:C0:0F:00:1B:8B:07:00:01:00:4E:65:74:77:6F:72:6B:08:00:07:8B:02:00:00:00:0C:00:05:8B:6C:09:00:00:06:00:01:00:08:00:01:8C:00:A5:A4:00:1E:00:05:8C:16:00:00:00:30:14:01:00:00:0F:AC:04:01:00:00:0F:AC:04:01:00:00:0F:AC:02:00:00:A3:00:05:8C:9B:00:00:00:DD:99:00:50:F2:04:10:4A:00:01:10:10:44:00:01:02:10:3B:00:01:03:10:47:00:10:00:00:00:00:00:00:10:00:00:00:90:F6:52:AC:42:10:10:21:00:07:54:50:2D:4C:49:4E:4B:10:23:00:09:54:4C:2D:57:52:37:34:30:4E:10:24:00:03:34:2E:30:10:42:00:03:31:2E:30:10:54:00:08:00:06:00:50:F2:04:00:01:10:11:00:19:57:69:72:65:6C:65:73:73:20:52:6F:75:74:65:72:20:54:4C:2D:57:52:37:34:30:4E:10:08:00:02:00:86:10:3C:00:01:01:10:49:00:14:00:24:E2:60:02:00:01:01:60:00:00:02:00:01:60:01:00:02:00:01:08:00:2B:8B:00:00:00:08:64:00:21:8B:40:42:0F:00:00:00:00:08:80:84:1E:00:00:00:00:08:60:EC:53:00:00:00:00:08:C0:D8:A7:00:00:00:00:08:80:8D:5B:00:00:00:00:08:40:54:89:00:00:00:00:08:00:1B:B7:00:00:00:00:08:80:A8:12:01:00:00:00:08:00:36:6E:01:00
D/FTM     (   86): [MIUI] msg2133_tpd Magnum
D/FTM     (   86): [MIUI] NOT msg2133_tpd_reset
D/FTM     (   86): [MIUI] KEY:UP
D/FTM     (   86): [MIUI] sel=0, maxrows=24, menu_from=1, menu_sel=0
D/FTM     (   86): [MIUI] msg2133_tpd Magnum
D/FTM     (   86): [MIUI] NOT msg2133_tpd_reset
D/FTM     (   86): [MIUI] KEY:CONFIRM
D/FTM     (   86): [FT_WIFI] wifi_update_thread: Exit
D/WIFI-FM (   86): [WIFI] wifi_unload_driver
E/logwrapper( 3056): executing /system/bin/ami304d failed: No such file or directory
I/logwrapper( 3055): /system/bin/ami304d terminated by exit(255)
D/WIFI-FM (   86): wifi_set_power, 0
W/WIFI-FM (   86): open(/sys/class/rfkill/rfkill3/type) failed: No such file or directory (2)
D/FTM     (   86): [MAIN] Save test result to 
D/FTM     (   86): [MAIN]   Version=1
D/FTM     (   86): [MAIN]   Keys=1
D/FTM     (   86): [MAIN]   Touch Panel=0
D/FTM     (   86): [MAIN]   LCD Color=1
D/FTM     (   86): [MAIN]   LCD Contrast=1
D/FTM     (   86): [MAIN]   Memory Card=1
D/FTM     (   86): [MAIN]   SIM1 Detect=1
D/FTM     (   86): [MAIN]   SIM2 Detect=1
D/FTM     (   86): [MAIN]   Vibrator=1
D/FTM     (   86): [MAIN]   LED=1
D/FTM     (   86): [MAIN]   Speaker Test=1
D/FTM     (   86): [MAIN]   Receiver=1
D/FTM     (   86): [MAIN]   Loopback=1
D/FTM     (   86): [MAIN]   Headset=1
D/FTM     (   86): [MAIN]   G-Sensor Calibration=1
D/FTM     (   86): [MAIN]   G-Sensor=1
D/FTM     (   86): [MAIN]   ALS/PS=1
D/FTM     (   86): [MAIN]   Main Camera=1
D/FTM     (   86): [MAIN]   Sub Camera=1
D/FTM     (   86): [MAIN]   GPS-Power=1
D/FTM     (   86): [MAIN]   FM Radio=1
D/FTM     (   86): [MAIN]   Bluetooth=1
D/FTM     (   86): [MAIN]   Wi-Fi=1
D/FTM     (   86): [MAIN]   Battery & Charger=1
D/FTM     (   86): [MAIN]   Idle Current=1
D/FTM     (   86): [MIUI] itemview_run 0xbe815c24
E/IPCThreadState( 3062): IPCThread::waitForResponse checking error 3 : -32
E/IPCThreadState( 3064): IPCThread::waitForResponse checking error 3 : -32
D/FTM     (   86): [MIUI] msg2133_tpd Magnum
D/FTM     (   86): [MIUI] NOT msg2133_tpd_reset
D/FTM     (   86): [MIUI] KEY:DOWN
D/FTM     (   86): [MIUI] [2]update menu_from: 1 --> 0
D/FTM     (   86): [MIUI] [3]update menu_from: 0 --> 1
D/FTM     (   86): [MIUI] sel=23, maxrows=24, menu_from=1, menu_sel=23
D/FTM     (   86): [MIUI] msg2133_tpd Magnum
D/FTM     (   86): [MIUI] NOT msg2133_tpd_reset
D/FTM     (   86): [MIUI] KEY:DOWN
D/FTM     (   86): [MIUI] [2]update menu_from: 1 --> 1
D/FTM     (   86): [MIUI] sel=24, maxrows=24, menu_from=1, menu_sel=24
D/FTM     (   86): [MIUI] msg2133_tpd Magnum
D/FTM     (   86): [MIUI] NOT msg2133_tpd_reset
D/FTM     (   86): [MIUI] KEY:UP
D/FTM     (   86): [MIUI] [2]update menu_from: 1 --> 0
D/FTM     (   86): [MIUI] [3]update menu_from: 0 --> 1
D/FTM     (   86): [MIUI] sel=23, maxrows=24, menu_from=1, menu_sel=23
D/FTM     (   86): [MIUI] msg2133_tpd Magnum
D/FTM     (   86): [MIUI] NOT msg2133_tpd_reset
D/FTM     (   86): [MIUI] KEY:UP
D/FTM     (   86): [MIUI] sel=22, maxrows=24, menu_from=1, menu_sel=22
E/logwrapper( 3066): executing /system/bin/ami304d failed: No such file or directory
I/logwrapper( 3065): /system/bin/ami304d terminated by exit(255)
E/IPCThreadState( 3072): IPCThread::waitForResponse checking error 3 : -32
E/IPCThreadState( 3074): IPCThread::waitForResponse checking error 3 : -32
E/logwrapper( 3076): executing /system/bin/ami304d failed: No such file or directory
I/logwrapper( 3075): /system/bin/ami304d terminated by exit(255)
E/IPCThreadState( 3082): IPCThread::waitForResponse checking error 3 : -32
E/IPCThreadState( 3084): IPCThread::waitForResponse checking error 3 : -32
E/logwrapper( 3086): executing /system/bin/ami304d failed: No such file or directory
I/logwrapper( 3085): /system/bin/ami304d terminated by exit(255)
E/IPCThreadState( 3092): IPCThread::waitForResponse checking error 3 : -32
E/IPCThreadState( 3094): IPCThread::waitForResponse checking error 3 : -32
E/logwrapper( 3096): executing /system/bin/ami304d failed: No such file or directory
I/logwrapper( 3095): /system/bin/ami304d terminated by exit(255)
E/IPCThreadState( 3102): IPCThread::waitForResponse checking error 3 : -32
E/IPCThreadState( 3104): IPCThread::waitForResponse checking error 3 : -32
E/logwrapper( 3106): executing /system/bin/ami304d failed: No such file or directory
I/logwrapper( 3105): /system/bin/ami304d terminated by exit(255)
E/IPCThreadState( 3112): IPCThread::waitForResponse checking error 3 : -32
E/IPCThreadState( 3114): IPCThread::waitForResponse checking error 3 : -32
E/logwrapper( 3116): executing /system/bin/ami304d failed: No such file or directory
I/logwrapper( 3115): /system/bin/ami304d terminated by exit(255)
E/IPCThreadState( 3122): IPCThread::waitForResponse checking error 3 : -32
E/IPCThreadState( 3124): IPCThread::waitForResponse checking error 3 : -32
E/logwrapper( 3126): executing /system/bin/ami304d failed: No such file or directory
I/logwrapper( 3125): /system/bin/ami304d terminated by exit(255)
E/IPCThreadState( 3132): IPCThread::waitForResponse checking error 3 : -32
E/IPCThreadState( 3134): IPCThread::waitForResponse checking error 3 : -32
E/logwrapper( 3136): executing /system/bin/ami304d failed: No such file or directory
I/logwrapper( 3135): /system/bin/ami304d terminated by exit(255)
E/IPCThreadState( 3142): IPCThread::waitForResponse checking error 3 : -32
E/IPCThreadState( 3144): IPCThread::waitForResponse checking error 3 : -32
E/logwrapper( 3146): executing /system/bin/ami304d failed: No such file or directory
I/logwrapper( 3145): /system/bin/ami304d terminated by exit(255)
E/IPCThreadState( 3152): IPCThread::waitForResponse checking error 3 : -32
E/IPCThreadState( 3154): IPCThread::waitForResponse checking error 3 : -32
E/logwrapper( 3156): executing /system/bin/ami304d failed: No such file or directory
I/logwrapper( 3155): /system/bin/ami304d terminated by exit(255)
E/IPCThreadState( 3163): IPCThread::waitForResponse checking error 3 : -32
E/IPCThreadState( 3165): IPCThread::waitForResponse checking error 3 : -32
E/logwrapper( 3167): executing /system/bin/ami304d failed: No such file or directory
I/logwrapper( 3166): /system/bin/ami304d terminated by exit(255)
E/IPCThreadState( 3173): IPCThread::waitForResponse checking error 3 : -32
E/IPCThreadState( 3175): IPCThread::waitForResponse checking error 3 : -32
E/logwrapper( 3177): executing /system/bin/ami304d failed: No such file or directory
I/logwrapper( 3176): /system/bin/ami304d terminated by exit(255)
E/IPCThreadState( 3183): IPCThread::waitForResponse checking error 3 : -32
E/IPCThreadState( 3185): IPCThread::waitForResponse checking error 3 : -32
E/logwrapper( 3187): executing /system/bin/ami304d failed: No such file or directory
I/logwrapper( 3186): /system/bin/ami304d terminated by exit(255)
E/IPCThreadState( 3193): IPCThread::waitForResponse checking error 3 : -32
E/IPCThreadState( 3195): IPCThread::waitForResponse checking error 3 : -32
E/logwrapper( 3197): executing /system/bin/ami304d failed: No such file or directory
I/logwrapper( 3196): /system/bin/ami304d terminated by exit(255)
E/IPCThreadState( 3203): IPCThread::waitForResponse checking error 3 : -32
E/IPCThreadState( 3205): IPCThread::waitForResponse checking error 3 : -32
E/logwrapper( 3207): executing /system/bin/ami304d failed: No such file or directory
I/logwrapper( 3206): /system/bin/ami304d terminated by exit(255)
E/IPCThreadState( 3213): IPCThread::waitForResponse checking error 3 : -32
E/IPCThreadState( 3215): IPCThread::waitForResponse checking error 3 : -32
E/logwrapper( 3217): executing /system/bin/ami304d failed: No such file or directory
I/logwrapper( 3216): /system/bin/ami304d terminated by exit(255)
E/IPCThreadState( 3223): IPCThread::waitForResponse checking error 3 : -32
E/IPCThreadState( 3225): IPCThread::waitForResponse checking error 3 : -32
E/logwrapper( 3227): executing /system/bin/ami304d failed: No such file or directory
I/logwrapper( 3226): /system/bin/ami304d terminated by exit(255)
E/IPCThreadState( 3233): IPCThread::waitForResponse checking error 3 : -32
E/IPCThreadState( 3235): IPCThread::waitForResponse checking error 3 : -32
E/logwrapper( 3237): executing /system/bin/ami304d failed: No such file or directory
I/logwrapper( 3236): /system/bin/ami304d terminated by exit(255)
E/IPCThreadState( 3243): IPCThread::waitForResponse checking error 3 : -32
E/IPCThreadState( 3245): IPCThread::waitForResponse checking error 3 : -32
E/logwrapper( 3248): executing /system/bin/ami304d failed: No such file or directory
I/logwrapper( 3247): /system/bin/ami304d terminated by exit(255)
E/IPCThreadState( 3254): IPCThread::waitForResponse checking error 3 : -32
E/IPCThreadState( 3256): IPCThread::waitForResponse checking error 3 : -32
E/logwrapper( 3258): executing /system/bin/ami304d failed: No such file or directory
I/logwrapper( 3257): /system/bin/ami304d terminated by exit(255)
E/IPCThreadState( 3264): IPCThread::waitForResponse checking error 3 : -32
E/IPCThreadState( 3266): IPCThread::waitForResponse checking error 3 : -32
E/logwrapper( 3269): executing /system/bin/ami304d failed: No such file or directory
I/logwrapper( 3268): /system/bin/ami304d terminated by exit(255)
D/FTM     (   86): [MIUI] msg2133_tpd Magnum
D/FTM     (   86): [MIUI] NOT msg2133_tpd_reset
D/FTM     (   86): [MIUI] KEY:DOWN
D/FTM     (   86): [MIUI] [2]update menu_from: 1 --> 0
D/FTM     (   86): [MIUI] [3]update menu_from: 0 --> 1
D/FTM     (   86): [MIUI] sel=23, maxrows=24, menu_from=1, menu_sel=23
E/IPCThreadState( 3275): IPCThread::waitForResponse checking error 3 : -32
E/IPCThreadState( 3277): IPCThread::waitForResponse checking error 3 : -32
D/FTM     (   86): [MIUI] msg2133_tpd Magnum
D/FTM     (   86): [MIUI] NOT msg2133_tpd_reset
D/FTM     (   86): [MIUI] KEY:CONFIRM
D/FTM     (   86): [Batt&Charging] battery_entry
D/FTM     (   86): [Batt&Charging] read channel[3] 5 times : 23890
D/FTM     (   86): [Batt&Charging] read channel[1] 5 times : 19170
D/FTM     (   86): [Batt&Charging] read channel[0] 5 times : 19615
D/FTM     (   86): [Batt&Charging] read channel[30] 5 times : 29
D/FTM     (   86): [Batt&Charging] read channel[66] 5 times : -235
D/FTM     (   86): [MIUI] itemview_set_title
D/FTM     (   86): [MIUI] itemview_set_items
D/FTM     (   86): [MIUI] itemview_run 0xdb5e0
D/FTM     (   86): [Batt&Charging] battery_update_iv_thread: Start
D/FTM     (   86): [Batt&Charging] read channel[3] 5 times : 25275
D/FTM     (   86): [Batt&Charging] read channel[1] 5 times : 18820
D/FTM     (   86): [Batt&Charging] read channel[0] 5 times : 19050
D/FTM     (   86): [Batt&Charging] read channel[30] 5 times : 30
D/FTM     (   86): [Batt&Charging] read channel[66] 5 times : -263
D/FTM     (   86): [MIUI] msg2133_tpd Magnum
D/FTM     (   86): [MIUI] NOT msg2133_tpd_reset
D/FTM     (   86): [MIUI] KEY:DOWN
D/FTM     (   86): [MIUI] sel=1, maxrows=24, menu_from=1, menu_sel=1
D/FTM     (   86): [MIUI] msg2133_tpd Magnum
D/FTM     (   86): [MIUI] NOT msg2133_tpd_reset
D/FTM     (   86): [MIUI] KEY:DOWN
D/FTM     (   86): [MIUI] sel=2, maxrows=24, menu_from=1, menu_sel=2
D/FTM     (   86): [Batt&Charging] read channel[3] 5 times : 23890
D/FTM     (   86): [Batt&Charging] read channel[1] 5 times : 19100
D/FTM     (   86): [Batt&Charging] read channel[0] 5 times : 19570
D/FTM     (   86): [Batt&Charging] read channel[30] 5 times : 30
D/FTM     (   86): [Batt&Charging] read channel[66] 5 times : -263
E/logwrapper( 3280): executing /system/bin/ami304d failed: No such file or directory
I/logwrapper( 3279): /system/bin/ami304d terminated by exit(255)
D/FTM     (   86): [MIUI] msg2133_tpd Magnum
D/FTM     (   86): [MIUI] NOT msg2133_tpd_reset
D/FTM     (   86): [MIUI] KEY:CONFIRM
D/FTM     (   86): [MIUI] itemview_run 0xdb5e0
D/FTM     (   86): [Batt&Charging] read channel[3] 5 times : 25442
D/FTM     (   86): [Batt&Charging] read channel[1] 5 times : 18725
D/FTM     (   86): [Batt&Charging] read channel[0] 5 times : 18725
D/FTM     (   86): [Batt&Charging] read channel[30] 5 times : 30
D/FTM     (   86): [Batt&Charging] read channel[66] 5 times : -283
D/FTM     (   86): [MIUI] msg2133_tpd Magnum
D/FTM     (   86): [MIUI] NOT msg2133_tpd_reset
D/FTM     (   86): [MIUI] KEY:CONFIRM
E/IPCThreadState( 3286): IPCThread::waitForResponse checking error 3 : -32
D/FTM     (   86): [MIUI] itemview_run 0xdb5e0
E/IPCThreadState( 3288): IPCThread::waitForResponse checking error 3 : -32
D/FTM     (   86): [Batt&Charging] read channel[3] 5 times : 25275
D/FTM     (   86): [Batt&Charging] read channel[1] 5 times : 18820
D/FTM     (   86): [Batt&Charging] read channel[0] 5 times : 19030
D/FTM     (   86): [Batt&Charging] read channel[30] 5 times : 29
D/FTM     (   86): [Batt&Charging] read channel[66] 5 times : -478
D/FTM     (   86): [MIUI] msg2133_tpd Magnum
D/FTM     (   86): [MIUI] NOT msg2133_tpd_reset
D/FTM     (   86): [MIUI] KEY:DOWN
D/FTM     (   86): [MIUI] sel=3, maxrows=24, menu_from=1, menu_sel=3
D/FTM     (   86): [MIUI] msg2133_tpd Magnum
D/FTM     (   86): [MIUI] NOT msg2133_tpd_reset
D/FTM     (   86): [MIUI] KEY:CONFIRM
D/FTM     (   86): [Batt&Charging] read channel[3] 5 times : 25442
D/FTM     (   86): [Batt&Charging] read channel[1] 5 times : 18700
D/FTM     (   86): [Batt&Charging] read channel[0] 5 times : 18725
