E/IPCThreadState( 2446): IPCThread::waitForResponse checking error 3 : -32
E/logwrapper( 2448): executing /system/bin/ami304d failed: No such file or directory
I/logwrapper( 2447): /system/bin/ami304d terminated by exit(255)
E/IPCThreadState( 2454): IPCThread::waitForResponse checking error 3 : -32
E/IPCThreadState( 2456): IPCThread::waitForResponse checking error 3 : -32
E/logwrapper( 2458): executing /system/bin/ami304d failed: No such file or directory
I/logwrapper( 2457): /system/bin/ami304d terminated by exit(255)
E/IPCThreadState( 2464): IPCThread::waitForResponse checking error 3 : -32
E/IPCThreadState( 2466): IPCThread::waitForResponse checking error 3 : -32
E/logwrapper( 2468): executing /system/bin/ami304d failed: No such file or directory
I/logwrapper( 2467): /system/bin/ami304d terminated by exit(255)
E/IPCThreadState( 2474): IPCThread::waitForResponse checking error 3 : -32
E/IPCThreadState( 2476): IPCThread::waitForResponse checking error 3 : -32
E/logwrapper( 2478): executing /system/bin/ami304d failed: No such file or directory
I/logwrapper( 2477): /system/bin/ami304d terminated by exit(255)
E/IPCThreadState( 2484): IPCThread::waitForResponse checking error 3 : -32
E/IPCThreadState( 2486): IPCThread::waitForResponse checking error 3 : -32
E/logwrapper( 2488): executing /system/bin/ami304d failed: No such file or directory
I/logwrapper( 2487): /system/bin/ami304d terminated by exit(255)
E/IPCThreadState( 2494): IPCThread::waitForResponse checking error 3 : -32
E/IPCThreadState( 2496): IPCThread::waitForResponse checking error 3 : -32
E/logwrapper( 2498): executing /system/bin/ami304d failed: No such file or directory
I/logwrapper( 2497): /system/bin/ami304d terminated by exit(255)
E/IPCThreadState( 2504): IPCThread::waitForResponse checking error 3 : -32
E/IPCThreadState( 2506): IPCThread::waitForResponse checking error 3 : -32
E/logwrapper( 2509): executing /system/bin/ami304d failed: No such file or directory
I/logwrapper( 2508): /system/bin/ami304d terminated by exit(255)
E/IPCThreadState( 2515): IPCThread::waitForResponse checking error 3 : -32
E/IPCThreadState( 2517): IPCThread::waitForResponse checking error 3 : -32
E/logwrapper( 2519): executing /system/bin/ami304d failed: No such file or directory
I/logwrapper( 2518): /system/bin/ami304d terminated by exit(255)
E/IPCThreadState( 2525): IPCThread::waitForResponse checking error 3 : -32
E/IPCThreadState( 2527): IPCThread::waitForResponse checking error 3 : -32
E/logwrapper( 2529): executing /system/bin/ami304d failed: No such file or directory
I/logwrapper( 2528): /system/bin/ami304d terminated by exit(255)
E/IPCThreadState( 2535): IPCThread::waitForResponse checking error 3 : -32
E/IPCThreadState( 2537): IPCThread::waitForResponse checking error 3 : -32
E/logwrapper( 2539): executing /system/bin/ami304d failed: No such file or directory
I/logwrapper( 2538): /system/bin/ami304d terminated by exit(255)
E/IPCThreadState( 2545): IPCThread::waitForResponse checking error 3 : -32
E/IPCThreadState( 2547): IPCThread::waitForResponse checking error 3 : -32
E/logwrapper( 2549): executing /system/bin/ami304d failed: No such file or directory
I/logwrapper( 2548): /system/bin/ami304d terminated by exit(255)
E/IPCThreadState( 2555): IPCThread::waitForResponse checking error 3 : -32
E/IPCThreadState( 2557): IPCThread::waitForResponse checking error 3 : -32
E/logwrapper( 2559): executing /system/bin/ami304d failed: No such file or directory
I/logwrapper( 2558): /system/bin/ami304d terminated by exit(255)
E/IPCThreadState( 2565): IPCThread::waitForResponse checking error 3 : -32
E/IPCThreadState( 2567): IPCThread::waitForResponse checking error 3 : -32
E/logwrapper( 2569): executing /system/bin/ami304d failed: No such file or directory
I/logwrapper( 2568): /system/bin/ami304d terminated by exit(255)
E/IPCThreadState( 2575): IPCThread::waitForResponse checking error 3 : -32
E/IPCThreadState( 2577): IPCThread::waitForResponse checking error 3 : -32
E/logwrapper( 2579): executing /system/bin/ami304d failed: No such file or directory
I/logwrapper( 2578): /system/bin/ami304d terminated by exit(255)
E/IPCThreadState( 2585): IPCThread::waitForResponse checking error 3 : -32
E/IPCThreadState( 2587): IPCThread::waitForResponse checking error 3 : -32
E/logwrapper( 2590): executing /system/bin/ami304d failed: No such file or directory
I/logwrapper( 2589): /system/bin/ami304d terminated by exit(255)
E/IPCThreadState( 2596): IPCThread::waitForResponse checking error 3 : -32
E/IPCThreadState( 2598): IPCThread::waitForResponse checking error 3 : -32
E/logwrapper( 2600): executing /system/bin/ami304d failed: No such file or directory
I/logwrapper( 2599): /system/bin/ami304d terminated by exit(255)
E/IPCThreadState( 2606): IPCThread::waitForResponse checking error 3 : -32
E/IPCThreadState( 2608): IPCThread::waitForResponse checking error 3 : -32
E/logwrapper( 2611): executing /system/bin/ami304d failed: No such file or directory
I/logwrapper( 2610): /system/bin/ami304d terminated by exit(255)
E/IPCThreadState( 2617): IPCThread::waitForResponse checking error 3 : -32
E/IPCThreadState( 2619): IPCThread::waitForResponse checking error 3 : -32
D/FTM     (   86): [MIUI] msg2133_tpd Magnum
D/FTM     (   86): [MIUI] NOT msg2133_tpd_reset
D/FTM     (   86): [MIUI] KEY:DOWN
D/FTM     (   86): [MIUI] sel=19, maxrows=24, menu_from=1, menu_sel=19
D/FTM     (   86): [MIUI] msg2133_tpd Magnum
D/FTM     (   86): [MIUI] NOT msg2133_tpd_reset
D/FTM     (   86): [MIUI] KEY:DOWN
D/FTM     (   86): [MIUI] sel=20, maxrows=24, menu_from=1, menu_sel=20
E/logwrapper( 2621): executing /system/bin/ami304d failed: No such file or directory
I/logwrapper( 2620): /system/bin/ami304d terminated by exit(255)
D/FTM     (   86): [MIUI] msg2133_tpd Magnum
D/FTM     (   86): [MIUI] NOT msg2133_tpd_reset
D/FTM     (   86): [MIUI] KEY:DOWN
D/FTM     (   86): [MIUI] sel=21, maxrows=24, menu_from=1, menu_sel=21
D/FTM     (   86): [MIUI] msg2133_tpd Magnum
D/FTM     (   86): [MIUI] NOT msg2133_tpd_reset
D/FTM     (   86): [MIUI] KEY:DOWN
D/FTM     (   86): [MIUI] sel=22, maxrows=24, menu_from=1, menu_sel=22
D/FTM     (   86): [MIUI] msg2133_tpd Magnum
D/FTM     (   86): [MIUI] NOT msg2133_tpd_reset
D/FTM     (   86): [MIUI] KEY:DOWN
D/FTM     (   86): [MIUI] [2]update menu_from: 1 --> 0
D/FTM     (   86): [MIUI] [3]update menu_from: 0 --> 1
D/FTM     (   86): [MIUI] sel=23, maxrows=24, menu_from=1, menu_sel=23
D/FTM     (   86): [MIUI] msg2133_tpd Magnum
D/FTM     (   86): [MIUI] NOT msg2133_tpd_reset
D/FTM     (   86): [MIUI] KEY:DOWN
D/FTM     (   86): [MIUI] [2]update menu_from: 1 --> 1
D/FTM     (   86): [MIUI] sel=24, maxrows=24, menu_from=1, menu_sel=24
D/FTM     (   86): [MIUI] msg2133_tpd Magnum
D/FTM     (   86): [MIUI] NOT msg2133_tpd_reset
D/FTM     (   86): [MIUI] KEY:DOWN
D/FTM     (   86): [MIUI] [2]update menu_from: 1 --> 2
D/FTM     (   86): [MIUI] sel=25, maxrows=24, menu_from=2, menu_sel=25
E/IPCThreadState( 2627): IPCThread::waitForResponse checking error 3 : -32
E/IPCThreadState( 2629): IPCThread::waitForResponse checking error 3 : -32
E/logwrapper( 2631): executing /system/bin/ami304d failed: No such file or directory
I/logwrapper( 2630): /system/bin/ami304d terminated by exit(255)
E/IPCThreadState( 2637): IPCThread::waitForResponse checking error 3 : -32
E/IPCThreadState( 2639): IPCThread::waitForResponse checking error 3 : -32
D/FTM     (   86): [MIUI] msg2133_tpd Magnum
D/FTM     (   86): [MIUI] NOT msg2133_tpd_reset
D/FTM     (   86): [MIUI] KEY:UP
D/FTM     (   86): [MIUI] [2]update menu_from: 2 --> 1
D/FTM     (   86): [MIUI] sel=24, maxrows=24, menu_from=1, menu_sel=24
D/FTM     (   86): [MIUI] msg2133_tpd Magnum
D/FTM     (   86): [MIUI] NOT msg2133_tpd_reset
D/FTM     (   86): [MIUI] KEY:UP
D/FTM     (   86): [MIUI] [2]update menu_from: 1 --> 0
D/FTM     (   86): [MIUI] [3]update menu_from: 0 --> 1
D/FTM     (   86): [MIUI] sel=23, maxrows=24, menu_from=1, menu_sel=23
E/logwrapper( 2641): executing /system/bin/ami304d failed: No such file or directory
I/logwrapper( 2640): /system/bin/ami304d terminated by exit(255)
D/FTM     (   86): [MIUI] msg2133_tpd Magnum
D/FTM     (   86): [MIUI] NOT msg2133_tpd_reset
D/FTM     (   86): [MIUI] KEY:UP
D/FTM     (   86): [MIUI] sel=22, maxrows=24, menu_from=1, menu_sel=22
D/FTM     (   86): [MIUI] msg2133_tpd Magnum
D/FTM     (   86): [MIUI] NOT msg2133_tpd_reset
D/FTM     (   86): [MIUI] KEY:UP
D/FTM     (   86): [MIUI] sel=21, maxrows=24, menu_from=1, menu_sel=21
D/FTM     (   86): [MIUI] msg2133_tpd Magnum
D/FTM     (   86): [MIUI] NOT msg2133_tpd_reset
D/FTM     (   86): [MIUI] KEY:UP
D/FTM     (   86): [MIUI] sel=20, maxrows=24, menu_from=1, menu_sel=20
D/FTM     (   86): [MIUI] msg2133_tpd Magnum
D/FTM     (   86): [MIUI] NOT msg2133_tpd_reset
D/FTM     (   86): [MIUI] KEY:UP
D/FTM     (   86): [MIUI] sel=19, maxrows=24, menu_from=1, menu_sel=19
E/IPCThreadState( 2647): IPCThread::waitForResponse checking error 3 : -32
E/IPCThreadState( 2649): IPCThread::waitForResponse checking error 3 : -32
D/FTM     (   86): [MIUI] msg2133_tpd Magnum
D/FTM     (   86): [MIUI] NOT msg2133_tpd_reset
D/FTM     (   86): [MIUI] KEY:CONFIRM
E/logwrapper( 2651): executing /system/bin/ami304d failed: No such file or directory
I/logwrapper( 2650): /system/bin/ami304d terminated by exit(255)
D/FTM     (   86): [GPS]   gps_power_entry
D/FTM     (   86): [GPS]   gps_run_service: wait pid = 2652
I//system/bin/factory(   80): Starting GpsRun to run [Factory_High_SNR] job from [/system/etc/gpsconfig.xml] file
I//system/bin/factory(   80): /home/johnlee/GPS_Tinno/broadcom_SDK_support_glonass_0524/3.19.4.131779/vendor/broadcom/gps/allPartners/deliverables/glgpsapp/unix/../../../../allPartners/deliverables/glgpsapp/unix/main.c 65 The file [/tmp/-c.pid] could not be created, error [No such file or directory]
I//system/bin/factory(   80): Adjust [RUN_DIR] in Makefile.$(CUST)$(PLATF).mak to a valid directory
I//system/bin/factory(   80): 19:37:50.538 NVRAM directory [/data/gps/] created (2:No such file or directory)!
I//system/bin/factory(   80): 19:37:50.540 OpenFifo: Created new fifo [/data/gps/glgpsctrl].
I//system/bin/factory(   80): 19:37:50.540 OpenFifo: Opened "/data/gps/glgpsctrl"
I//system/bin/factory(   80): 19:37:50.540 SUPL: Certificate Path : /system/etc/security/
I//system/bin/factory(   80): 19:37:50.540 SUPL: TLS enable = 1
I//system/bin/factory(   80): 19:37:50.574 SUPL: Certificate Path : /system/etc/security/
I//system/bin/factory(   80): 19:37:50.574 SUPL: TLS enable = 1
I//system/bin/factory(   80): 19:37:50.587 (GpsHalLcsApiStart)
I//system/bin/factory(   80): 19:37:50.587 getmatchenv missing ANDROID_SOCKET_PREFIX_LCS ANDROID_SOCKET_gps
I//system/bin/factory(   80): 19:37:50.587 GpsHalPlatfCmdLcsApiInit: -1
I//system/bin/factory(   80): 19:37:50.587 LCSAPI_I: LCS socket /data/gps/gps
I//system/bin/factory(   80): 19:37:50.589 GpsHalPlatfCmdLcsApiInit: 28
I//system/bin/factory(   80): 19:37:50.589 GpsHalAiding::Init()
I//system/bin/factory(   80): 19:37:50.594 *** SYNPARSER: E=-5 in file XML CFG line(351) col(13) unexpected attribute (1) "AvgeragingIntervalSec"
I//system/bin/factory(   80): *** SYNPARSER: E=-5 in file XML CFG line(351) col(13) unexpected attribute (1) "AvgeragingIntervalSec"
I//system/bin/factory(   80): 19:37:50.594 *** SYNPARSER: E=-5 in file XML CFG line(351) col(35) unexpected attribute (1) "10"
I//system/bin/factory(   80): *** SYNPARSER: E=-5 in file XML CFG line(351) col(35) unexpected attribute (1) "10"
I//system/bin/factory(   80): 19:37:50.595 ---TASK---<Factory_High_SNR-test>---TASK---|1 of 100| sleep 0ms
I//system/bin/factory(   80): 19:37:50.595 BRM: GlRequest::MakeFactTestReq(6, -8, 3, 1, 60, 10)
I//system/bin/factory(   80): 19:37:50.602 nSTANDBY/REGPU GPIO path [/sys/class/rfkill/rfkill1/state]
I//system/bin/factory(   80): 19:37:50.602 nSTANDBY/REGPU GPIO path [/sys/class/rfkill/rfkill1/state]
I//system/bin/factory(   80): 19:37:50.745 GpsHalGpio_writesysfs pin [1] value[1
I//system/bin/factory(   80): ] successful
I//system/bin/factory(   80): 19:37:50.745 Power enable delay: 100ms
I//system/bin/factory(   80): 19:37:50.845 asic com thru TTY
I//system/bin/factory(   80): 19:37:50.845 GpsHalPlatfTTYOpen("/dev/ttyMT0",115200)
I//system/bin/factory(   80): 19:37:50.846 GpsHalPlatfTTYOpen(GPS: OPEN: 29)
I//system/bin/factory(   80): 19:37:50.846 LCSAPI_D: LCS: (lcsapi_ongpsstatus) 1
I//system/bin/factory(   80): 19:37:50.865 BRM: GlRequest::OnStart()
E/IPCThreadState( 2659): IPCThread::waitForResponse checking error 3 : -32
E/IPCThreadState( 2661): IPCThread::waitForResponse checking error 3 : -32
I//system/bin/factory(   80): 19:37:52.015 NvStorageToIgnore in GlctGlEngCbOnNvStgRead [5F|0]
I//system/bin/factory(   80): 19:37:52.015 NVRAM file [/data/gps/gldata.sto] opened for reading
I//system/bin/factory(   80): 19:37:52.016 Closed NVRAM file
I//system/bin/factory(   80): 19:37:52.016 OpenFifo: Opened "/data/gps/gpspipe"
I//system/bin/factory(   80): 19:37:52.016 GpsHalNmeaWrite: [cat /data/gps/gpspipe] to read NMEA and continue
I//system/bin/factory(   80): [cat /data/gps/gpspipe] to stream out NMEA
I//system/bin/factory(   80): 19:37:52.035 BRM: GlRequest::OnFactTest()
I//system/bin/factory(   80): 19:37:52.035 SUPL_H: GlArpSuplEvents
I//system/bin/factory(   80): 19:37:52.035 SUPL_H: supl_enabled=1
I//system/bin/factory(   80): 19:37:52.035 SUPL: GLCTEV_PAL_GLL_ASST_REQ received
I//system/bin/factory(   80): 19:37:52.036 SUPL_H: pthread_create(&thread,0, rti_start, 0)
I//system/bin/factory(   80): 19:37:52.037 SUPL_H: rti_answer:415: ERROR gethostbyname: err-code=0(Unknown error: 0)
D/FTM     (   86): [GPS]   gps_run_service: wait loop = 1
D/FTM     (   86): [MIUI] itemview_set_title
D/FTM     (   86): [MIUI] itemview_set_items
D/FTM     (   86): [MIUI] itemview_run 0xcb4c0
D/FTM     (   86): [GPS]   gps_power_update_iv_thread: Start
D/FTM     (   86): [MIUI] msg2133_tpd Magnum
D/FTM     (   86): [MIUI] NOT msg2133_tpd_reset
D/FTM     (   86): [MIUI] KEY:CONFIRM
D/FTM     (   86): [GPS]   gps_power_entry, chosen = 0
D/FTM     (   86): [GPS]   gps_power_entry ITEM_FAIL
D/FTM     (   86): [GPS]   gps_power_entry, gps->exit_thd = true
I//system/bin/factory(   80): 19:37:53.015 BRM: GlRequest::OnFactTest()
D/FTM     (   86): [GPS]   gps_power_update_iv_thread: Exit
D/FTM     (   86): [GPS]   GPS_Close() 1
D/FTM     (   86): [MAIN] Save test result to 
D/FTM     (   86): [MAIN]   Version=1
D/FTM     (   86): [MAIN]   Keys=1
D/FTM     (   86): [MAIN]   Touch Panel=0
D/FTM     (   86): [MAIN]   LCD Color=1
D/FTM     (   86): [MAIN]   LCD Contrast=1
D/FTM     (   86): [MAIN]   Memory Card=1
D/FTM     (   86): [MAIN]   SIM1 Detect=1
D/FTM     (   86): [MAIN]   SIM2 Detect=1
D/FTM     (   86): [MAIN]   Vibrator=1
D/FTM     (   86): [MAIN]   LED=1
D/FTM     (   86): [MAIN]   Speaker Test=1
D/FTM     (   86): [MAIN]   Receiver=1
D/FTM     (   86): [MAIN]   Loopback=1
D/FTM     (   86): [MAIN]   Headset=1
D/FTM     (   86): [MAIN]   G-Sensor Calibration=1
D/FTM     (   86): [MAIN]   G-Sensor=1
D/FTM     (   86): [MAIN]   ALS/PS=1
D/FTM     (   86): [MAIN]   Main Camera=1
D/FTM     (   86): [MAIN]   Sub Camera=1
D/FTM     (   86): [MAIN]   GPS-Power=1
D/FTM     (   86): [MAIN]   FM Radio=1
D/FTM     (   86): [MAIN]   Bluetooth=1
D/FTM     (   86): [MAIN]   Wi-Fi=1
D/FTM     (   86): [MAIN]   Battery & Charger=1
D/FTM     (   86): [MAIN]   Idle Current=1
D/FTM     (   86): [MIUI] itemview_run 0xbe815c24
D/FTM     (   86): [MIUI] msg2133_tpd Magnum
D/FTM     (   86): [MIUI] NOT msg2133_tpd_reset
D/FTM     (   86): [MIUI] KEY:CONFIRM
D/FTM     (   86): [GPS]   gps_power_entry
D/FTM     (   86): [GPS]   gps_run_service: wait pid = 2664
I//system/bin/factory(   80): Starting GpsRun to run [Factory_High_SNR] job from [/system/etc/gpsconfig.xml] file
I//system/bin/factory(   80): /home/johnlee/GPS_Tinno/broadcom_SDK_support_glonass_0524/3.19.4.131779/vendor/broadcom/gps/allPartners/deliverables/glgpsapp/unix/../../../../allPartners/deliverables/glgpsapp/unix/main.c 65 The file [/tmp/-c.pid] could not be created, error [No such file or directory]
I//system/bin/factory(   80): Adjust [RUN_DIR] in Makefile.$(CUST)$(PLATF).mak to a valid directory
I//system/bin/factory(   80): 19:37:54.557 NVRAM directory [/data/gps/] created (2:No such file or directory)!
I//system/bin/factory(   80): 19:37:54.559 OpenFifo: Created new fifo [/data/gps/glgpsctrl].
I//system/bin/factory(   80): 19:37:54.559 OpenFifo: Opened "/data/gps/glgpsctrl"
I//system/bin/factory(   80): 19:37:54.559 SUPL: Certificate Path : /system/etc/security/
I//system/bin/factory(   80): 19:37:54.559 SUPL: TLS enable = 1
I//system/bin/factory(   80): 19:37:54.566 SUPL: Certificate Path : /system/etc/security/
I//system/bin/factory(   80): 19:37:54.566 SUPL: TLS enable = 1
I//system/bin/factory(   80): 19:37:54.567 (GpsHalLcsApiStart)
I//system/bin/factory(   80): 19:37:54.567 getmatchenv missing ANDROID_SOCKET_PREFIX_LCS ANDROID_SOCKET_gps
I//system/bin/factory(   80): 19:37:54.567 GpsHalPlatfCmdLcsApiInit: -1
I//system/bin/factory(   80): 19:37:54.567 LCSAPI_I: LCS socket /data/gps/gps
I//system/bin/factory(   80): 19:37:54.568 GpsHalPlatfCmdLcsApiInit: 28
I//system/bin/factory(   80): 19:37:54.568 GpsHalAiding::Init()
I//system/bin/factory(   80): 19:37:54.574 *** SYNPARSER: E=-5 in file XML CFG line(351) col(13) unexpected attribute (1) "AvgeragingIntervalSec"
I//system/bin/factory(   80): *** SYNPARSER: E=-5 in file XML CFG line(351) col(13) unexpected attribute (1) "AvgeragingIntervalSec"
I//system/bin/factory(   80): 19:37:54.574 *** SYNPARSER: E=-5 in file XML CFG line(351) col(35) unexpected attribute (1) "10"
I//system/bin/factory(   80): *** SYNPARSER: E=-5 in file XML CFG line(351) col(35) unexpected attribute (1) "10"
I//system/bin/factory(   80): 19:37:54.574 ---TASK---<Factory_High_SNR-test>---TASK---|1 of 100| sleep 0ms
I//system/bin/factory(   80): 19:37:54.574 BRM: GlRequest::MakeFactTestReq(6, -8, 3, 1, 60, 10)
I//system/bin/factory(   80): 19:37:54.574 nSTANDBY/REGPU GPIO path [/sys/class/rfkill/rfkill1/state]
I//system/bin/factory(   80): 19:37:54.575 nSTANDBY/REGPU GPIO path [/sys/class/rfkill/rfkill1/state]
I//system/bin/factory(   80): 19:37:54.575 GpsHalGpio_writesysfs pin [1] value[0
I//system/bin/factory(   80): ] successful
I//system/bin/factory(   80): 19:37:54.625 nSTANDBY/REGPU GPIO path [/sys/class/rfkill/rfkill1/state]
I//system/bin/factory(   80): 19:37:54.735 GpsHalGpio_writesysfs pin [1] value[1
I//system/bin/factory(   80): ] successful
I//system/bin/factory(   80): 19:37:54.735 Power enable delay: 100ms
I//system/bin/factory(   80): 19:37:54.835 asic com thru TTY
I//system/bin/factory(   80): 19:37:54.835 GpsHalPlatfTTYOpen("/dev/ttyMT0",115200)
I//system/bin/factory(   80): 19:37:54.836 GpsHalPlatfTTYOpen(GPS: OPEN: 29)
I//system/bin/factory(   80): 19:37:54.836 LCSAPI_D: LCS: (lcsapi_ongpsstatus) 1
I//system/bin/factory(   80): 19:37:54.838 BRM: GlRequest::OnStart()
E/logwrapper( 2667): executing /system/bin/ami304d failed: No such file or directory
I/logwrapper( 2666): /system/bin/ami304d terminated by exit(255)
I//system/bin/factory(   80): 19:37:56.035 NvStorageToIgnore in GlctGlEngCbOnNvStgRead [5F|0]
I//system/bin/factory(   80): 19:37:56.035 NVRAM file [/data/gps/gldata.sto] opened for reading
I//system/bin/factory(   80): 19:37:56.036 Closed NVRAM file
I//system/bin/factory(   80): 19:37:56.036 OpenFifo: Opened "/data/gps/gpspipe"
I//system/bin/factory(   80): 19:37:56.036 GpsHalNmeaWrite: [cat /data/gps/gpspipe] to read NMEA and continue
I//system/bin/factory(   80): [cat /data/gps/gpspipe] to stream out NMEA
I//system/bin/factory(   80): 19:37:56.045 BRM: GlRequest::OnFactTest()
I//system/bin/factory(   80): 19:37:56.046 SUPL_H: GlArpSuplEvents
I//system/bin/factory(   80): 19:37:56.046 SUPL_H: supl_enabled=1
I//system/bin/factory(   80): 19:37:56.046 SUPL: GLCTEV_PAL_GLL_ASST_REQ received
I//system/bin/factory(   80): 19:37:56.046 SUPL_H: pthread_create(&thread,0, rti_start, 0)
I//system/bin/factory(   80): 19:37:56.047 SUPL_H: rti_answer:415: ERROR gethostbyname: err-code=0(Unknown error: 0)
D/FTM     (   86): [GPS]   gps_run_service: wait loop = 1
D/FTM     (   86): [MIUI] itemview_set_title
D/FTM     (   86): [MIUI] itemview_set_items
D/FTM     (   86): [MIUI] itemview_run 0xcb4c0
D/FTM     (   86): [GPS]   gps_power_update_iv_thread: Start
E/IPCThreadState( 2675): IPCThread::waitForResponse checking error 3 : -32
E/IPCThreadState( 2677): IPCThread::waitForResponse checking error 3 : -32
I//system/bin/factory(   80): 19:37:57.035 BRM: GlRequest::OnFactTest()
D/FTM     (   86): [GPS]   gps_power_update_iv_thread: Exit
I//system/bin/factory(   80): 19:37:58.035 BRM: GlRequest::OnFactTest()
I//system/bin/factory(   80): 19:37:59.035 BRM: GlRequest::OnFactTest()
D/FTM     (   86): [MIUI] msg2133_tpd Magnum
D/FTM     (   86): [MIUI] NOT msg2133_tpd_reset
D/FTM     (   86): [MIUI] KEY:DOWN
D/FTM     (   86): [MIUI] sel=1, maxrows=24, menu_from=1, menu_sel=0
I//system/bin/factory(   80): 19:38:00.035 BRM: GlRequest::OnFactTest()
E/logwrapper( 2679): executing /system/bin/ami304d failed: No such file or directory
I/logwrapper( 2678): /system/bin/ami304d terminated by exit(255)
D/FTM     (   86): [MIUI] msg2133_tpd Magnum
D/FTM     (   86): [MIUI] NOT msg2133_tpd_reset
D/FTM     (   86): [MIUI] KEY:CONFIRM
D/FTM     (   86): [GPS]   gps_power_entry, chosen = 0
D/FTM     (   86): [GPS]   gps_power_entry ITEM_FAIL
D/FTM     (   86): [GPS]   gps_power_entry, gps->exit_thd = true
D/FTM     (   86): [GPS]   GPS_Close() 1
D/FTM     (   86): [MAIN] Save test result to 
D/FTM     (   86): [MAIN]   Version=1
D/FTM     (   86): [MAIN]   Keys=1
D/FTM     (   86): [MAIN]   Touch Panel=0
D/FTM     (   86): [MAIN]   LCD Color=1
D/FTM     (   86): [MAIN]   LCD Contrast=1
D/FTM     (   86): [MAIN]   Memory Card=1
D/FTM     (   86): [MAIN]   SIM1 Detect=1
D/FTM     (   86): [MAIN]   SIM2 Detect=1
D/FTM     (   86): [MAIN]   Vibrator=1
D/FTM     (   86): [MAIN]   LED=1
D/FTM     (   86): [MAIN]   Speaker Test=1
D/FTM     (   86): [MAIN]   Receiver=1
D/FTM     (   86): [MAIN]   Loopback=1
D/FTM     (   86): [MAIN]   Headset=1
D/FTM     (   86): [MAIN]   G-Sensor Calibration=1
D/FTM     (   86): [MAIN]   G-Sensor=1
D/FTM     (   86): [MAIN]   ALS/PS=1
D/FTM     (   86): [MAIN]   Main Camera=1
D/FTM     (   86): [MAIN]   Sub Camera=1
D/FTM     (   86): [MAIN]   GPS-Power=1
D/FTM     (   86): [MAIN]   FM Radio=1
D/FTM     (   86): [MAIN]   Bluetooth=1
D/FTM     (   86): [MAIN]   Wi-Fi=1
D/FTM     (   86): [MAIN]   Battery & Charger=1
D/FTM     (   86): [MAIN]   Idle Current=1
D/FTM     (   86): [MIUI] itemview_run 0xbe815c24
D/FTM     (   86): [MIUI] msg2133_tpd Magnum
D/FTM     (   86): [MIUI] NOT msg2133_tpd_reset
D/FTM     (   86): [MIUI] KEY:DOWN
D/FTM     (   86): [MIUI] sel=20, maxrows=24, menu_from=1, menu_sel=20
E/IPCThreadState( 2685): IPCThread::waitForResponse checking error 3 : -32
E/IPCThreadState( 2687): IPCThread::waitForResponse checking error 3 : -32
D/FTM     (   86): [MIUI] msg2133_tpd Magnum
D/FTM     (   86): [MIUI] NOT msg2133_tpd_reset
D/FTM     (   86): [MIUI] KEY:CONFIRM
D/FTM     (   86): [FM] fm_entry
D/FTM     (   86): [MIUI] itemview_set_title
D/FTM     (   86): [MIUI] itemview_set_items
D/        (   86): Common_Audio_init bMetaAudioInited == true, already init!!
D/FTM     (   86): [FM] preferred_freq 0 can't get
D/FTM     (   86): [FM] preferred_freq 1 can't get
D/FTM     (   86): [FM] preferred_freq 2 can't get
D/FTM     (   86): [FM] preferred_freq 3 can't get
D/FTM     (   86): [MIUI] itemview_run 0xcf508
D/FTM     (   86): [FM] fm_update_thread: Start
I/bluedroid(   86): fm_enable
I/bluedroid(   86): BTOFF_FMOFF_handling
I/bluedroid(   86): BTOFF_FMOFF_handling : receiving FM_ON
E/bluedroid(   86): =======buffer=1====
I/bluedroid(   86): ======hciattach_starting=0====is_hciattach_enabled=1
E/bluedroid(   86): =======buffer=1====
I/bluedroid(   86): Start hciattach daemon successed
I/bluedroid(   86): Starting btld...
I/bluedroid(   86): dtun_property_is_active : service.brcm.bt.fm.active=0
D/BTL-SERVER( 2690): /system/bin/btld:pid:2690, main(): calling set_aid_and_cap
D/BTL-SERVER( 2690): in set_aid_and_cap() pid:2690
V/BTL_CFG ( 2690): btl_cfg_get_btld_status: service.brcm.bt.btld=0
E/BTL-SERVER( 2690): BTLD starting...
E/BTLD    ( 2690): ##### ERROR : main: main :: BTLD starting 
E/BTLD    ( 2690):  #####
V/BTL_CFG ( 2690): btl_cfg_set_btld_status: service.brcm.bt.btld=1, ret=0
V/BTL_CFG ( 2690): btld_cfg_btld_pid : service.brcm.bt.btld_pid = 2690
V/BTL_CFG ( 2690): btl_cfg_set_btld_pid success : service.brcm.bt.btld_pid = 2690, ret = 0
I/BTL-SERVER( 2690): BTE version BCM1200_MI_10.3.16.26
I/BTL-SERVER( 2690): btld version BTLZ_MI_235.10.0.5 starting...
I/BTL-SERVER( 2690): Build time: Nov  2 2011 06:13:34
I/BTL_CFG ( 2690): btl_cfg_get_bdaddr: auto BDA=4325666A30D4
E/BTL_CFG ( 2690): WARNING : [service.brcm.bt.patchfile] property_get failed (0)
I/BTL_CFG ( 2690): btl_cfg_get_3way_conf_support: service.brcm.bt.3way_support=true
E/BTL_CFG ( 2690): WARNING : [service.brcm.bt.bt_wake_polar] property_get failed (0)
I/BTL_CFG ( 2690): btl_cfg_get_lpm_params: service.brcm.bt.bt_wake_polar=0
E/BTL_CFG ( 2690): WARNING : [service.brcm.bt.host_wake_polar] property_get failed (0)
I/BTL_CFG ( 2690): btl_cfg_get_lpm_params: service.brcm.bt.host_wake_polar=0
E/BTL_CFG ( 2690): WARNING : [service.brcm.bt.pcm_clk] property_get failed (0)
E/BTL_CFG ( 2690): WARNING : [service.brcm.bt.pcm_ms_role] property_get failed (0)
I/BTL_CFG ( 2690): btl_cfg_get_contacts_db: service.brcm.bt.contacts_db=/data/data/com.android.providers.contacts/databases/contacts2.db
D/BTL-SERVER( 2690): btld_set_nice_prio(): PRIO_PROCESS: 0, nice increment:-2
E/BTL-SERVER( 2690): ############### BTE_InitHW: Rfkill from Btld is skipped ...######
I/USERIAL_LINUX( 2690): USERIAL_Init
I/GKI_LINUX( 2690): GKI creating JOINABLE task 2
I/GKI_LINUX( 2690): Leaving GKI_create_task ca58 2 71120 APPL 64630 0
I/GKI_LINUX( 2690): GKI creating JOINABLE task 1
I/GKI_LINUX( 2690): Leaving GKI_create_task 39498 1 71160 BTU 64630 0
I/GKI_LINUX( 2690): GKI creating JOINABLE task 0
I/GKI_LINUX( 2690): Leaving GKI_create_task ae88 0 711a0 HCI 64630 0
W/BTLD    ( 2690): gki_set_timer_scheduling(()::scheduler current policy: 0
I/GKI_LINUX( 2690): GKI_run 
I/GKI_LINUX( 2690): gki_task_entry task_id=0
I/BLUEZ_HCI( 2690): HCISOCK_Open
I/BLUEZ_HCI( 2690): Leaving USERIAL_Open
I/GKI_LINUX( 2690): gki_task_entry task_id=1
E/BTLD    ( 2690): ################ btm_dev_init: SKIPPING HCI RESET ########
E/BTLD    ( 2690): #################### SKIPPING PATCHRAM DOWNLOAD ###################
E/BTLD    ( 2690): ########### SKIPPING READING PARAMETERS STEP#######
V/BTL_CFG ( 2690): btl_cfg_get_soft_onoff_enabled : service.brcm.bt.soft_onoff = 0
E/BTL_CFG ( 2690): WARNING : [service.brcm.bt.TRC_BTAPP] property_get failed (0)
D/BTLD    ( 2690): [bttrc] using compile default trace settings
I/GKI_LINUX( 2690): gki_task_entry task_id=2
I/BTAPP_FM( 2690): BTAPP_FM: Initialized IFS (res = 0)
I/BTLD    ( 2690): BTL_IF_RegisterSubSystem: Registered subsystem [FM]
I/BTAPP_FM( 2690): BTAPP_FM: Registered IFS (res = 0)
I/BTL-IFS-WRAPPER( 2690): wrp_sock_create: wrp_sock_create : created socket (fd 13)
D/BTL-IFS-WRAPPER( 2690): DTUN_MAKE_LOCAL_SERVER_NAME return name: brcm.bt.dtun.9000
D/BTL-IFS-WRAPPER( 2690): wrp_sock_bind: btl_ifs:wrp_sock_bind:socket_local_server_bind result:0 server_name:brcm.bt.dtun.9000
D/BTL-IFS-WRAPPER( 2690): wrp_sock_bind: socket_local_server_bind on port 9000
I/BTL-IFS-WRAPPER( 2690): wrp_sock_listen: wrp_sock_listen : (CTRL) listening on brcm.bt.dtun:9000 (13)
I//system/bin/btld( 2689): gki_alloc_free_queue in, id:3 
I//system/bin/btld( 2689): gki_alloc_free_queue calling  gki_init_free_queue, id:3  size:1712, totol:50
I//system/bin/btld( 2689): gki_alloc_free_queue ret OK, id:3  size:1712, totol:50
I/bluedroid(   86): dtun_property_is_active : service.brcm.bt.fm.active=1
I/bluedroid(   86): BTLD start retry count 2/20
I/bluedroid(   86): Starting daemons... Done!
I/bluedroid(   86): New state is BTOFF_FMON_handling
D/        (   86): FMLoopbackTest bEnable=1
D/        (   86): FMLoopbackTest for 6575.
D/        (   86): Audio_Set_Speaker_On Channel = 3
I//system/bin/factory(   80): < HCI Command: ogf 0x3f, ocf 0x0015, plen 3
I//system/bin/factory(   80):   00 00 03 
I/BLUEZ_HCI( 2690): ############### Received 9 number of bytes from the socket ##########
I//system/bin/btld( 2689): gki_alloc_free_queue in, id:2 
I//system/bin/btld( 2689): gki_alloc_free_queue calling  gki_init_free_queue, id:2  size:660, totol:45
I//system/bin/btld( 2689): gki_alloc_free_queue ret OK, id:2  size:660, totol:45
I//system/bin/factory(   80): > HCI Event: 0x0e plen 6
I//system/bin/factory(   80):   01 15 FC 00 00 00 
I//system/bin/factory(   80): < HCI Command: ogf 0x3f, ocf 0x0015, plen 4
I//system/bin/factory(   80):   05 00 5C 00 
I/BLUEZ_HCI( 2690): ############### Received 9 number of bytes from the socket ##########
I//system/bin/factory(   80): > HCI Event: 0x0e plen 6
I//system/bin/factory(   80):   01 15 FC 00 05 00 
I//system/bin/factory(   80): < HCI Command: ogf 0x3f, ocf 0x0015, plen 4
I//system/bin/factory(   80):   F8 00 9C 00 
I/BLUEZ_HCI( 2690): ############### Received 9 number of bytes from the socket ##########
I//system/bin/factory(   80): > HCI Event: 0x0e plen 6
I//system/bin/factory(   80):   01 15 FC 00 F8 00 
I//system/bin/factory(   80): < HCI Command: ogf 0x3f, ocf 0x0015, plen 4
I//system/bin/factory(   80):   0A 00 D4 62 
I/BLUEZ_HCI( 2690): ############### Received 9 number of bytes from the socket ##########
I//system/bin/factory(   80): > HCI Event: 0x0e plen 6
I//system/bin/factory(   80):   01 15 FC 00 0A 00 
I//system/bin/factory(   80): < HCI Command: ogf 0x3f, ocf 0x0015, plen 3
I//system/bin/factory(   80):   09 00 01 
I/BLUEZ_HCI( 2690): ############### Received 9 number of bytes from the socket ##########
I//system/bin/factory(   80): > HCI Event: 0x0e plen 6
I//system/bin/factory(   80):   01 15 FC 00 09 00 
D/FTM     (   86): [MIUI] msg2133_tpd Magnum
D/FTM     (   86): [MIUI] NOT msg2133_tpd_reset
D/FTM     (   86): [MIUI] KEY:DOWN
D/FTM     (   86): [MIUI] sel=1, maxrows=24, menu_from=1, menu_sel=1
D/FTM     (   86): [MIUI] msg2133_tpd Magnum
D/FTM     (   86): [MIUI] NOT msg2133_tpd_reset
D/FTM     (   86): [MIUI] KEY:CONFIRM
D/FTM     (   86): [MIUI] itemview_run 0xcf508
I//system/bin/factory(   80): < HCI Command: ogf 0x3f, ocf 0x0015, plen 4
I//system/bin/factory(   80):   0A 00 F8 5C 
I/BLUEZ_HCI( 2690): ############### Received 9 number of bytes from the socket ##########
I//system/bin/factory(   80): > HCI Event: 0x0e plen 6
I//system/bin/factory(   80):   01 15 FC 00 0A 00 
I//system/bin/factory(   80): < HCI Command: ogf 0x3f, ocf 0x0015, plen 3
I//system/bin/factory(   80):   09 00 01 
I/BLUEZ_HCI( 2690): ############### Received 9 number of bytes from the socket ##########
I//system/bin/factory(   80): > HCI Event: 0x0e plen 6
I//system/bin/factory(   80):   01 15 FC 00 09 00 
D/FTM     (   86): [MIUI] msg2133_tpd Magnum
D/FTM     (   86): [MIUI] NOT msg2133_tpd_reset
D/FTM     (   86): [MIUI] KEY:DOWN
D/FTM     (   86): [MIUI] sel=2, maxrows=24, menu_from=1, menu_sel=2
D/FTM     (   86): [MIUI] msg2133_tpd Magnum
D/FTM     (   86): [MIUI] NOT msg2133_tpd_reset
D/FTM     (   86): [MIUI] KEY:CONFIRM
D/FTM     (   86): [MIUI] itemview_run 0xcf508
I//system/bin/factory(   80): < HCI Command: ogf 0x3f, ocf 0x0015, plen 4
I//system/bin/factory(   80):   0A 00 C8 64 
I/BLUEZ_HCI( 2690): ############### Received 9 number of bytes from the socket ##########
I//system/bin/factory(   80): > HCI Event: 0x0e plen 6
I//system/bin/factory(   80):   01 15 FC 00 0A 00 
I//system/bin/factory(   80): < HCI Command: ogf 0x3f, ocf 0x0015, plen 3
I//system/bin/factory(   80):   09 00 01 
I/BLUEZ_HCI( 2690): ############### Received 9 number of bytes from the socket ##########
I//system/bin/factory(   80): > HCI Event: 0x0e plen 6
I//system/bin/factory(   80):   01 15 FC 00 09 00 
D/FTM     (   86): [MIUI] msg2133_tpd Magnum
D/FTM     (   86): [MIUI] NOT msg2133_tpd_reset
D/FTM     (   86): [MIUI] KEY:DOWN
D/FTM     (   86): [MIUI] sel=3, maxrows=24, menu_from=1, menu_sel=3
E/logwrapper( 2715): executing /system/bin/ami304d failed: No such file or directory
I/logwrapper( 2714): /system/bin/ami304d terminated by exit(255)
D/FTM     (   86): [MIUI] msg2133_tpd Magnum
D/FTM     (   86): [MIUI] NOT msg2133_tpd_reset
D/FTM     (   86): [MIUI] KEY:CONFIRM
D/FTM     (   86): [MIUI] itemview_run 0xcf508
I//system/bin/factory(   80): < HCI Command: ogf 0x3f, ocf 0x0015, plen 4
I//system/bin/factory(   80):   0A 00 4C 81 
I/BLUEZ_HCI( 2690): ############### Received 9 number of bytes from the socket ##########
I//system/bin/factory(   80): > HCI Event: 0x0e plen 6
I//system/bin/factory(   80):   01 15 FC 00 0A 00 
I//system/bin/factory(   80): < HCI Command: ogf 0x3f, ocf 0x0015, plen 3
I//system/bin/factory(   80):   09 00 01 
I/BLUEZ_HCI( 2690): ############### Received 9 number of bytes from the socket ##########
I//system/bin/factory(   80): > HCI Event: 0x0e plen 6
I//system/bin/factory(   80):   01 15 FC 00 09 00 
E/IPCThreadState( 2725): IPCThread::waitForResponse checking error 3 : -32
E/IPCThreadState( 2727): IPCThread::waitForResponse checking error 3 : -32
D/FTM     (   86): [MIUI] msg2133_tpd Magnum
D/FTM     (   86): [MIUI] NOT msg2133_tpd_reset
D/FTM     (   86): [MIUI] KEY:DOWN
D/FTM     (   86): [MIUI] sel=4, maxrows=24, menu_from=1, menu_sel=4
D/FTM     (   86): [MIUI] msg2133_tpd Magnum
D/FTM     (   86): [MIUI] NOT msg2133_tpd_reset
D/FTM     (   86): [MIUI] KEY:CONFIRM
D/FTM     (   86): [MIUI] itemview_run 0xcf508
I//system/bin/factory(   80): < HCI Command: ogf 0x3f, ocf 0x0015, plen 4
I//system/bin/factory(   80):   0A 00 6C 9D 
I/BLUEZ_HCI( 2690): ############### Received 9 number of bytes from the socket ##########
I//system/bin/factory(   80): > HCI Event: 0x0e plen 6
I//system/bin/factory(   80):   01 15 FC 00 0A 00 
I//system/bin/factory(   80): < HCI Command: ogf 0x3f, ocf 0x0015, plen 3
I//system/bin/factory(   80):   09 00 01 
I/BLUEZ_HCI( 2690): ############### Received 9 number of bytes from the socket ##########
I//system/bin/factory(   80): > HCI Event: 0x0e plen 6
I//system/bin/factory(   80):   01 15 FC 00 09 00 
D/FTM     (   86): [MIUI] msg2133_tpd Magnum
D/FTM     (   86): [MIUI] NOT msg2133_tpd_reset
D/FTM     (   86): [MIUI] KEY:DOWN
D/FTM     (   86): [MIUI] sel=5, maxrows=24, menu_from=1, menu_sel=0
E/logwrapper( 2733): executing /system/bin/ami304d failed: No such file or directory
I/logwrapper( 2732): /system/bin/ami304d terminated by exit(255)
D/FTM     (   86): [MIUI] msg2133_tpd Magnum
D/FTM     (   86): [MIUI] NOT msg2133_tpd_reset
D/FTM     (   86): [MIUI] KEY:CONFIRM
D/        (   86): FMLoopbackTest bEnable=0
D/        (   86): FMLoopbackTest for 6575.
D/        (   86): Audio_Set_Speaker_Off Channel = 3
D/FTM     (   86): [FM] fm_update_thread: Exit
D/        (   86): !Common_Audio_deinit bMetaAudioInited=1
D/FTM     (   86): [MAIN] Save test result to 
D/FTM     (   86): [MAIN]   Version=1
D/FTM     (   86): [MAIN]   Keys=1
D/FTM     (   86): [MAIN]   Touch Panel=0
D/FTM     (   86): [MAIN]   LCD Color=1
D/FTM     (   86): [MAIN]   LCD Contrast=1
D/FTM     (   86): [MAIN]   Memory Card=1
D/FTM     (   86): [MAIN]   SIM1 Detect=1
D/FTM     (   86): [MAIN]   SIM2 Detect=1
D/FTM     (   86): [MAIN]   Vibrator=1
D/FTM     (   86): [MAIN]   LED=1
D/FTM     (   86): [MAIN]   Speaker Test=1
D/FTM     (   86): [MAIN]   Receiver=1
D/FTM     (   86): [MAIN]   Loopback=1
D/FTM     (   86): [MAIN]   Headset=1
D/FTM     (   86): [MAIN]   G-Sensor Calibration=1
D/FTM     (   86): [MAIN]   G-Sensor=1
D/FTM     (   86): [MAIN]   ALS/PS=1
D/FTM     (   86): [MAIN]   Main Camera=1
D/FTM     (   86): [MAIN]   Sub Camera=1
D/FTM     (   86): [MAIN]   GPS-Power=1
D/FTM     (   86): [MAIN]   FM Radio=1
D/FTM     (   86): [MAIN]   Bluetooth=1
D/FTM     (   86): [MAIN]   Wi-Fi=1
D/FTM     (   86): [MAIN]   Battery & Charger=1
D/FTM     (   86): [MAIN]   Idle Current=1
D/FTM     (   86): [MIUI] itemview_run 0xbe815c24
E/IPCThreadState( 2739): IPCThread::waitForResponse checking error 3 : -32
E/IPCThreadState( 2741): IPCThread::waitForResponse checking error 3 : -32
E/logwrapper( 2743): executing /system/bin/ami304d failed: No such file or directory
I/logwrapper( 2742): /system/bin/ami304d terminated by exit(255)
E/IPCThreadState( 2749): IPCThread::waitForResponse checking error 3 : -32
E/IPCThreadState( 2751): IPCThread::waitForResponse checking error 3 : -32
E/logwrapper( 2753): executing /system/bin/ami304d failed: No such file or directory
I/logwrapper( 2752): /system/bin/ami304d terminated by exit(255)
E/IPCThreadState( 2759): IPCThread::waitForResponse checking error 3 : -32
E/IPCThreadState( 2761): IPCThread::waitForResponse checking error 3 : -32
E/logwrapper( 2763): executing /system/bin/ami304d failed: No such file or directory
I/logwrapper( 2762): /system/bin/ami304d terminated by exit(255)
E/IPCThreadState( 2769): IPCThread::waitForResponse checking error 3 : -32
E/IPCThreadState( 2771): IPCThread::waitForResponse checking error 3 : -32
E/logwrapper( 2773): executing /system/bin/ami304d failed: No such file or directory
I/logwrapper( 2772): /system/bin/ami304d terminated by exit(255)
E/IPCThreadState( 2779): IPCThread::waitForResponse checking error 3 : -32
E/IPCThreadState( 2781): IPCThread::waitForResponse checking error 3 : -32
E/logwrapper( 2783): executing /system/bin/ami304d failed: No such file or directory
I/logwrapper( 2782): /system/bin/ami304d terminated by exit(255)
E/IPCThreadState( 2789): IPCThread::waitForResponse checking error 3 : -32
E/IPCThreadState( 2791): IPCThread::waitForResponse checking error 3 : -32
E/logwrapper( 2793): executing /system/bin/ami304d failed: No such file or directory
I/logwrapper( 2792): /system/bin/ami304d terminated by exit(255)
E/IPCThreadState( 2799): IPCThread::waitForResponse checking error 3 : -32
E/IPCThreadState( 2801): IPCThread::waitForResponse checking error 3 : -32
E/logwrapper( 2803): executing /system/bin/ami304d failed: No such file or directory
I/logwrapper( 2802): /system/bin/ami304d terminated by exit(255)
E/IPCThreadState( 2809): IPCThread::waitForResponse checking error 3 : -32
E/IPCThreadState( 2811): IPCThread::waitForResponse checking error 3 : -32
E/logwrapper( 2813): executing /system/bin/ami304d failed: No such file or directory
I/logwrapper( 2812): /system/bin/ami304d terminated by exit(255)
E/IPCThreadState( 2819): IPCThread::waitForResponse checking error 3 : -32
E/IPCThreadState( 2821): IPCThread::waitForResponse checking error 3 : -32
E/logwrapper( 2824): executing /system/bin/ami304d failed: No such file or directory
I/logwrapper( 2823): /system/bin/ami304d terminated by exit(255)
E/IPCThreadState( 2830): IPCThread::waitForResponse checking error 3 : -32
E/IPCThreadState( 2832): IPCThread::waitForResponse checking error 3 : -32
E/logwrapper( 2834): executing /system/bin/ami304d failed: No such file or directory
I/logwrapper( 2833): /system/bin/ami304d terminated by exit(255)
E/IPCThreadState( 2840): IPCThread::waitForResponse checking error 3 : -32
E/IPCThreadState( 2842): IPCThread::waitForResponse checking error 3 : -32
E/logwrapper( 2844): executing /system/bin/ami304d failed: No such file or directory
I/logwrapper( 2843): /system/bin/ami304d terminated by exit(255)
E/IPCThreadState( 2850): IPCThread::waitForResponse checking error 3 : -32
E/IPCThreadState( 2852): IPCThread::waitForResponse checking error 3 : -32
E/logwrapper( 2854): executing /system/bin/ami304d failed: No such file or directory
I/logwrapper( 2853): /system/bin/ami304d terminated by exit(255)
E/IPCThreadState( 2860): IPCThread::waitForResponse checking error 3 : -32
E/IPCThreadState( 2862): IPCThread::waitForResponse checking error 3 : -32
E/logwrapper( 2864): executing /system/bin/ami304d failed: No such file or directory
I/logwrapper( 2863): /system/bin/ami304d terminated by exit(255)
E/IPCThreadState( 2870): IPCThread::waitForResponse checking error 3 : -32
E/IPCThreadState( 2872): IPCThread::waitForResponse checking error 3 : -32
E/logwrapper( 2874): executing /system/bin/ami304d failed: No such file or directory
I/logwrapper( 2873): /system/bin/ami304d terminated by exit(255)
E/IPCThreadState( 2880): IPCThread::waitForResponse checking error 3 : -32
E/IPCThreadState( 2882): IPCThread::waitForResponse checking error 3 : -32
E/logwrapper( 2884): executing /system/bin/ami304d failed: No such file or directory
I/logwrapper( 2883): /system/bin/ami304d terminated by exit(255)
E/IPCThreadState( 2890): IPCThread::waitForResponse checking error 3 : -32
E/IPCThreadState( 2892): IPCThread::waitForResponse checking error 3 : -32
E/logwrapper( 2895): executing /system/bin/ami304d failed: No such file or directory
I/logwrapper( 2894): /system/bin/ami304d terminated by exit(255)
E/IPCThreadState( 2901): IPCThread::waitForResponse checking error 3 : -32
E/IPCThreadState( 2903): IPCThread::waitForResponse checking error 3 : -32
E/logwrapper( 2905): executing /system/bin/ami304d failed: No such file or directory
I/logwrapper( 2904): /system/bin/ami304d terminated by exit(255)
E/IPCThreadState( 2911): IPCThread::waitForResponse checking error 3 : -32
E/IPCThreadState( 2913): IPCThread::waitForResponse checking error 3 : -32
E/logwrapper( 2915): executing /system/bin/ami304d failed: No such file or directory
I/logwrapper( 2914): /system/bin/ami304d terminated by exit(255)
E/IPCThreadState( 2921): IPCThread::waitForResponse checking error 3 : -32
E/IPCThreadState( 2923): IPCThread::waitForResponse checking error 3 : -32
E/logwrapper( 2925): executing /system/bin/ami304d failed: No such file or directory
I/logwrapper( 2924): /system/bin/ami304d terminated by exit(255)
E/IPCThreadState( 2931): IPCThread::waitForResponse checking error 3 : -32
E/IPCThreadState( 2933): IPCThread::waitForResponse checking error 3 : -32
E/logwrapper( 2935): executing /system/bin/ami304d failed: No such file or directory
I/logwrapper( 2934): /system/bin/ami304d terminated by exit(255)
E/IPCThreadState( 2941): IPCThread::waitForResponse checking error 3 : -32
E/IPCThreadState( 2943): IPCThread::waitForResponse checking error 3 : -32
E/logwrapper( 2945): executing /system/bin/ami304d failed: No such file or directory
I/logwrapper( 2944): /system/bin/ami304d terminated by exit(255)
E/IPCThreadState( 2951): IPCThread::waitForResponse checking error 3 : -32
E/IPCThreadState( 2953): IPCThread::waitForResponse checking error 3 : -32
E/logwrapper( 2955): executing /system/bin/ami304d failed: No such file or directory
I/logwrapper( 2954): /system/bin/ami304d terminated by exit(255)
E/IPCThreadState( 2961): IPCThread::waitForResponse checking error 3 : -32
E/IPCThreadState( 2963): IPCThread::waitForResponse checking error 3 : -32
E/logwrapper( 2966): executing /system/bin/ami304d failed: No such file or directory
I/logwrapper( 2965): /system/bin/ami304d terminated by exit(255)
E/IPCThreadState( 2972): IPCThread::waitForResponse checking error 3 : -32
E/IPCThreadState( 2974): IPCThread::waitForResponse checking error 3 : -32
D/FTM     (   86): [MIUI] msg2133_tpd Magnum
D/FTM     (   86): [MIUI] NOT msg2133_tpd_reset
D/FTM     (   86): [MIUI] KEY:DOWN
D/FTM     (   86): [MIUI] sel=21, maxrows=24, menu_from=1, menu_sel=21
E/logwrapper( 2976): executing /system/bin/ami304d failed: No such file or directory
I/logwrapper( 2975): /system/bin/ami304d terminated by exit(255)
D/FTM     (   86): [MIUI] msg2133_tpd Magnum
D/FTM     (   86): [MIUI] NOT msg2133_tpd_reset
D/FTM     (   86): [MIUI] KEY:DOWN
D/FTM     (   86): [MIUI] sel=22, maxrows=24, menu_from=1, menu_sel=22
D/FTM     (   86): [MIUI] msg2133_tpd Magnum
D/FTM     (   86): [MIUI] NOT msg2133_tpd_reset
D/FTM     (   86): [MIUI] KEY:DOWN
D/FTM     (   86): [MIUI] [2]update menu_from: 1 --> 0
D/FTM     (   86): [MIUI] [3]update menu_from: 0 --> 1
D/FTM     (   86): [MIUI] sel=23, maxrows=24, menu_from=1, menu_sel=23
D/FTM     (   86): [MIUI] msg2133_tpd Magnum
D/FTM     (   86): [MIUI] NOT msg2133_tpd_reset
D/FTM     (   86): [MIUI] KEY:DOWN
D/FTM     (   86): [MIUI] [2]update menu_from: 1 --> 1
D/FTM     (   86): [MIUI] sel=24, maxrows=24, menu_from=1, menu_sel=24
D/FTM     (   86): [MIUI] msg2133_tpd Magnum
D/FTM     (   86): [MIUI] NOT msg2133_tpd_reset
D/FTM     (   86): [MIUI] KEY:DOWN
D/FTM     (   86): [MIUI] [2]update menu_from: 1 --> 2
D/FTM     (   86): [MIUI] sel=25, maxrows=24, menu_from=2, menu_sel=25
E/IPCThreadState( 2982): IPCThread::waitForResponse checking error 3 : -32
E/IPCThreadState( 2984): IPCThread::waitForResponse checking error 3 : -32
D/FTM     (   86): [MIUI] msg2133_tpd Magnum
D/FTM     (   86): [MIUI] NOT msg2133_tpd_reset
D/FTM     (   86): [MIUI] KEY:UP
D/FTM     (   86): [MIUI] [2]update menu_from: 2 --> 1
D/FTM     (   86): [MIUI] sel=24, maxrows=24, menu_from=1, menu_sel=24
D/FTM     (   86): [MIUI] msg2133_tpd Magnum
D/FTM     (   86): [MIUI] NOT msg2133_tpd_reset
D/FTM     (   86): [MIUI] KEY:UP
D/FTM     (   86): [MIUI] [2]update menu_from: 1 --> 0
D/FTM     (   86): [MIUI] [3]update menu_from: 0 --> 1
D/FTM     (   86): [MIUI] sel=23, maxrows=24, menu_from=1, menu_sel=23
D/FTM     (   86): [MIUI] msg2133_tpd Magnum
D/FTM     (   86): [MIUI] NOT msg2133_tpd_reset
D/FTM     (   86): [MIUI] KEY:UP
D/FTM     (   86): [MIUI] sel=22, maxrows=24, menu_from=1, menu_sel=22
D/FTM     (   86): [MIUI] msg2133_tpd Magnum
D/FTM     (   86): [MIUI] NOT msg2133_tpd_reset
D/FTM     (   86): [MIUI] KEY:UP
D/FTM     (   86): [MIUI] sel=21, maxrows=24, menu_from=1, menu_sel=21
D/FTM     (   86): [MIUI] msg2133_tpd Magnum
D/FTM     (   86): [MIUI] NOT msg2133_tpd_reset
D/FTM     (   86): [MIUI] KEY:CONFIRM
D/FTM     (   86): [FT_BT] bt_entry
D/FTM     (   86): [MIUI] itemview_set_title
D/FTM     (   86): [MIUI] itemview_set_items
D/FTM     (   86): [MIUI] itemview_run 0xd3550
D/FTM     (   86): [FT_BT] bt_update_thread: Start
W/[FT_BT] (   86): FM_BT_init #251
I/bluedroid(   86): BTOFF_FMON_handling
I/bluedroid(   86): Starting bluetoothd deamon
I/bluedroid(   86): Starting bluetoothd daemon... Done!
E/logwrapper( 2987): executing /system/bin/ami304d failed: No such file or directory
I/logwrapper( 2986): /system/bin/ami304d terminated by exit(255)
W/[FT_BT] (   86): BT_FM_Thread #452
E/IPCThreadState( 2994): IPCThread::waitForResponse checking error 3 : -32
E/IPCThreadState( 2996): IPCThread::waitForResponse checking error 3 : -32
E/logwrapper( 2998): executing /system/bin/ami304d failed: No such file or directory
I/logwrapper( 2997): /system/bin/ami304d terminated by exit(255)
E/IPCThreadState( 3004): IPCThread::waitForResponse checking error 3 : -32
E/IPCThreadState( 3006): IPCThread::waitForResponse checking error 3 : -32
E/logwrapper( 3008): executing /system/bin/ami304d failed: No such file or directory
I/logwrapper( 3007): /system/bin/ami304d terminated by exit(255)
E/IPCThreadState( 3014): IPCThread::waitForResponse checking error 3 : -32
E/IPCThreadState( 3016): IPCThread::waitForResponse checking error 3 : -32
D/[FT_BT] (   86): BT_FM_Thread: num_rsp = 0 
E/logwrapper( 3018): executing /system/bin/ami304d failed: No such file or directory
I/logwrapper( 3017): /system/bin/ami304d terminated by exit(255)
E/IPCThreadState( 3024): IPCThread::waitForResponse checking error 3 : -32
E/IPCThreadState( 3026): IPCThread::waitForResponse checking error 3 : -32
D/FTM     (   86): [MIUI] msg2133_tpd Magnum
D/FTM     (   86): [MIUI] NOT msg2133_tpd_reset
D/FTM     (   86): [MIUI] KEY:CONFIRM
D/FTM     (   86): [FT_BT] bt_update_thread: Exit
W/[FT_BT] (   86): FM_BT_deinit #310
D/[FT_BT] (   86): ---11--stop--
D/[FT_BT] (   86): ---11--909099--
D/FTM     (   86): [MAIN] Save test result to 
D/FTM     (   86): [MAIN]   Version=1
D/FTM     (   86): [MAIN]   Keys=1
D/FTM     (   86): [MAIN]   Touch Panel=0
D/FTM     (   86): [MAIN]   LCD Color=1
D/FTM     (   86): [MAIN]   LCD Contrast=1
D/FTM     (   86): [MAIN]   Memory Card=1
D/FTM     (   86): [MAIN]   SIM1 Detect=1
D/FTM     (   86): [MAIN]   SIM2 Detect=1
D/FTM     (   86): [MAIN]   Vibrator=1
D/FTM     (   86): [MAIN]   LED=1
D/FTM     (   86): [MAIN]   Speaker Test=1
D/FTM     (   86): [MAIN]   Receiver=1
D/FTM     (   86): [MAIN]   Loopback=1
D/FTM     (   86): [MAIN]   Headset=1
D/FTM     (   86): [MAIN]   G-Sensor Calibration=1
D/FTM     (   86): [MAIN]   G-Sensor=1
D/FTM     (   86): [MAIN]   ALS/PS=1
D/FTM     (   86): [MAIN]   Main Camera=1
D/FTM     (   86): [MAIN]   Sub Camera=1
D/FTM     (   86): [MAIN]   GPS-Power=1
D/FTM     (   86): [MAIN]   FM Radio=1
D/FTM     (   86): [MAIN]   Bluetooth=1
D/FTM     (   86): [MAIN]   Wi-Fi=1
D/FTM     (   86): [MAIN]   Battery & Charger=1
D/FTM     (   86): [MAIN]   Idle Current=1
D/FTM     (   86): [MIUI] itemview_run 0xbe815c24
D/FTM     (   86): [MIUI] msg2133_tpd Magnum
D/FTM     (   86): [MIUI] NOT msg2133_tpd_reset
D/FTM     (   86): [MIUI] KEY:DOWN
D/FTM     (   86): [MIUI] sel=22, maxrows=24, menu_from=1, menu_sel=22
D/FTM     (   86): [MIUI] msg2133_tpd Magnum
D/FTM     (   86): [MIUI] NOT msg2133_tpd_reset
D/FTM     (   86): [MIUI] KEY:CONFIRM
E/logwrapper( 3028): executing /system/bin/ami304d failed: No such file or directory
I/logwrapper( 3027): /system/bin/ami304d terminated by exit(255)
D/FTM     (   86): ---2
D/FTM     (   86): [FT_WIFI] wifi_entry
D/FTM     (   86): [MIUI] itemview_set_title
D/FTM     (   86): [MIUI] itemview_set_items
D/FTM     (   86): [MIUI] itemview_run 0xd7598
D/FTM     (   86): [FT_WIFI] wifi_update_thread: Start
D/WIFI-FM (   86): [FM_WIFI_init]++
D/WIFI-FM (   86): Ivan wifi_load_driver!!!
E/IPCThreadState( 3035): IPCThread::waitForResponse checking error 3 : -32
E/IPCThreadState( 3037): IPCThread::waitForResponse checking error 3 : -32
