D/ccci_fsd(   74): O: [1010103F3610342D](0x00000700): (9 1) 
D/ccci_fsd(   74): F: 1: 132 0 
D/ccci_fsd(   74): S: 1 0 1: 0 
D/ccci_fsd(   74): R: 1 132: 132 0 
D/ccci_fsd(   74): C: 1: 0 
D/ccci_fsd(   74): O: [1010103F2611342D](0x00000700): (9 1) 
D/ccci_fsd(   74): F: 1: 106 0 
D/ccci_fsd(   74): S: 1 0 1: 0 
D/ccci_fsd(   74): R: 1 106: 106 0 
D/ccci_fsd(   74): C: 1: 0 
D/ccci_fsd(   74): O: [1410103F2B16342D](0x00000700): (9 1) 
D/ccci_fsd(   74): F: 1: 200 0 
D/ccci_fsd(   74): S: 1 10 1: 10 
D/ccci_fsd(   74): R: 1 10: 10 0 
D/ccci_fsd(   74): C: 1: 0 
D/ccci_fsd(   74): O: [1110103F1916342D](0x00000700): (9 1) 
D/ccci_fsd(   74): F: 1: 218 0 
D/ccci_fsd(   74): S: 1 0 1: 0 
D/ccci_fsd(   74): R: 1 218: 218 0 
D/ccci_fsd(   74): C: 1: 0 
D/ccci_fsd(   74): O: [1310103F1716342D](0x00000700): (9 1) 
D/ccci_fsd(   74): F: 1: 442 0 
D/ccci_fsd(   74): S: 1 0 1: 0 
D/ccci_fsd(   74): R: 1 442: 442 0 
D/ccci_fsd(   74): C: 1: 0 
D/ccci_fsd(   74): O: [1010103F1816342D](0x00000700): (9 1) 
D/ccci_fsd(   74): F: 1: 242 0 
D/ccci_fsd(   74): S: 1 0 1: 0 
D/ccci_fsd(   74): R: 1 242: 242 0 
D/ccci_fsd(   74): C: 1: 0 
D/ccci_fsd(   74): O: [1010103F3516342D](0x00000700): (9 1) 
D/ccci_fsd(   74): F: 1: 6 0 
D/ccci_fsd(   74): S: 1 0 1: 0 
D/ccci_fsd(   74): R: 1 6: 6 0 
D/ccci_fsd(   74): C: 1: 0 
D/FTM     (   86): [Batt&Charging] battery_init
D/FTM     (   86): [ACC] gsensor_init
D/FTM     (   86): [GSC] gs_cali_init
D/FTM     (   86): [IDLE] idle_init
D/FTM     (   86): [MAG] msensor_init
D/FTM     (   86): [NAND] flash_init
D/FTM     (   86): [NAND] clear_flash_init
D/FTM     (   86): camera_main_init
D/FTM     (   86): camera_sub_init
D/FTM     (   86): [Audio] audio_init
D/FTM     (   86): [Audio] -------Audio_init------------------
D/FTM     (   86): [HEADSET] headset_init
D/FTM     (   86): [FT_BT] bt_init
D/FTM     (   86): [FT_BT_TESTMODE] bt_testmode_init
D/FTM     (   86): [Touch] touch_init
D/FTM     (   86): tpupgrade_init
D/FTM     (   86): [GPS]   gps_init
D/FTM     (   86): [GPS]   gps_power_init
D/FTM     (   86): [FM] ===========bcm_fm_init
D/FTM     (   86): led_init
D/FTM     (   86): [SIM] sim_init: Start
D/FTM     (   86): vibrator_init
D/FTM     (   86): [FT_WIFI] wifi_init
D/FTM     (   86): [FT_WIFI] wifi_init_rx
D/FTM     (   86): [FT_WIFI] wifi_init_tx
D/FTM     (   86): [LPS] alsps_init
D/FTM     (   86): [Signal Test] sigtest_init
D/FTM     (   86): [Signal Test] ftm_register success!
D/FTM     (   86): version_init
D/FTM     (   86): [MIUI] itemview_set_title
D/FTM     (   86): [MIUI] itemview_set_items
D/FTM     (   86): [MAIN] Load test result from 
D/FTM     (   86): [MAIN]   Version=1
D/FTM     (   86): [MAIN]   Keys=1
D/FTM     (   86): [MAIN]   Touch Panel=0
D/FTM     (   86): [MAIN]   LCD Color=1
D/FTM     (   86): [MAIN]   LCD Contrast=1
D/FTM     (   86): [MAIN]   Memory Card=1
D/FTM     (   86): [MAIN]   SIM1 Detect=1
D/FTM     (   86): [MAIN]   SIM2 Detect=1
D/FTM     (   86): [MAIN]   Vibrator=1
D/FTM     (   86): [MAIN]   LED=1
D/FTM     (   86): [MAIN]   Speaker Test=1
D/FTM     (   86): [MAIN]   Receiver=1
D/FTM     (   86): [MAIN]   Loopback=1
D/FTM     (   86): [MAIN]   Headset=1
D/FTM     (   86): [MAIN]   G-Sensor Calibration=1
D/FTM     (   86): [MAIN]   G-Sensor=1
D/FTM     (   86): [MAIN]   ALS/PS=1
D/FTM     (   86): [MAIN]   Main Camera=1
D/FTM     (   86): [MAIN]   Sub Camera=1
D/FTM     (   86): [MAIN]   GPS-Power=1
D/FTM     (   86): [MAIN]   FM Radio=1
D/FTM     (   86): [MAIN]   Bluetooth=1
D/FTM     (   86): [MAIN]   Wi-Fi=1
D/FTM     (   86): [MAIN]   Battery & Charger=1
D/FTM     (   86): [MAIN]   Idle Current=1
D/FTM     (   86): [MIUI] itemview_run 0xbeb90cf8
E/logwrapper(  103): executing /system/bin/ami304d failed: No such file or directory
I/logwrapper(  102): /system/bin/ami304d terminated by exit(255)
D/wifi_nvram(   88): main: file "/system/etc/nvram.txt" exist
D/wifi_nvram(   88): main: filelen = 833 
D/wifi_nvram(   88): main: rd_len = 833 
D/wifi_nvram(   88): main: mac ptr = 200 
D/NVRAM   (   88): NVM_GetFileDesc ++
D/NVRAM   (   88): NVM_GetCfgFileTable : file_lid = 19
D/NVRAM   (   88): NVM_GetCfgFileTable done
D/NVRAM   (   88): Open /data/nvram/APCFG/APRDEB/WIFI,LID:19
D/NVRAM   (   88): NVM_CmpFileVerNo 19  
D/NVRAM   (   88): NVM_GetCfgFileTable : file_lid = 19
D/NVRAM   (   88): NVM_CheckVerFile: 0
D/NVRAM   (   88): New version info file
D/NVRAM   (   88): Load File Version: 000, NvRam File Version: 000
D/NVRAM   (   88): NVM_CheckFileSize : 19 ++
D/NVRAM   (   88): iCustomBeginLID = 15
D/NVRAM   (   88): NVM_CheckVerFile: 1
D/NVRAM   (   88): NVM_GetCfgFileTable : file_lid = 19
D/NVRAM   (   88): NVM_CheckFileSize:stat_size:514,size in table:512
D/NVRAM   (   88): NVM_ProtectUserData
D/NVRAM   (   88): NVM_ProtectUserData:Check File
D/NVRAM   (   88): NVM_CheckFile: File is correct!
D/NVRAM   (   88): NVM_ProtectUserData:Check Success
D/NVRAM   (   88): NVM_GetFileDesc ProtectDataFile Check Success!!
D/NVRAM   (   88): NVM_GetFileDesc --
D/wifi_nvram(   88): main: FD 19 rec_size 512 rec_num 1
D/wifi_nvram(   88): main: Read NVRAM : WIFI address d0b33f47c3e5
D/wifi_nvram(   88): main: itoa_buff=[d0:b3:3f:47:c3:e5]
D/wifi_nvram(   88): 
D/NVRAM   (   88): NVM_CheckFileSize : 19 ++
D/NVRAM   (   88): iCustomBeginLID = 15
D/NVRAM   (   88): NVM_CheckVerFile: 1
D/NVRAM   (   88): NVM_GetCfgFileTable : file_lid = 19
D/NVRAM   (   88): NVM_CheckFileSize:stat_size:514,size in table:512
D/NVRAM   (   88): NVM_ProtectUserData
D/NVRAM   (   88): NVM_ProtectUserData:Set Check Num
D/NVRAM   (   88): NVM_SetCheckNo: CheckNo:29
D/NVRAM   (   88): NVM_SetCheckNo: CheckFlag:0
D/NVRAM   (   88): NVM_SetCheckNo: CheckNo generate successfully!
D/NVRAM   (   88): NVM_ProtectUserData:Set Check Num Success
D/NVRAM   (   88): NVM_CloseFileDesc ProtectDataFile Success!!
I/logwrapper(   79): /system/xbin/bcwifinvram terminated by exit(0)
E/logwrapper(  106): executing /system/bin/ami304d failed: No such file or directory
I/logwrapper(  105): /system/bin/ami304d terminated by exit(255)
E/logwrapper(  109): executing /system/bin/ami304d failed: No such file or directory
I/logwrapper(  108): /system/bin/ami304d terminated by exit(255)
E/logwrapper(  111): executing /system/bin/ami304d failed: No such file or directory
I/logwrapper(  110): /system/bin/ami304d terminated by exit(255)
E/logwrapper(  113): executing /system/bin/ami304d failed: No such file or directory
I/logwrapper(  112): /system/bin/ami304d terminated by exit(255)
E/IPCThreadState(  159): IPCThread::waitForResponse checking error 3 : -32
E/IPCThreadState(  161): IPCThread::waitForResponse checking error 3 : -32
E/logwrapper(  163): executing /system/bin/ami304d failed: No such file or directory
I/logwrapper(  162): /system/bin/ami304d terminated by exit(255)
E/IPCThreadState(  169): IPCThread::waitForResponse checking error 3 : -32
E/IPCThreadState(  171): IPCThread::waitForResponse checking error 3 : -32
E/logwrapper(  173): executing /system/bin/ami304d failed: No such file or directory
I/logwrapper(  172): /system/bin/ami304d terminated by exit(255)
E/IPCThreadState(  179): IPCThread::waitForResponse checking error 3 : -32
E/IPCThreadState(  181): IPCThread::waitForResponse checking error 3 : -32
E/logwrapper(  183): executing /system/bin/ami304d failed: No such file or directory
I/logwrapper(  182): /system/bin/ami304d terminated by exit(255)
E/IPCThreadState(  189): IPCThread::waitForResponse checking error 3 : -32
E/IPCThreadState(  191): IPCThread::waitForResponse checking error 3 : -32
E/logwrapper(  193): executing /system/bin/ami304d failed: No such file or directory
I/logwrapper(  192): /system/bin/ami304d terminated by exit(255)
E/IPCThreadState(  199): IPCThread::waitForResponse checking error 3 : -32
E/IPCThreadState(  201): IPCThread::waitForResponse checking error 3 : -32
E/logwrapper(  203): executing /system/bin/ami304d failed: No such file or directory
I/logwrapper(  202): /system/bin/ami304d terminated by exit(255)
E/IPCThreadState(  209): IPCThread::waitForResponse checking error 3 : -32
E/IPCThreadState(  211): IPCThread::waitForResponse checking error 3 : -32
E/logwrapper(  213): executing /system/bin/ami304d failed: No such file or directory
I/logwrapper(  212): /system/bin/ami304d terminated by exit(255)
E/IPCThreadState(  219): IPCThread::waitForResponse checking error 3 : -32
E/IPCThreadState(  221): IPCThread::waitForResponse checking error 3 : -32
E/logwrapper(  224): executing /system/bin/ami304d failed: No such file or directory
I/logwrapper(  223): /system/bin/ami304d terminated by exit(255)
E/IPCThreadState(  230): IPCThread::waitForResponse checking error 3 : -32
E/IPCThreadState(  232): IPCThread::waitForResponse checking error 3 : -32
E/logwrapper(  234): executing /system/bin/ami304d failed: No such file or directory
I/logwrapper(  233): /system/bin/ami304d terminated by exit(255)
E/IPCThreadState(  240): IPCThread::waitForResponse checking error 3 : -32
E/IPCThreadState(  242): IPCThread::waitForResponse checking error 3 : -32
E/logwrapper(  244): executing /system/bin/ami304d failed: No such file or directory
I/logwrapper(  243): /system/bin/ami304d terminated by exit(255)
E/IPCThreadState(  250): IPCThread::waitForResponse checking error 3 : -32
E/IPCThreadState(  252): IPCThread::waitForResponse checking error 3 : -32
E/logwrapper(  254): executing /system/bin/ami304d failed: No such file or directory
I/logwrapper(  253): /system/bin/ami304d terminated by exit(255)
E/IPCThreadState(  260): IPCThread::waitForResponse checking error 3 : -32
E/IPCThreadState(  262): IPCThread::waitForResponse checking error 3 : -32
E/logwrapper(  264): executing /system/bin/ami304d failed: No such file or directory
I/logwrapper(  263): /system/bin/ami304d terminated by exit(255)
E/IPCThreadState(  271): IPCThread::waitForResponse checking error 3 : -32
E/IPCThreadState(  273): IPCThread::waitForResponse checking error 3 : -32
E/logwrapper(  275): executing /system/bin/ami304d failed: No such file or directory
I/logwrapper(  274): /system/bin/ami304d terminated by exit(255)
E/IPCThreadState(  281): IPCThread::waitForResponse checking error 3 : -32
E/IPCThreadState(  283): IPCThread::waitForResponse checking error 3 : -32
E/logwrapper(  285): executing /system/bin/ami304d failed: No such file or directory
I/logwrapper(  284): /system/bin/ami304d terminated by exit(255)
E/IPCThreadState(  292): IPCThread::waitForResponse checking error 3 : -32
E/IPCThreadState(  294): IPCThread::waitForResponse checking error 3 : -32
D/FTM     (   86): [MIUI] msg2133_tpd Magnum
D/FTM     (   86): [MIUI] NOT msg2133_tpd_reset
D/FTM     (   86): [MIUI] KEY:DOWN
D/FTM     (   86): [MIUI] sel=1, maxrows=24, menu_from=1, menu_sel=1
E/logwrapper(  296): executing /system/bin/ami304d failed: No such file or directory
I/logwrapper(  295): /system/bin/ami304d terminated by exit(255)
D/FTM     (   86): [MIUI] msg2133_tpd Magnum
D/FTM     (   86): [MIUI] NOT msg2133_tpd_reset
D/FTM     (   86): [MIUI] KEY:DOWN
D/FTM     (   86): [MIUI] sel=2, maxrows=24, menu_from=1, menu_sel=2
D/FTM     (   86): [MIUI] msg2133_tpd Magnum
D/FTM     (   86): [MIUI] NOT msg2133_tpd_reset
D/FTM     (   86): [MIUI] KEY:CONFIRM
D/FTM     (   86): [MAIN] item_test_mode
D/FTM     (   86): [MIUI] itemview_set_title
D/FTM     (   86): [MIUI] itemview_set_items
D/FTM     (   86): [MIUI] itemview_run 0xbeb88c24
E/IPCThreadState(  302): IPCThread::waitForResponse checking error 3 : -32
E/IPCThreadState(  304): IPCThread::waitForResponse checking error 3 : -32
D/FTM     (   86): [MIUI] msg2133_tpd Magnum
D/FTM     (   86): [MIUI] NOT msg2133_tpd_reset
D/FTM     (   86): [MIUI] KEY:DOWN
D/FTM     (   86): [MIUI] sel=1, maxrows=24, menu_from=1, menu_sel=1
E/logwrapper(  306): executing /system/bin/ami304d failed: No such file or directory
I/logwrapper(  305): /system/bin/ami304d terminated by exit(255)
D/FTM     (   86): [MIUI] msg2133_tpd Magnum
D/FTM     (   86): [MIUI] NOT msg2133_tpd_reset
D/FTM     (   86): [MIUI] KEY:UP
D/FTM     (   86): [MIUI] sel=0, maxrows=24, menu_from=1, menu_sel=0
E/IPCThreadState(  312): IPCThread::waitForResponse checking error 3 : -32
E/IPCThreadState(  314): IPCThread::waitForResponse checking error 3 : -32
E/logwrapper(  316): executing /system/bin/ami304d failed: No such file or directory
I/logwrapper(  315): /system/bin/ami304d terminated by exit(255)
D/FTM     (   86): [MIUI] msg2133_tpd Magnum
D/FTM     (   86): [MIUI] NOT msg2133_tpd_reset
D/FTM     (   86): [MIUI] KEY:CONFIRM
D/FTM     (   86): version_entry
D/ccci_fsd(   74): O: [1110103F2210302D](0x00000700): (9 1) 
D/ccci_fsd(   74): F: 1: 120 0 
D/ccci_fsd(   74): S: 1 0 1: 0 
D/ccci_fsd(   74): R: 1 12: 12 0 
D/ccci_fsd(   74): C: 1: 0 
D/FTM     (   86): getIMEIf=
D/FTM     (   86): +GPIOS: 10,1
D/FTM     (   86): 
D/FTM     (   86): +EIND: 128
D/FTM     (   86): 
D/FTM     (   86): +EGMR: "868054010869111"
D/FTM     (   86): 
D/FTM     (   86): OK
D/ccci_fsd(   74): O: [1110103F2210302D](0x00000700): (9 1) 
D/ccci_fsd(   74): F: 1: 120 0 
D/ccci_fsd(   74): S: 1 12 1: 12 
D/ccci_fsd(   74): R: 1 12: 12 0 
D/ccci_fsd(   74): C: 1: 0 
D/FTM     (   86): getIMEIf=
D/FTM     (   86): +EGMR: "868054010890018"
D/FTM     (   86): 
D/FTM     (   86): OK
D/ccci_fsd(   74): O: [1110103F1910302D](0x00000700): (9 1) 
D/ccci_fsd(   74): F: 1: 66 0 
D/ccci_fsd(   74): S: 1 0 1: 0 
D/ccci_fsd(   74): R: 1 66: 66 0 
D/ccci_fsd(   74): C: 1: 0 
D/FTM     (   86): getBarcode=
D/FTM     (   86): +EGMR: "LE431238082932                                              10"
D/FTM     (   86): 
D/FTM     (   86): OK
D/NVRAM   (   86): NVM_GetFileDesc ++
D/NVRAM   (   86): NVM_GetCfgFileTable : file_lid = 19
D/NVRAM   (   86): NVM_GetCfgFileTable done
D/NVRAM   (   86): Open /data/nvram/APCFG/APRDEB/WIFI,LID:19
D/NVRAM   (   86): NVM_CmpFileVerNo 19  
D/NVRAM   (   86): NVM_GetCfgFileTable : file_lid = 19
D/NVRAM   (   86): NVM_CheckVerFile: 0
D/NVRAM   (   86): New version info file
D/NVRAM   (   86): Load File Version: 000, NvRam File Version: 000
D/NVRAM   (   86): NVM_CheckFileSize : 19 ++
D/NVRAM   (   86): iCustomBeginLID = 15
D/NVRAM   (   86): NVM_CheckVerFile: 1
D/NVRAM   (   86): NVM_GetCfgFileTable : file_lid = 19
D/NVRAM   (   86): NVM_CheckFileSize:stat_size:514,size in table:512
D/NVRAM   (   86): NVM_ProtectUserData
D/NVRAM   (   86): NVM_ProtectUserData:Check File
D/NVRAM   (   86): NVM_CheckFile: File is correct!
D/NVRAM   (   86): NVM_ProtectUserData:Check Success
D/NVRAM   (   86): NVM_GetFileDesc ProtectDataFile Check Success!!
D/NVRAM   (   86): NVM_GetFileDesc --
D/FTM     (   86): Read NVRAM 11: WIFI address d0-b3-3f-47-c3-e5
D/FTM     (   86): Read NVRAM: BD address: 34-50-c3-ba-3d-1a
D/FTM     (   86): [MIUI] itemview_set_title
D/FTM     (   86): [MIUI] itemview_set_items
D/FTM     (   86): [MIUI] itemview_run 0x8c748
E/IPCThreadState(  322): IPCThread::waitForResponse checking error 3 : -32
E/IPCThreadState(  324): IPCThread::waitForResponse checking error 3 : -32
E/logwrapper(  326): executing /system/bin/ami304d failed: No such file or directory
I/logwrapper(  325): /system/bin/ami304d terminated by exit(255)
D/FTM     (   86): [MIUI] msg2133_tpd Magnum
D/FTM     (   86): [MIUI] NOT msg2133_tpd_reset
D/FTM     (   86): [MIUI] KEY:DOWN
D/FTM     (   86): [MIUI] sel=1, maxrows=24, menu_from=1, menu_sel=1
D/FTM     (   86): [MIUI] msg2133_tpd Magnum
D/FTM     (   86): [MIUI] NOT msg2133_tpd_reset
D/FTM     (   86): [MIUI] KEY:UP
D/FTM     (   86): [MIUI] sel=0, maxrows=24, menu_from=1, menu_sel=0
E/IPCThreadState(  332): IPCThread::waitForResponse checking error 3 : -32
E/IPCThreadState(  334): IPCThread::waitForResponse checking error 3 : -32
E/logwrapper(  336): executing /system/bin/ami304d failed: No such file or directory
I/logwrapper(  335): /system/bin/ami304d terminated by exit(255)
D/FTM     (   86): [MIUI] msg2133_tpd Magnum
D/FTM     (   86): [MIUI] NOT msg2133_tpd_reset
D/FTM     (   86): [MIUI] KEY:CONFIRM
D/FTM     (   86): [MAIN] Save test result to 
D/FTM     (   86): [MAIN]   Version=1
D/FTM     (   86): [MAIN]   Keys=1
D/FTM     (   86): [MAIN]   Touch Panel=0
D/FTM     (   86): [MAIN]   LCD Color=1
D/FTM     (   86): [MAIN]   LCD Contrast=1
D/FTM     (   86): [MAIN]   Memory Card=1
D/FTM     (   86): [MAIN]   SIM1 Detect=1
D/FTM     (   86): [MAIN]   SIM2 Detect=1
D/FTM     (   86): [MAIN]   Vibrator=1
D/FTM     (   86): [MAIN]   LED=1
D/FTM     (   86): [MAIN]   Speaker Test=1
D/FTM     (   86): [MAIN]   Receiver=1
D/FTM     (   86): [MAIN]   Loopback=1
D/FTM     (   86): [MAIN]   Headset=1
D/FTM     (   86): [MAIN]   G-Sensor Calibration=1
D/FTM     (   86): [MAIN]   G-Sensor=1
D/FTM     (   86): [MAIN]   ALS/PS=1
D/FTM     (   86): [MAIN]   Main Camera=1
D/FTM     (   86): [MAIN]   Sub Camera=1
D/FTM     (   86): [MAIN]   GPS-Power=1
D/FTM     (   86): [MAIN]   FM Radio=1
D/FTM     (   86): [MAIN]   Bluetooth=1
D/FTM     (   86): [MAIN]   Wi-Fi=1
D/FTM     (   86): [MAIN]   Battery & Charger=1
D/FTM     (   86): [MAIN]   Idle Current=1
D/FTM     (   86): [MIUI] itemview_run 0xbeb88c24
E/IPCThreadState(  342): IPCThread::waitForResponse checking error 3 : -32
E/IPCThreadState(  344): IPCThread::waitForResponse checking error 3 : -32
E/logwrapper(  346): executing /system/bin/ami304d failed: No such file or directory
I/logwrapper(  345): /system/bin/ami304d terminated by exit(255)
E/IPCThreadState(  352): IPCThread::waitForResponse checking error 3 : -32
E/IPCThreadState(  354): IPCThread::waitForResponse checking error 3 : -32
E/logwrapper(  356): executing /system/bin/ami304d failed: No such file or directory
I/logwrapper(  355): /system/bin/ami304d terminated by exit(255)
E/IPCThreadState(  362): IPCThread::waitForResponse checking error 3 : -32
E/IPCThreadState(  364): IPCThread::waitForResponse checking error 3 : -32
E/logwrapper(  366): executing /system/bin/ami304d failed: No such file or directory
I/logwrapper(  365): /system/bin/ami304d terminated by exit(255)
E/IPCThreadState(  372): IPCThread::waitForResponse checking error 3 : -32
E/IPCThreadState(  374): IPCThread::waitForResponse checking error 3 : -32
E/logwrapper(  376): executing /system/bin/ami304d failed: No such file or directory
I/logwrapper(  375): /system/bin/ami304d terminated by exit(255)
E/IPCThreadState(  382): IPCThread::waitForResponse checking error 3 : -32
E/IPCThreadState(  384): IPCThread::waitForResponse checking error 3 : -32
E/logwrapper(  386): executing /system/bin/ami304d failed: No such file or directory
I/logwrapper(  385): /system/bin/ami304d terminated by exit(255)
E/IPCThreadState(  392): IPCThread::waitForResponse checking error 3 : -32
E/IPCThreadState(  394): IPCThread::waitForResponse checking error 3 : -32
E/logwrapper(  396): executing /system/bin/ami304d failed: No such file or directory
I/logwrapper(  395): /system/bin/ami304d terminated by exit(255)
E/IPCThreadState(  402): IPCThread::waitForResponse checking error 3 : -32
E/IPCThreadState(  404): IPCThread::waitForResponse checking error 3 : -32
E/logwrapper(  407): executing /system/bin/ami304d failed: No such file or directory
I/logwrapper(  406): /system/bin/ami304d terminated by exit(255)
E/IPCThreadState(  413): IPCThread::waitForResponse checking error 3 : -32
E/IPCThreadState(  415): IPCThread::waitForResponse checking error 3 : -32
E/logwrapper(  417): executing /system/bin/ami304d failed: No such file or directory
I/logwrapper(  416): /system/bin/ami304d terminated by exit(255)
E/IPCThreadState(  423): IPCThread::waitForResponse checking error 3 : -32
E/IPCThreadState(  425): IPCThread::waitForResponse checking error 3 : -32
E/logwrapper(  427): executing /system/bin/ami304d failed: No such file or directory
I/logwrapper(  426): /system/bin/ami304d terminated by exit(255)
E/IPCThreadState(  433): IPCThread::waitForResponse checking error 3 : -32
E/IPCThreadState(  435): IPCThread::waitForResponse checking error 3 : -32
E/logwrapper(  437): executing /system/bin/ami304d failed: No such file or directory
I/logwrapper(  436): /system/bin/ami304d terminated by exit(255)
E/IPCThreadState(  443): IPCThread::waitForResponse checking error 3 : -32
E/IPCThreadState(  445): IPCThread::waitForResponse checking error 3 : -32
E/logwrapper(  447): executing /system/bin/ami304d failed: No such file or directory
I/logwrapper(  446): /system/bin/ami304d terminated by exit(255)
E/IPCThreadState(  453): IPCThread::waitForResponse checking error 3 : -32
E/IPCThreadState(  455): IPCThread::waitForResponse checking error 3 : -32
E/logwrapper(  457): executing /system/bin/ami304d failed: No such file or directory
I/logwrapper(  456): /system/bin/ami304d terminated by exit(255)
E/IPCThreadState(  463): IPCThread::waitForResponse checking error 3 : -32
E/IPCThreadState(  465): IPCThread::waitForResponse checking error 3 : -32
E/logwrapper(  467): executing /system/bin/ami304d failed: No such file or directory
I/logwrapper(  466): /system/bin/ami304d terminated by exit(255)
E/IPCThreadState(  473): IPCThread::waitForResponse checking error 3 : -32
E/IPCThreadState(  475): IPCThread::waitForResponse checking error 3 : -32
E/logwrapper(  477): executing /system/bin/ami304d failed: No such file or directory
I/logwrapper(  476): /system/bin/ami304d terminated by exit(255)
E/IPCThreadState(  483): IPCThread::waitForResponse checking error 3 : -32
E/IPCThreadState(  485): IPCThread::waitForResponse checking error 3 : -32
E/logwrapper(  487): executing /system/bin/ami304d failed: No such file or directory
I/logwrapper(  486): /system/bin/ami304d terminated by exit(255)
E/IPCThreadState(  493): IPCThread::waitForResponse checking error 3 : -32
E/IPCThreadState(  495): IPCThread::waitForResponse checking error 3 : -32
E/logwrapper(  497): executing /system/bin/ami304d failed: No such file or directory
I/logwrapper(  496): /system/bin/ami304d terminated by exit(255)
E/IPCThreadState(  503): IPCThread::waitForResponse checking error 3 : -32
E/IPCThreadState(  505): IPCThread::waitForResponse checking error 3 : -32
E/logwrapper(  507): executing /system/bin/ami304d failed: No such file or directory
I/logwrapper(  506): /system/bin/ami304d terminated by exit(255)
E/IPCThreadState(  513): IPCThread::waitForResponse checking error 3 : -32
E/IPCThreadState(  515): IPCThread::waitForResponse checking error 3 : -32
E/logwrapper(  517): executing /system/bin/ami304d failed: No such file or directory
I/logwrapper(  516): /system/bin/ami304d terminated by exit(255)
E/IPCThreadState(  523): IPCThread::waitForResponse checking error 3 : -32
E/IPCThreadState(  525): IPCThread::waitForResponse checking error 3 : -32
E/logwrapper(  527): executing /system/bin/ami304d failed: No such file or directory
I/logwrapper(  526): /system/bin/ami304d terminated by exit(255)
E/IPCThreadState(  533): IPCThread::waitForResponse checking error 3 : -32
E/IPCThreadState(  535): IPCThread::waitForResponse checking error 3 : -32
E/logwrapper(  537): executing /system/bin/ami304d failed: No such file or directory
I/logwrapper(  536): /system/bin/ami304d terminated by exit(255)
E/IPCThreadState(  543): IPCThread::waitForResponse checking error 3 : -32
E/IPCThreadState(  545): IPCThread::waitForResponse checking error 3 : -32
E/logwrapper(  547): executing /system/bin/ami304d failed: No such file or directory
I/logwrapper(  546): /system/bin/ami304d terminated by exit(255)
E/IPCThreadState(  553): IPCThread::waitForResponse checking error 3 : -32
E/IPCThreadState(  555): IPCThread::waitForResponse checking error 3 : -32
E/logwrapper(  557): executing /system/bin/ami304d failed: No such file or directory
I/logwrapper(  556): /system/bin/ami304d terminated by exit(255)
E/IPCThreadState(  563): IPCThread::waitForResponse checking error 3 : -32
E/IPCThreadState(  565): IPCThread::waitForResponse checking error 3 : -32
E/logwrapper(  567): executing /system/bin/ami304d failed: No such file or directory
I/logwrapper(  566): /system/bin/ami304d terminated by exit(255)
E/IPCThreadState(  573): IPCThread::waitForResponse checking error 3 : -32
E/IPCThreadState(  575): IPCThread::waitForResponse checking error 3 : -32
E/logwrapper(  577): executing /system/bin/ami304d failed: No such file or directory
I/logwrapper(  576): /system/bin/ami304d terminated by exit(255)
E/IPCThreadState(  583): IPCThread::waitForResponse checking error 3 : -32
E/IPCThreadState(  585): IPCThread::waitForResponse checking error 3 : -32
E/logwrapper(  587): executing /system/bin/ami304d failed: No such file or directory
I/logwrapper(  586): /system/bin/ami304d terminated by exit(255)
E/IPCThreadState(  593): IPCThread::waitForResponse checking error 3 : -32
E/IPCThreadState(  595): IPCThread::waitForResponse checking error 3 : -32
E/logwrapper(  597): executing /system/bin/ami304d failed: No such file or directory
I/logwrapper(  596): /system/bin/ami304d terminated by exit(255)
E/IPCThreadState(  603): IPCThread::waitForResponse checking error 3 : -32
E/IPCThreadState(  605): IPCThread::waitForResponse checking error 3 : -32
E/logwrapper(  607): executing /system/bin/ami304d failed: No such file or directory
I/logwrapper(  606): /system/bin/ami304d terminated by exit(255)
E/IPCThreadState(  613): IPCThread::waitForResponse checking error 3 : -32
E/IPCThreadState(  615): IPCThread::waitForResponse checking error 3 : -32
E/logwrapper(  617): executing /system/bin/ami304d failed: No such file or directory
I/logwrapper(  616): /system/bin/ami304d terminated by exit(255)
E/IPCThreadState(  623): IPCThread::waitForResponse checking error 3 : -32
E/IPCThreadState(  625): IPCThread::waitForResponse checking error 3 : -32
E/logwrapper(  627): executing /system/bin/ami304d failed: No such file or directory
I/logwrapper(  626): /system/bin/ami304d terminated by exit(255)
E/IPCThreadState(  633): IPCThread::waitForResponse checking error 3 : -32
E/IPCThreadState(  635): IPCThread::waitForResponse checking error 3 : -32
E/logwrapper(  637): executing /system/bin/ami304d failed: No such file or directory
I/logwrapper(  636): /system/bin/ami304d terminated by exit(255)
E/IPCThreadState(  643): IPCThread::waitForResponse checking error 3 : -32
E/IPCThreadState(  645): IPCThread::waitForResponse checking error 3 : -32
E/logwrapper(  647): executing /system/bin/ami304d failed: No such file or directory
I/logwrapper(  646): /system/bin/ami304d terminated by exit(255)
E/IPCThreadState(  653): IPCThread::waitForResponse checking error 3 : -32
E/IPCThreadState(  655): IPCThread::waitForResponse checking error 3 : -32
E/logwrapper(  657): executing /system/bin/ami304d failed: No such file or directory
I/logwrapper(  656): /system/bin/ami304d terminated by exit(255)
E/IPCThreadState(  664): IPCThread::waitForResponse checking error 3 : -32
E/IPCThreadState(  666): IPCThread::waitForResponse checking error 3 : -32
E/logwrapper(  668): executing /system/bin/ami304d failed: No such file or directory
I/logwrapper(  667): /system/bin/ami304d terminated by exit(255)
E/IPCThreadState(  674): IPCThread::waitForResponse checking error 3 : -32
E/IPCThreadState(  676): IPCThread::waitForResponse checking error 3 : -32
E/logwrapper(  678): executing /system/bin/ami304d failed: No such file or directory
I/logwrapper(  677): /system/bin/ami304d terminated by exit(255)
E/IPCThreadState(  684): IPCThread::waitForResponse checking error 3 : -32
E/IPCThreadState(  686): IPCThread::waitForResponse checking error 3 : -32
E/logwrapper(  688): executing /system/bin/ami304d failed: No such file or directory
I/logwrapper(  687): /system/bin/ami304d terminated by exit(255)
E/IPCThreadState(  694): IPCThread::waitForResponse checking error 3 : -32
E/IPCThreadState(  696): IPCThread::waitForResponse checking error 3 : -32
E/logwrapper(  698): executing /system/bin/ami304d failed: No such file or directory
I/logwrapper(  697): /system/bin/ami304d terminated by exit(255)
E/IPCThreadState(  704): IPCThread::waitForResponse checking error 3 : -32
E/IPCThreadState(  706): IPCThread::waitForResponse checking error 3 : -32
E/logwrapper(  708): executing /system/bin/ami304d failed: No such file or directory
I/logwrapper(  707): /system/bin/ami304d terminated by exit(255)
E/IPCThreadState(  714): IPCThread::waitForResponse checking error 3 : -32
E/IPCThreadState(  716): IPCThread::waitForResponse checking error 3 : -32
E/logwrapper(  718): executing /system/bin/ami304d failed: No such file or directory
I/logwrapper(  717): /system/bin/ami304d terminated by exit(255)
E/IPCThreadState(  724): IPCThread::waitForResponse checking error 3 : -32
E/IPCThreadState(  726): IPCThread::waitForResponse checking error 3 : -32
E/logwrapper(  728): executing /system/bin/ami304d failed: No such file or directory
I/logwrapper(  727): /system/bin/ami304d terminated by exit(255)
E/IPCThreadState(  735): IPCThread::waitForResponse checking error 3 : -32
E/IPCThreadState(  737): IPCThread::waitForResponse checking error 3 : -32
E/logwrapper(  739): executing /system/bin/ami304d failed: No such file or directory
I/logwrapper(  738): /system/bin/ami304d terminated by exit(255)
