I/bluedroid(   86): dtun_property_is_active : service.brcm.bt.fm.active=1
I/bluedroid(   86): BTLD start retry count 2/20
I/bluedroid(   86): Starting daemons... Done!
I/bluedroid(   86): New state is BTOFF_FMON_handling
D/        (   86): FMLoopbackTest bEnable=1
D/        (   86): FMLoopbackTest for 6575.
D/        (   86): Audio_Set_Speaker_On Channel = 3
I//system/bin/factory(   80): < HCI Command: ogf 0x3f, ocf 0x0015, plen 3
I//system/bin/factory(   80):   00 00 03 
I/BLUEZ_HCI( 2690): ############### Received 9 number of bytes from the socket ##########
I//system/bin/btld( 2689): gki_alloc_free_queue in, id:2 
I//system/bin/btld( 2689): gki_alloc_free_queue calling  gki_init_free_queue, id:2  size:660, totol:45
I//system/bin/btld( 2689): gki_alloc_free_queue ret OK, id:2  size:660, totol:45
I//system/bin/factory(   80): > HCI Event: 0x0e plen 6
I//system/bin/factory(   80):   01 15 FC 00 00 00 
I//system/bin/factory(   80): < HCI Command: ogf 0x3f, ocf 0x0015, plen 4
I//system/bin/factory(   80):   05 00 5C 00 
I/BLUEZ_HCI( 2690): ############### Received 9 number of bytes from the socket ##########
I//system/bin/factory(   80): > HCI Event: 0x0e plen 6
I//system/bin/factory(   80):   01 15 FC 00 05 00 
I//system/bin/factory(   80): < HCI Command: ogf 0x3f, ocf 0x0015, plen 4
I//system/bin/factory(   80):   F8 00 9C 00 
I/BLUEZ_HCI( 2690): ############### Received 9 number of bytes from the socket ##########
I//system/bin/factory(   80): > HCI Event: 0x0e plen 6
I//system/bin/factory(   80):   01 15 FC 00 F8 00 
I//system/bin/factory(   80): < HCI Command: ogf 0x3f, ocf 0x0015, plen 4
I//system/bin/factory(   80):   0A 00 D4 62 
I/BLUEZ_HCI( 2690): ############### Received 9 number of bytes from the socket ##########
I//system/bin/factory(   80): > HCI Event: 0x0e plen 6
I//system/bin/factory(   80):   01 15 FC 00 0A 00 
I//system/bin/factory(   80): < HCI Command: ogf 0x3f, ocf 0x0015, plen 3
I//system/bin/factory(   80):   09 00 01 
I/BLUEZ_HCI( 2690): ############### Received 9 number of bytes from the socket ##########
I//system/bin/factory(   80): > HCI Event: 0x0e plen 6
I//system/bin/factory(   80):   01 15 FC 00 09 00 
D/FTM     (   86): [MIUI] msg2133_tpd Magnum
D/FTM     (   86): [MIUI] NOT msg2133_tpd_reset
D/FTM     (   86): [MIUI] KEY:DOWN
D/FTM     (   86): [MIUI] sel=1, maxrows=24, menu_from=1, menu_sel=1
D/FTM     (   86): [MIUI] msg2133_tpd Magnum
D/FTM     (   86): [MIUI] NOT msg2133_tpd_reset
D/FTM     (   86): [MIUI] KEY:CONFIRM
D/FTM     (   86): [MIUI] itemview_run 0xcf508
I//system/bin/factory(   80): < HCI Command: ogf 0x3f, ocf 0x0015, plen 4
I//system/bin/factory(   80):   0A 00 F8 5C 
I/BLUEZ_HCI( 2690): ############### Received 9 number of bytes from the socket ##########
I//system/bin/factory(   80): > HCI Event: 0x0e plen 6
I//system/bin/factory(   80):   01 15 FC 00 0A 00 
I//system/bin/factory(   80): < HCI Command: ogf 0x3f, ocf 0x0015, plen 3
I//system/bin/factory(   80):   09 00 01 
I/BLUEZ_HCI( 2690): ############### Received 9 number of bytes from the socket ##########
I//system/bin/factory(   80): > HCI Event: 0x0e plen 6
I//system/bin/factory(   80):   01 15 FC 00 09 00 
D/FTM     (   86): [MIUI] msg2133_tpd Magnum
D/FTM     (   86): [MIUI] NOT msg2133_tpd_reset
D/FTM     (   86): [MIUI] KEY:DOWN
D/FTM     (   86): [MIUI] sel=2, maxrows=24, menu_from=1, menu_sel=2
D/FTM     (   86): [MIUI] msg2133_tpd Magnum
D/FTM     (   86): [MIUI] NOT msg2133_tpd_reset
D/FTM     (   86): [MIUI] KEY:CONFIRM
D/FTM     (   86): [MIUI] itemview_run 0xcf508
I//system/bin/factory(   80): < HCI Command: ogf 0x3f, ocf 0x0015, plen 4
I//system/bin/factory(   80):   0A 00 C8 64 
I/BLUEZ_HCI( 2690): ############### Received 9 number of bytes from the socket ##########
I//system/bin/factory(   80): > HCI Event: 0x0e plen 6
I//system/bin/factory(   80):   01 15 FC 00 0A 00 
I//system/bin/factory(   80): < HCI Command: ogf 0x3f, ocf 0x0015, plen 3
I//system/bin/factory(   80):   09 00 01 
I/BLUEZ_HCI( 2690): ############### Received 9 number of bytes from the socket ##########
I//system/bin/factory(   80): > HCI Event: 0x0e plen 6
I//system/bin/factory(   80):   01 15 FC 00 09 00 
D/FTM     (   86): [MIUI] msg2133_tpd Magnum
D/FTM     (   86): [MIUI] NOT msg2133_tpd_reset
D/FTM     (   86): [MIUI] KEY:DOWN
D/FTM     (   86): [MIUI] sel=3, maxrows=24, menu_from=1, menu_sel=3
E/logwrapper( 2715): executing /system/bin/ami304d failed: No such file or directory
I/logwrapper( 2714): /system/bin/ami304d terminated by exit(255)
D/FTM     (   86): [MIUI] msg2133_tpd Magnum
D/FTM     (   86): [MIUI] NOT msg2133_tpd_reset
D/FTM     (   86): [MIUI] KEY:CONFIRM
D/FTM     (   86): [MIUI] itemview_run 0xcf508
I//system/bin/factory(   80): < HCI Command: ogf 0x3f, ocf 0x0015, plen 4
I//system/bin/factory(   80):   0A 00 4C 81 
I/BLUEZ_HCI( 2690): ############### Received 9 number of bytes from the socket ##########
I//system/bin/factory(   80): > HCI Event: 0x0e plen 6
I//system/bin/factory(   80):   01 15 FC 00 0A 00 
I//system/bin/factory(   80): < HCI Command: ogf 0x3f, ocf 0x0015, plen 3
I//system/bin/factory(   80):   09 00 01 
I/BLUEZ_HCI( 2690): ############### Received 9 number of bytes from the socket ##########
I//system/bin/factory(   80): > HCI Event: 0x0e plen 6
I//system/bin/factory(   80):   01 15 FC 00 09 00 
E/IPCThreadState( 2725): IPCThread::waitForResponse checking error 3 : -32
E/IPCThreadState( 2727): IPCThread::waitForResponse checking error 3 : -32
D/FTM     (   86): [MIUI] msg2133_tpd Magnum
D/FTM     (   86): [MIUI] NOT msg2133_tpd_reset
D/FTM     (   86): [MIUI] KEY:DOWN
D/FTM     (   86): [MIUI] sel=4, maxrows=24, menu_from=1, menu_sel=4
D/FTM     (   86): [MIUI] msg2133_tpd Magnum
D/FTM     (   86): [MIUI] NOT msg2133_tpd_reset
D/FTM     (   86): [MIUI] KEY:CONFIRM
D/FTM     (   86): [MIUI] itemview_run 0xcf508
I//system/bin/factory(   80): < HCI Command: ogf 0x3f, ocf 0x0015, plen 4
I//system/bin/factory(   80):   0A 00 6C 9D 
I/BLUEZ_HCI( 2690): ############### Received 9 number of bytes from the socket ##########
I//system/bin/factory(   80): > HCI Event: 0x0e plen 6
I//system/bin/factory(   80):   01 15 FC 00 0A 00 
I//system/bin/factory(   80): < HCI Command: ogf 0x3f, ocf 0x0015, plen 3
I//system/bin/factory(   80):   09 00 01 
I/BLUEZ_HCI( 2690): ############### Received 9 number of bytes from the socket ##########
I//system/bin/factory(   80): > HCI Event: 0x0e plen 6
I//system/bin/factory(   80):   01 15 FC 00 09 00 
D/FTM     (   86): [MIUI] msg2133_tpd Magnum
D/FTM     (   86): [MIUI] NOT msg2133_tpd_reset
D/FTM     (   86): [MIUI] KEY:DOWN
D/FTM     (   86): [MIUI] sel=5, maxrows=24, menu_from=1, menu_sel=0
E/logwrapper( 2733): executing /system/bin/ami304d failed: No such file or directory
I/logwrapper( 2732): /system/bin/ami304d terminated by exit(255)
D/FTM     (   86): [MIUI] msg2133_tpd Magnum
D/FTM     (   86): [MIUI] NOT msg2133_tpd_reset
D/FTM     (   86): [MIUI] KEY:CONFIRM
D/        (   86): FMLoopbackTest bEnable=0
D/        (   86): FMLoopbackTest for 6575.
D/        (   86): Audio_Set_Speaker_Off Channel = 3
D/FTM     (   86): [FM] fm_update_thread: Exit
D/        (   86): !Common_Audio_deinit bMetaAudioInited=1
D/FTM     (   86): [MAIN] Save test result to 
D/FTM     (   86): [MAIN]   Version=1
D/FTM     (   86): [MAIN]   Keys=1
D/FTM     (   86): [MAIN]   Touch Panel=0
D/FTM     (   86): [MAIN]   LCD Color=1
D/FTM     (   86): [MAIN]   LCD Contrast=1
D/FTM     (   86): [MAIN]   Memory Card=1
D/FTM     (   86): [MAIN]   SIM1 Detect=1
D/FTM     (   86): [MAIN]   SIM2 Detect=1
D/FTM     (   86): [MAIN]   Vibrator=1
D/FTM     (   86): [MAIN]   LED=1
D/FTM     (   86): [MAIN]   Speaker Test=1
D/FTM     (   86): [MAIN]   Receiver=1
D/FTM     (   86): [MAIN]   Loopback=1
D/FTM     (   86): [MAIN]   Headset=1
D/FTM     (   86): [MAIN]   G-Sensor Calibration=1
D/FTM     (   86): [MAIN]   G-Sensor=1
D/FTM     (   86): [MAIN]   ALS/PS=1
D/FTM     (   86): [MAIN]   Main Camera=1
D/FTM     (   86): [MAIN]   Sub Camera=1
D/FTM     (   86): [MAIN]   GPS-Power=1
D/FTM     (   86): [MAIN]   FM Radio=1
D/FTM     (   86): [MAIN]   Bluetooth=1
D/FTM     (   86): [MAIN]   Wi-Fi=1
D/FTM     (   86): [MAIN]   Battery & Charger=1
D/FTM     (   86): [MAIN]   Idle Current=1
D/FTM     (   86): [MIUI] itemview_run 0xbe815c24
E/IPCThreadState( 2739): IPCThread::waitForResponse checking error 3 : -32
E/IPCThreadState( 2741): IPCThread::waitForResponse checking error 3 : -32
E/logwrapper( 2743): executing /system/bin/ami304d failed: No such file or directory
I/logwrapper( 2742): /system/bin/ami304d terminated by exit(255)
E/IPCThreadState( 2749): IPCThread::waitForResponse checking error 3 : -32
E/IPCThreadState( 2751): IPCThread::waitForResponse checking error 3 : -32
E/logwrapper( 2753): executing /system/bin/ami304d failed: No such file or directory
I/logwrapper( 2752): /system/bin/ami304d terminated by exit(255)
E/IPCThreadState( 2759): IPCThread::waitForResponse checking error 3 : -32
E/IPCThreadState( 2761): IPCThread::waitForResponse checking error 3 : -32
E/logwrapper( 2763): executing /system/bin/ami304d failed: No such file or directory
I/logwrapper( 2762): /system/bin/ami304d terminated by exit(255)
E/IPCThreadState( 2769): IPCThread::waitForResponse checking error 3 : -32
E/IPCThreadState( 2771): IPCThread::waitForResponse checking error 3 : -32
E/logwrapper( 2773): executing /system/bin/ami304d failed: No such file or directory
I/logwrapper( 2772): /system/bin/ami304d terminated by exit(255)
E/IPCThreadState( 2779): IPCThread::waitForResponse checking error 3 : -32
E/IPCThreadState( 2781): IPCThread::waitForResponse checking error 3 : -32
E/logwrapper( 2783): executing /system/bin/ami304d failed: No such file or directory
I/logwrapper( 2782): /system/bin/ami304d terminated by exit(255)
E/IPCThreadState( 2789): IPCThread::waitForResponse checking error 3 : -32
E/IPCThreadState( 2791): IPCThread::waitForResponse checking error 3 : -32
E/logwrapper( 2793): executing /system/bin/ami304d failed: No such file or directory
I/logwrapper( 2792): /system/bin/ami304d terminated by exit(255)
E/IPCThreadState( 2799): IPCThread::waitForResponse checking error 3 : -32
E/IPCThreadState( 2801): IPCThread::waitForResponse checking error 3 : -32
E/logwrapper( 2803): executing /system/bin/ami304d failed: No such file or directory
I/logwrapper( 2802): /system/bin/ami304d terminated by exit(255)
E/IPCThreadState( 2809): IPCThread::waitForResponse checking error 3 : -32
E/IPCThreadState( 2811): IPCThread::waitForResponse checking error 3 : -32
E/logwrapper( 2813): executing /system/bin/ami304d failed: No such file or directory
I/logwrapper( 2812): /system/bin/ami304d terminated by exit(255)
E/IPCThreadState( 2819): IPCThread::waitForResponse checking error 3 : -32
E/IPCThreadState( 2821): IPCThread::waitForResponse checking error 3 : -32
E/logwrapper( 2824): executing /system/bin/ami304d failed: No such file or directory
I/logwrapper( 2823): /system/bin/ami304d terminated by exit(255)
E/IPCThreadState( 2830): IPCThread::waitForResponse checking error 3 : -32
E/IPCThreadState( 2832): IPCThread::waitForResponse checking error 3 : -32
E/logwrapper( 2834): executing /system/bin/ami304d failed: No such file or directory
I/logwrapper( 2833): /system/bin/ami304d terminated by exit(255)
E/IPCThreadState( 2840): IPCThread::waitForResponse checking error 3 : -32
E/IPCThreadState( 2842): IPCThread::waitForResponse checking error 3 : -32
E/logwrapper( 2844): executing /system/bin/ami304d failed: No such file or directory
I/logwrapper( 2843): /system/bin/ami304d terminated by exit(255)
E/IPCThreadState( 2850): IPCThread::waitForResponse checking error 3 : -32
E/IPCThreadState( 2852): IPCThread::waitForResponse checking error 3 : -32
E/logwrapper( 2854): executing /system/bin/ami304d failed: No such file or directory
I/logwrapper( 2853): /system/bin/ami304d terminated by exit(255)
E/IPCThreadState( 2860): IPCThread::waitForResponse checking error 3 : -32
E/IPCThreadState( 2862): IPCThread::waitForResponse checking error 3 : -32
E/logwrapper( 2864): executing /system/bin/ami304d failed: No such file or directory
I/logwrapper( 2863): /system/bin/ami304d terminated by exit(255)
E/IPCThreadState( 2870): IPCThread::waitForResponse checking error 3 : -32
E/IPCThreadState( 2872): IPCThread::waitForResponse checking error 3 : -32
E/logwrapper( 2874): executing /system/bin/ami304d failed: No such file or directory
I/logwrapper( 2873): /system/bin/ami304d terminated by exit(255)
E/IPCThreadState( 2880): IPCThread::waitForResponse checking error 3 : -32
E/IPCThreadState( 2882): IPCThread::waitForResponse checking error 3 : -32
E/logwrapper( 2884): executing /system/bin/ami304d failed: No such file or directory
I/logwrapper( 2883): /system/bin/ami304d terminated by exit(255)
E/IPCThreadState( 2890): IPCThread::waitForResponse checking error 3 : -32
E/IPCThreadState( 2892): IPCThread::waitForResponse checking error 3 : -32
