D/ccci_fsd(   74): S: 1 0 1: 0 
D/FTM     (   86): version_init
D/ccci_fsd(   74): R: 1 514: 514 0 
D/ccci_fsd(   74): C: 1: 0 
D/ccci_fsd(   74): A: [1010103F3710342D]: 0 
D/ccci_fsd(   74): O: [1010103F3710342D](0x20010400): (9 1) 
D/ccci_fsd(   74): F: 1: 514 0 
D/ccci_fsd(   74): S: 1 0 1: 0 
D/ccci_fsd(   74): W: 1 512: 512 0 
D/ccci_fsd(   74): W: 1 2: 2 0 
D/ccci_fsd(   74): C: 1: 0 
D/ccci_fsd(   74): O: [1010103F3210342D](0x00000700): (9 1) 
D/FTM     (   86): [MIUI] itemview_set_title
D/FTM     (   86): [MIUI] itemview_set_items
D/FTM     (   86): [MAIN] Load test result from 
D/ccci_fsd(   74): F: 1: 22 0 
D/ccci_fsd(   74): S: 1 0 1: 0 
D/ccci_fsd(   74): R: 1 22: 22 0 
D/ccci_fsd(   74): C: 1: 0 
D/FTM     (   86): [MAIN]   Version=1
D/FTM     (   86): [MAIN]   Keys=1
D/FTM     (   86): [MAIN]   Touch Panel=0
D/FTM     (   86): [MAIN]   LCD Color=1
D/ccci_fsd(   74): O: [1010103F3310342D](0x00000700): (9 1) 
D/FTM     (   86): [MAIN]   LCD Contrast=1
D/FTM     (   86): [MAIN]   Memory Card=1
D/ccci_fsd(   74): F: 1: 22 0 
D/FTM     (   86): [MAIN]   SIM1 Detect=1
D/FTM     (   86): [MAIN]   SIM2 Detect=1
D/FTM     (   86): [MAIN]   Vibrator=1
D/ccci_fsd(   74): S: 1 0 1: 0 
D/FTM     (   86): [MAIN]   LED=1
D/FTM     (   86): [MAIN]   Speaker Test=1
D/FTM     (   86): [MAIN]   Receiver=1
D/ccci_fsd(   74): R: 1 22: 22 0 
D/FTM     (   86): [MAIN]   Loopback=1
D/FTM     (   86): [MAIN]   Headset=1
D/FTM     (   86): [MAIN]   G-Sensor Calibration=1
D/FTM     (   86): [MAIN]   G-Sensor=1
D/ccci_fsd(   74): C: 1: 0 
D/FTM     (   86): [MAIN]   ALS/PS=1
D/FTM     (   86): [MAIN]   Main Camera=1
D/FTM     (   86): [MAIN]   Sub Camera=1
D/FTM     (   86): [MAIN]   GPS-Power=1
D/FTM     (   86): [MAIN]   FM Radio=1
D/ccci_fsd(   74): O: [1010103F3410342D](0x00000700): (9 1) 
D/FTM     (   86): [MAIN]   Bluetooth=1
D/FTM     (   86): [MAIN]   Wi-Fi=1
D/ccci_fsd(   74): F: 1: 246 0 
D/FTM     (   86): [MAIN]   Battery & Charger=1
D/FTM     (   86): [MAIN]   Idle Current=1
D/ccci_fsd(   74): S: 1 0 1: 0 
D/FTM     (   86): [MIUI] itemview_run 0xbe81dcf8
D/ccci_fsd(   74): R: 1 246: 246 0 
D/ccci_fsd(   74): C: 1: 0 
D/ccci_fsd(   74): O: [1010103F3510342D](0x00000700): (9 1) 
D/ccci_fsd(   74): F: 1: 246 0 
D/ccci_fsd(   74): S: 1 0 1: 0 
D/ccci_fsd(   74): R: 1 246: 246 0 
D/ccci_fsd(   74): C: 1: 0 
D/ccci_fsd(   74): O: [1010103F3610342D](0x00000700): (9 1) 
D/ccci_fsd(   74): F: 1: 132 0 
D/ccci_fsd(   74): S: 1 0 1: 0 
D/ccci_fsd(   74): R: 1 132: 132 0 
D/ccci_fsd(   74): C: 1: 0 
D/ccci_fsd(   74): O: [1010103F2611342D](0x00000700): (9 1) 
D/ccci_fsd(   74): F: 1: 106 0 
D/ccci_fsd(   74): S: 1 0 1: 0 
D/ccci_fsd(   74): R: 1 106: 106 0 
D/ccci_fsd(   74): C: 1: 0 
D/ccci_fsd(   74): O: [1410103F2B16342D](0x00000700): (9 1) 
D/ccci_fsd(   74): F: 1: 200 0 
D/ccci_fsd(   74): S: 1 10 1: 10 
D/ccci_fsd(   74): R: 1 10: 10 0 
D/ccci_fsd(   74): C: 1: 0 
D/ccci_fsd(   74): O: [1110103F1916342D](0x00000700): (9 1) 
D/ccci_fsd(   74): F: 1: 218 0 
D/ccci_fsd(   74): S: 1 0 1: 0 
D/ccci_fsd(   74): R: 1 218: 218 0 
D/ccci_fsd(   74): C: 1: 0 
D/ccci_fsd(   74): O: [1310103F1716342D](0x00000700): (9 1) 
D/ccci_fsd(   74): F: 1: 442 0 
D/ccci_fsd(   74): S: 1 0 1: 0 
D/ccci_fsd(   74): R: 1 442: 442 0 
D/ccci_fsd(   74): C: 1: 0 
D/ccci_fsd(   74): O: [1010103F1816342D](0x00000700): (9 1) 
D/ccci_fsd(   74): F: 1: 242 0 
D/ccci_fsd(   74): S: 1 0 1: 0 
D/ccci_fsd(   74): R: 1 242: 242 0 
D/ccci_fsd(   74): C: 1: 0 
D/ccci_fsd(   74): O: [1010103F3516342D](0x00000700): (9 1) 
D/ccci_fsd(   74): F: 1: 6 0 
D/ccci_fsd(   74): S: 1 0 1: 0 
D/ccci_fsd(   74): R: 1 6: 6 0 
D/ccci_fsd(   74): C: 1: 0 
E/logwrapper(  103): executing /system/bin/ami304d failed: No such file or directory
I/logwrapper(  102): /system/bin/ami304d terminated by exit(255)
D/FTM     (   86): [MIUI] msg2133_tpd Magnum
D/FTM     (   86): [MIUI] NOT msg2133_tpd_reset
D/FTM     (   86): [MIUI] KEY:DOWN
D/FTM     (   86): [MIUI] sel=1, maxrows=24, menu_from=1, menu_sel=1
D/wifi_nvram(   87): main: file "/system/etc/nvram.txt" exist
D/wifi_nvram(   87): main: filelen = 833 
D/wifi_nvram(   87): main: rd_len = 833 
D/wifi_nvram(   87): main: mac ptr = 200 
D/NVRAM   (   87): NVM_GetFileDesc ++
D/NVRAM   (   87): NVM_GetCfgFileTable : file_lid = 19
D/NVRAM   (   87): NVM_GetCfgFileTable done
D/NVRAM   (   87): Open /data/nvram/APCFG/APRDEB/WIFI,LID:19
D/NVRAM   (   87): NVM_CmpFileVerNo 19  
D/NVRAM   (   87): NVM_GetCfgFileTable : file_lid = 19
D/NVRAM   (   87): NVM_CheckVerFile: 0
D/NVRAM   (   87): New version info file
D/NVRAM   (   87): Load File Version: 000, NvRam File Version: 000
D/NVRAM   (   87): NVM_CheckFileSize : 19 ++
D/NVRAM   (   87): iCustomBeginLID = 15
D/NVRAM   (   87): NVM_CheckVerFile: 1
D/NVRAM   (   87): NVM_GetCfgFileTable : file_lid = 19
D/NVRAM   (   87): NVM_CheckFileSize:stat_size:514,size in table:512
D/NVRAM   (   87): NVM_ProtectUserData
D/NVRAM   (   87): NVM_ProtectUserData:Check File
D/NVRAM   (   87): NVM_CheckFile: File is correct!
D/NVRAM   (   87): NVM_ProtectUserData:Check Success
D/NVRAM   (   87): NVM_GetFileDesc ProtectDataFile Check Success!!
D/NVRAM   (   87): NVM_GetFileDesc --
D/wifi_nvram(   87): main: FD 19 rec_size 512 rec_num 1
D/wifi_nvram(   87): main: Read NVRAM : WIFI address d0b33f47c3e5
D/wifi_nvram(   87): main: itoa_buff=[d0:b3:3f:47:c3:e5]
D/wifi_nvram(   87): 
D/NVRAM   (   87): NVM_CheckFileSize : 19 ++
D/NVRAM   (   87): iCustomBeginLID = 15
D/NVRAM   (   87): NVM_CheckVerFile: 1
D/NVRAM   (   87): NVM_GetCfgFileTable : file_lid = 19
D/NVRAM   (   87): NVM_CheckFileSize:stat_size:514,size in table:512
D/NVRAM   (   87): NVM_ProtectUserData
D/NVRAM   (   87): NVM_ProtectUserData:Set Check Num
D/NVRAM   (   87): NVM_SetCheckNo: CheckNo:29
D/NVRAM   (   87): NVM_SetCheckNo: CheckFlag:0
D/NVRAM   (   87): NVM_SetCheckNo: CheckNo generate successfully!
D/NVRAM   (   87): NVM_ProtectUserData:Set Check Num Success
D/NVRAM   (   87): NVM_CloseFileDesc ProtectDataFile Success!!
I/logwrapper(   79): /system/xbin/bcwifinvram terminated by exit(0)
D/FTM     (   86): [MIUI] msg2133_tpd Magnum
D/FTM     (   86): [MIUI] NOT msg2133_tpd_reset
D/FTM     (   86): [MIUI] KEY:DOWN
D/FTM     (   86): [MIUI] sel=2, maxrows=24, menu_from=1, menu_sel=2
D/FTM     (   86): [MIUI] msg2133_tpd Magnum
D/FTM     (   86): [MIUI] NOT msg2133_tpd_reset
D/FTM     (   86): [MIUI] KEY:DOWN
D/FTM     (   86): [MIUI] sel=3, maxrows=24, menu_from=1, menu_sel=3
D/FTM     (   86): [MIUI] msg2133_tpd Magnum
D/FTM     (   86): [MIUI] NOT msg2133_tpd_reset
D/FTM     (   86): [MIUI] KEY:CONFIRM
D/FTM     (   86): [MIUI] itemview_set_title
D/FTM     (   86): [MIUI] itemview_set_items
D/FTM     (   86): [MIUI] itemview_run 0xbe815904
E/logwrapper(  106): executing /system/bin/ami304d failed: No such file or directory
I/logwrapper(  105): /system/bin/ami304d terminated by exit(255)
D/FTM     (   86): [MIUI] msg2133_tpd Magnum
D/FTM     (   86): [MIUI] NOT msg2133_tpd_reset
D/FTM     (   86): [MIUI] KEY:UP
D/FTM     (   86): [MIUI] [1]update menu_from: 1 --> 2
D/FTM     (   86): [MIUI] sel=-1, maxrows=24, menu_from=2, menu_sel=25
D/FTM     (   86): [MIUI] msg2133_tpd Magnum
D/FTM     (   86): [MIUI] NOT msg2133_tpd_reset
D/FTM     (   86): [MIUI] KEY:UP
D/FTM     (   86): [MIUI] [2]update menu_from: 2 --> 1
D/FTM     (   86): [MIUI] sel=24, maxrows=24, menu_from=1, menu_sel=24
D/FTM     (   86): [MIUI] msg2133_tpd Magnum
D/FTM     (   86): [MIUI] NOT msg2133_tpd_reset
D/FTM     (   86): [MIUI] KEY:DOWN
D/FTM     (   86): [MIUI] [2]update menu_from: 1 --> 2
D/FTM     (   86): [MIUI] sel=25, maxrows=24, menu_from=2, menu_sel=25
D/FTM     (   86): [MIUI] msg2133_tpd Magnum
D/FTM     (   86): [MIUI] NOT msg2133_tpd_reset
D/FTM     (   86): [MIUI] KEY:CONFIRM
D/FTM     (   86): [MAIN] Save test result to 
D/FTM     (   86): [MAIN]   Version=1
D/FTM     (   86): [MAIN]   Keys=1
D/FTM     (   86): [MAIN]   Touch Panel=0
D/FTM     (   86): [MAIN]   LCD Color=1
D/FTM     (   86): [MAIN]   LCD Contrast=1
D/FTM     (   86): [MAIN]   Memory Card=1
D/FTM     (   86): [MAIN]   SIM1 Detect=1
D/FTM     (   86): [MAIN]   SIM2 Detect=1
D/FTM     (   86): [MAIN]   Vibrator=1
D/FTM     (   86): [MAIN]   LED=1
D/FTM     (   86): [MAIN]   Speaker Test=1
D/FTM     (   86): [MAIN]   Receiver=1
D/FTM     (   86): [MAIN]   Loopback=1
D/FTM     (   86): [MAIN]   Headset=1
D/FTM     (   86): [MAIN]   G-Sensor Calibration=1
D/FTM     (   86): [MAIN]   G-Sensor=1
D/FTM     (   86): [MAIN]   ALS/PS=1
D/FTM     (   86): [MAIN]   Main Camera=1
D/FTM     (   86): [MAIN]   Sub Camera=1
D/FTM     (   86): [MAIN]   GPS-Power=1
D/FTM     (   86): [MAIN]   FM Radio=1
D/FTM     (   86): [MAIN]   Bluetooth=1
D/FTM     (   86): [MAIN]   Wi-Fi=1
D/FTM     (   86): [MAIN]   Battery & Charger=1
D/FTM     (   86): [MAIN]   Idle Current=1
D/FTM     (   86): [MIUI] itemview_run 0xbe81dcf8
E/logwrapper(  109): executing /system/bin/ami304d failed: No such file or directory
I/logwrapper(  108): /system/bin/ami304d terminated by exit(255)
E/logwrapper(  111): executing /system/bin/ami304d failed: No such file or directory
I/logwrapper(  110): /system/bin/ami304d terminated by exit(255)
D/FTM     (   86): [MIUI] msg2133_tpd Magnum
D/FTM     (   86): [MIUI] NOT msg2133_tpd_reset
D/FTM     (   86): [MIUI] KEY:UP
D/FTM     (   86): [MIUI] sel=2, maxrows=24, menu_from=1, menu_sel=2
E/logwrapper(  113): executing /system/bin/ami304d failed: No such file or directory
I/logwrapper(  112): /system/bin/ami304d terminated by exit(255)
E/logwrapper(  115): executing /system/bin/ami304d failed: No such file or directory
I/logwrapper(  114): /system/bin/ami304d terminated by exit(255)
E/logwrapper(  117): executing /system/bin/ami304d failed: No such file or directory
I/logwrapper(  116): /system/bin/ami304d terminated by exit(255)
E/logwrapper(  119): executing /system/bin/ami304d failed: No such file or directory
I/logwrapper(  118): /system/bin/ami304d terminated by exit(255)
E/logwrapper(  121): executing /system/bin/ami304d failed: No such file or directory
I/logwrapper(  120): /system/bin/ami304d terminated by exit(255)
E/logwrapper(  138): executing /system/bin/ami304d failed: No such file or directory
I/logwrapper(  136): /system/bin/ami304d terminated by exit(255)
E/IPCThreadState(  169): IPCThread::waitForResponse checking error 3 : -32
E/IPCThreadState(  171): IPCThread::waitForResponse checking error 3 : -32
E/IPCThreadState(  177): IPCThread::waitForResponse checking error 3 : -32
E/IPCThreadState(  179): IPCThread::waitForResponse checking error 3 : -32
E/logwrapper(  181): executing /system/bin/ami304d failed: No such file or directory
I/logwrapper(  180): /system/bin/ami304d terminated by exit(255)
E/IPCThreadState(  187): IPCThread::waitForResponse checking error 3 : -32
E/IPCThreadState(  189): IPCThread::waitForResponse checking error 3 : -32
E/logwrapper(  191): executing /system/bin/ami304d failed: No such file or directory
I/logwrapper(  190): /system/bin/ami304d terminated by exit(255)
E/IPCThreadState(  197): IPCThread::waitForResponse checking error 3 : -32
E/IPCThreadState(  199): IPCThread::waitForResponse checking error 3 : -32
E/logwrapper(  201): executing /system/bin/ami304d failed: No such file or directory
I/logwrapper(  200): /system/bin/ami304d terminated by exit(255)
E/IPCThreadState(  207): IPCThread::waitForResponse checking error 3 : -32
E/IPCThreadState(  209): IPCThread::waitForResponse checking error 3 : -32
E/logwrapper(  211): executing /system/bin/ami304d failed: No such file or directory
I/logwrapper(  210): /system/bin/ami304d terminated by exit(255)
E/IPCThreadState(  217): IPCThread::waitForResponse checking error 3 : -32
E/IPCThreadState(  219): IPCThread::waitForResponse checking error 3 : -32
E/logwrapper(  221): executing /system/bin/ami304d failed: No such file or directory
I/logwrapper(  220): /system/bin/ami304d terminated by exit(255)
E/IPCThreadState(  228): IPCThread::waitForResponse checking error 3 : -32
E/IPCThreadState(  230): IPCThread::waitForResponse checking error 3 : -32
E/logwrapper(  232): executing /system/bin/ami304d failed: No such file or directory
I/logwrapper(  231): /system/bin/ami304d terminated by exit(255)
D/FTM     (   86): [MIUI] msg2133_tpd Magnum
D/FTM     (   86): [MIUI] NOT msg2133_tpd_reset
D/FTM     (   86): [MIUI] KEY:CONFIRM
D/FTM     (   86): [MAIN] item_test_mode
D/FTM     (   86): [MIUI] itemview_set_title
D/FTM     (   86): [MIUI] itemview_set_items
D/FTM     (   86): [MIUI] itemview_run 0xbe815c24
D/FTM     (   86): [MIUI] msg2133_tpd Magnum
D/FTM     (   86): [MIUI] NOT msg2133_tpd_reset
D/FTM     (   86): [MIUI] KEY:DOWN
D/FTM     (   86): [MIUI] sel=1, maxrows=24, menu_from=1, menu_sel=1
E/IPCThreadState(  238): IPCThread::waitForResponse checking error 3 : -32
E/IPCThreadState(  240): IPCThread::waitForResponse checking error 3 : -32
E/logwrapper(  242): executing /system/bin/ami304d failed: No such file or directory
I/logwrapper(  241): /system/bin/ami304d terminated by exit(255)
D/FTM     (   86): [MIUI] msg2133_tpd Magnum
D/FTM     (   86): [MIUI] NOT msg2133_tpd_reset
D/FTM     (   86): [MIUI] KEY:CONFIRM
E/IPCThreadState(  248): IPCThread::waitForResponse checking error 3 : -32
E/IPCThreadState(  250): IPCThread::waitForResponse checking error 3 : -32
E/logwrapper(  252): executing /system/bin/ami304d failed: No such file or directory
I/logwrapper(  251): /system/bin/ami304d terminated by exit(255)
D/FTM     (   86): [MIUI] msg2133_tpd Magnum
D/FTM     (   86): [MIUI] msg2133_tpd_reset
D/FTM     (   86): msg2133_tpd_reset !
D/FTM     (   86): [MIUI] KEY: 116
D/FTM     (   86): [MIUI] msg2133_tpd Magnum
D/FTM     (   86): [MIUI] NOT msg2133_tpd_reset
D/FTM     (   86): [MIUI] KEY: 115
D/FTM     (   86): [MIUI] msg2133_tpd Magnum
D/FTM     (   86): [MIUI] NOT msg2133_tpd_reset
D/FTM     (   86): [MIUI] KEY: 114
E/IPCThreadState(  258): IPCThread::waitForResponse checking error 3 : -32
E/IPCThreadState(  260): IPCThread::waitForResponse checking error 3 : -32
E/logwrapper(  262): executing /system/bin/ami304d failed: No such file or directory
D/FTM     (   86): [MIUI] msg2133_tpd Magnum
D/FTM     (   86): [MIUI] NOT msg2133_tpd_reset
D/FTM     (   86): [MIUI] KEY: 60
I/logwrapper(  261): /system/bin/ami304d terminated by exit(255)
D/FTM     (   86): [MIUI] msg2133_tpd Magnum
D/FTM     (   86): [MIUI] NOT msg2133_tpd_reset
D/FTM     (   86): [MIUI] KEY: 59
D/FTM     (   86): [MIUI] msg2133_tpd Magnum
D/FTM     (   86): [MIUI] NOT msg2133_tpd_reset
D/FTM     (   86): [MIUI] KEY: 61
D/FTM     (   86): [MAIN] Save test result to 
D/FTM     (   86): [MAIN]   Version=1
D/FTM     (   86): [MAIN]   Keys=1
D/FTM     (   86): [MAIN]   Touch Panel=0
D/FTM     (   86): [MAIN]   LCD Color=1
D/FTM     (   86): [MAIN]   LCD Contrast=1
D/FTM     (   86): [MAIN]   Memory Card=1
D/FTM     (   86): [MAIN]   SIM1 Detect=1
D/FTM     (   86): [MAIN]   SIM2 Detect=1
D/FTM     (   86): [MAIN]   Vibrator=1
D/FTM     (   86): [MAIN]   LED=1
D/FTM     (   86): [MAIN]   Speaker Test=1
D/FTM     (   86): [MAIN]   Receiver=1
D/FTM     (   86): [MAIN]   Loopback=1
D/FTM     (   86): [MAIN]   Headset=1
D/FTM     (   86): [MAIN]   G-Sensor Calibration=1
D/FTM     (   86): [MAIN]   G-Sensor=1
D/FTM     (   86): [MAIN]   ALS/PS=1
D/FTM     (   86): [MAIN]   Main Camera=1
D/FTM     (   86): [MAIN]   Sub Camera=1
D/FTM     (   86): [MAIN]   GPS-Power=1
D/FTM     (   86): [MAIN]   FM Radio=1
D/FTM     (   86): [MAIN]   Bluetooth=1
D/FTM     (   86): [MAIN]   Wi-Fi=1
D/FTM     (   86): [MAIN]   Battery & Charger=1
D/FTM     (   86): [MAIN]   Idle Current=1
D/FTM     (   86): [MIUI] itemview_run 0xbe815c24
E/IPCThreadState(  268): IPCThread::waitForResponse checking error 3 : -32
E/IPCThreadState(  270): IPCThread::waitForResponse checking error 3 : -32
E/logwrapper(  272): executing /system/bin/ami304d failed: No such file or directory
I/logwrapper(  271): /system/bin/ami304d terminated by exit(255)
E/IPCThreadState(  278): IPCThread::waitForResponse checking error 3 : -32
E/IPCThreadState(  280): IPCThread::waitForResponse checking error 3 : -32
E/logwrapper(  282): executing /system/bin/ami304d failed: No such file or directory
I/logwrapper(  281): /system/bin/ami304d terminated by exit(255)
E/IPCThreadState(  288): IPCThread::waitForResponse checking error 3 : -32
E/IPCThreadState(  290): IPCThread::waitForResponse checking error 3 : -32
E/logwrapper(  292): executing /system/bin/ami304d failed: No such file or directory
I/logwrapper(  291): /system/bin/ami304d terminated by exit(255)
E/IPCThreadState(  298): IPCThread::waitForResponse checking error 3 : -32
E/IPCThreadState(  300): IPCThread::waitForResponse checking error 3 : -32
E/logwrapper(  302): executing /system/bin/ami304d failed: No such file or directory
I/logwrapper(  301): /system/bin/ami304d terminated by exit(255)
E/IPCThreadState(  308): IPCThread::waitForResponse checking error 3 : -32
E/IPCThreadState(  310): IPCThread::waitForResponse checking error 3 : -32
E/logwrapper(  312): executing /system/bin/ami304d failed: No such file or directory
I/logwrapper(  311): /system/bin/ami304d terminated by exit(255)
E/IPCThreadState(  318): IPCThread::waitForResponse checking error 3 : -32
E/IPCThreadState(  320): IPCThread::waitForResponse checking error 3 : -32
E/logwrapper(  322): executing /system/bin/ami304d failed: No such file or directory
I/logwrapper(  321): /system/bin/ami304d terminated by exit(255)
E/IPCThreadState(  328): IPCThread::waitForResponse checking error 3 : -32
E/IPCThreadState(  330): IPCThread::waitForResponse checking error 3 : -32
E/logwrapper(  332): executing /system/bin/ami304d failed: No such file or directory
I/logwrapper(  331): /system/bin/ami304d terminated by exit(255)
E/IPCThreadState(  338): IPCThread::waitForResponse checking error 3 : -32
E/IPCThreadState(  340): IPCThread::waitForResponse checking error 3 : -32
E/logwrapper(  342): executing /system/bin/ami304d failed: No such file or directory
I/logwrapper(  341): /system/bin/ami304d terminated by exit(255)
E/IPCThreadState(  349): IPCThread::waitForResponse checking error 3 : -32
E/IPCThreadState(  351): IPCThread::waitForResponse checking error 3 : -32
E/logwrapper(  353): executing /system/bin/ami304d failed: No such file or directory
I/logwrapper(  352): /system/bin/ami304d terminated by exit(255)
E/IPCThreadState(  359): IPCThread::waitForResponse checking error 3 : -32
E/IPCThreadState(  361): IPCThread::waitForResponse checking error 3 : -32
E/logwrapper(  363): executing /system/bin/ami304d failed: No such file or directory
I/logwrapper(  362): /system/bin/ami304d terminated by exit(255)
E/IPCThreadState(  369): IPCThread::waitForResponse checking error 3 : -32
E/IPCThreadState(  371): IPCThread::waitForResponse checking error 3 : -32
E/logwrapper(  373): executing /system/bin/ami304d failed: No such file or directory
I/logwrapper(  372): /system/bin/ami304d terminated by exit(255)
E/IPCThreadState(  379): IPCThread::waitForResponse checking error 3 : -32
E/IPCThreadState(  381): IPCThread::waitForResponse checking error 3 : -32
E/logwrapper(  383): executing /system/bin/ami304d failed: No such file or directory
I/logwrapper(  382): /system/bin/ami304d terminated by exit(255)
E/IPCThreadState(  389): IPCThread::waitForResponse checking error 3 : -32
E/IPCThreadState(  391): IPCThread::waitForResponse checking error 3 : -32
E/logwrapper(  393): executing /system/bin/ami304d failed: No such file or directory
I/logwrapper(  392): /system/bin/ami304d terminated by exit(255)
E/IPCThreadState(  399): IPCThread::waitForResponse checking error 3 : -32
E/IPCThreadState(  401): IPCThread::waitForResponse checking error 3 : -32
E/logwrapper(  403): executing /system/bin/ami304d failed: No such file or directory
I/logwrapper(  402): /system/bin/ami304d terminated by exit(255)
E/IPCThreadState(  409): IPCThread::waitForResponse checking error 3 : -32
E/IPCThreadState(  412): IPCThread::waitForResponse checking error 3 : -32
E/logwrapper(  414): executing /system/bin/ami304d failed: No such file or directory
I/logwrapper(  413): /system/bin/ami304d terminated by exit(255)
