I/FTM     (   86): [Touch] tpd_fwq draw line2 (106,427,267,427) 
I/FTM     (   86):  
I/FTM     (   86): [Touch] tpd_fwq i=3 ,px=106,py=427 
I/FTM     (   86):  
I/FTM     (   86): [Touch] tpd_fwq dx=108 ,dy=268 
I/FTM     (   86):  
I/FTM     (   86): [Touch] tpd_fwq draw line2 (106,106,106,427) 
I/FTM     (   86):  
I/FTM     (   86): [Touch] tpd_fwq i=0 ,px=106,py=106 
I/FTM     (   86):  
I/FTM     (   86): [Touch] tpd_fwq dx=55 ,dy=268 
I/FTM     (   86):  
I/FTM     (   86): [Touch] tpd_fwq draw line2 (214,106,106,106) 
I/FTM     (   86):  
I/FTM     (   86): [Touch] tpd_fwq i=1 ,px=214,py=106 
I/FTM     (   86):  
I/FTM     (   86): [Touch] tpd_fwq dx=55 ,dy=215 
I/FTM     (   86):  
I/FTM     (   86): [Touch] tpd_fwq draw line2 (214,374,214,106) 
I/FTM     (   86):  
I/FTM     (   86): [Touch] tpd_fwq i=2 ,px=214,py=374 
I/FTM     (   86):  
I/FTM     (   86): [Touch] tpd_fwq dx=2 ,dy=215 
I/FTM     (   86):  
I/FTM     (   86): [Touch] tpd_fwq draw line2 (159,374,214,374) 
I/FTM     (   86):  
I/FTM     (   86): [Touch] tpd_fwq i=3 ,px=159,py=374 
I/FTM     (   86):  
I/FTM     (   86): [Touch] tpd_fwq dx=2 ,dy=162 
I/FTM     (   86):  
I/FTM     (   86): [Touch] tpd_fwq draw line2 (159,159,159,374) 
I/FTM     (   86):  
I/FTM     (   86): [Touch] tpd_fwq i=0 ,px=159,py=159 
I/FTM     (   86):  
I/FTM     (   86): [Touch] tpd_fwq dx=-51 ,dy=162 
I/FTM     (   86):  
I/FTM     (   86): [Touch] tpd_fwq draw line2 (161,159,159,159) 
I/FTM     (   86):  
I/FTM     (   86): [Touch] tpd_fwq i=1 ,px=161,py=159 
I/FTM     (   86):  
I/FTM     (   86): [Touch] tpd_fwq  break dx=-51,dy=162
I/FTM     (   86):  
I/FTM     (   86): [Touch] tpd_fwq  break x=161,y=159,px=161,py=159
I/FTM     (   86):  
I/FTM     (   86): [Touch] tpd_fwq tpd->width=320 
I/FTM     (   86): [Touch] tpd_fwq tpd->height=480 
I/FTM     (   86): [Touch] tpd_fwq d=53 
I/FTM     (   86):  
I/FTM     (   86): [Touch] tpd_fwq dx=214,dy=374,x=53,y=53,px=53,py=53 
I/FTM     (   86):  
I/FTM     (   86): [Touch] tpd_fwq 1... j=0 count=1 
I/FTM     (   86):  
I/FTM     (   86): [Touch] tpd_fwq dx=161 ,dy=374 
I/FTM     (   86):  
I/FTM     (   86): [Touch] tpd_fwq 2... j=0 count=2 
I/FTM     (   86):  
I/FTM     (   86): [Touch] tpd_fwq i=1 ,px=267,py=53 
I/FTM     (   86):  
I/FTM     (   86): [Touch] tpd_fwq dx=161 ,dy=321 
I/FTM     (   86):  
I/FTM     (   86): [Touch] tpd_fwq 2... j=0 count=3 
I/FTM     (   86):  
I/FTM     (   86): [Touch] tpd_fwq i=2 ,px=267,py=427 
I/FTM     (   86):  
I/FTM     (   86): [Touch] tpd_fwq dx=108 ,dy=321 
I/FTM     (   86):  
I/FTM     (   86): [Touch] tpd_fwq 2... j=0 count=4 
I/FTM     (   86):  
I/FTM     (   86): [Touch] tpd_fwq i=3 ,px=106,py=427 
I/FTM     (   86):  
I/FTM     (   86): [Touch] tpd_fwq dx=108 ,dy=268 
I/FTM     (   86):  
I/FTM     (   86): [Touch] tpd_fwq 2... j=0 count=5 
I/FTM     (   86):  
I/FTM     (   86): [Touch] tpd_fwq i=0 ,px=106,py=106 
I/FTM     (   86):  
I/FTM     (   86): [Touch] tpd_fwq dx=55 ,dy=268 
I/FTM     (   86):  
I/FTM     (   86): [Touch] tpd_fwq 2... j=0 count=6 
I/FTM     (   86):  
I/FTM     (   86): [Touch] tpd_fwq i=1 ,px=214,py=106 
I/FTM     (   86):  
I/FTM     (   86): [Touch] tpd_fwq dx=55 ,dy=215 
I/FTM     (   86):  
I/FTM     (   86): [Touch] tpd_fwq 2... j=0 count=7 
I/FTM     (   86):  
I/FTM     (   86): [Touch] tpd_fwq i=2 ,px=214,py=374 
I/FTM     (   86):  
I/FTM     (   86): [Touch] tpd_fwq dx=2 ,dy=215 
I/FTM     (   86):  
I/FTM     (   86): [Touch] tpd_fwq 2... j=0 count=8 
I/FTM     (   86):  
I/FTM     (   86): [Touch] tpd_fwq i=3 ,px=159,py=374 
I/FTM     (   86):  
I/FTM     (   86): [Touch] tpd_fwq dx=2 ,dy=162 
I/FTM     (   86):  
I/FTM     (   86): [Touch] tpd_fwq 2... j=0 count=9 
I/FTM     (   86):  
I/FTM     (   86): [Touch] tpd_fwq i=0 ,px=159,py=159 
I/FTM     (   86):  
I/FTM     (   86): [Touch] tpd_fwq dx=-51 ,dy=162 
I/FTM     (   86):  
I/FTM     (   86): [Touch] tpd_fwq 2... j=0 count=10 
I/FTM     (   86):  
I/FTM     (   86): [Touch] tpd_fwq i=1 ,px=161,py=159 
I/FTM     (   86):  
I/FTM     (   86): [Touch] tpd_fwq  break dx=-51,dy=162
I/FTM     (   86):  
I/FTM     (   86): [Touch] tpd_fwq  break x=161,y=159,px=161,py=159
I/FTM     (   86):  
I/FTM     (   86): [Touch] tpd_fwq dx=214,dy=374,x=53,y=53,px=53,py=53 
I/FTM     (   86):  
I/FTM     (   86): [Touch] tpd_fwq draw line(53,53,53,480) 
I/FTM     (   86):  
I/FTM     (   86): [Touch] tpd_fwq dx=161 ,dy=374 
I/FTM     (   86):  
I/FTM     (   86): [Touch] tpd_fwq draw line2 (267,53,53,53) 
I/FTM     (   86):  
I/FTM     (   86): [Touch] tpd_fwq i=1 ,px=267,py=53 
I/FTM     (   86):  
I/FTM     (   86): [Touch] tpd_fwq dx=161 ,dy=321 
I/FTM     (   86):  
I/FTM     (   86): [Touch] tpd_fwq draw line2 (267,427,267,53) 
I/FTM     (   86):  
I/FTM     (   86): [Touch] tpd_fwq i=2 ,px=267,py=427 
I/FTM     (   86):  
I/FTM     (   86): [Touch] tpd_fwq dx=108 ,dy=321 
I/FTM     (   86):  
I/FTM     (   86): [Touch] tpd_fwq draw line2 (106,427,267,427) 
I/FTM     (   86):  
I/FTM     (   86): [Touch] tpd_fwq i=3 ,px=106,py=427 
I/FTM     (   86):  
I/FTM     (   86): [Touch] tpd_fwq dx=108 ,dy=268 
I/FTM     (   86):  
I/FTM     (   86): [Touch] tpd_fwq draw line2 (106,106,106,427) 
I/FTM     (   86):  
I/FTM     (   86): [Touch] tpd_fwq i=0 ,px=106,py=106 
I/FTM     (   86):  
I/FTM     (   86): [Touch] tpd_fwq dx=55 ,dy=268 
I/FTM     (   86):  
I/FTM     (   86): [Touch] tpd_fwq draw line2 (214,106,106,106) 
I/FTM     (   86):  
I/FTM     (   86): [Touch] tpd_fwq i=1 ,px=214,py=106 
I/FTM     (   86):  
I/FTM     (   86): [Touch] tpd_fwq dx=55 ,dy=215 
I/FTM     (   86):  
I/FTM     (   86): [Touch] tpd_fwq draw line2 (214,374,214,106) 
I/FTM     (   86):  
I/FTM     (   86): [Touch] tpd_fwq i=2 ,px=214,py=374 
I/FTM     (   86):  
I/FTM     (   86): [Touch] tpd_fwq dx=2 ,dy=215 
I/FTM     (   86):  
I/FTM     (   86): [Touch] tpd_fwq draw line2 (159,374,214,374) 
I/FTM     (   86):  
I/FTM     (   86): [Touch] tpd_fwq i=3 ,px=159,py=374 
I/FTM     (   86):  
I/FTM     (   86): [Touch] tpd_fwq dx=2 ,dy=162 
I/FTM     (   86):  
I/FTM     (   86): [Touch] tpd_fwq draw line2 (159,159,159,374) 
I/FTM     (   86):  
I/FTM     (   86): [Touch] tpd_fwq i=0 ,px=159,py=159 
I/FTM     (   86):  
I/FTM     (   86): [Touch] tpd_fwq dx=-51 ,dy=162 
I/FTM     (   86):  
I/FTM     (   86): [Touch] tpd_fwq draw line2 (161,159,159,159) 
I/FTM     (   86):  
I/FTM     (   86): [Touch] tpd_fwq i=1 ,px=161,py=159 
I/FTM     (   86):  
I/FTM     (   86): [Touch] tpd_fwq  break dx=-51,dy=162
I/FTM     (   86):  
I/FTM     (   86): [Touch] tpd_fwq  break x=161,y=159,px=161,py=159
I/FTM     (   86):  
I/FTM     (   86): [Touch] tpd_fwq tpd->width=320 
I/FTM     (   86): [Touch] tpd_fwq tpd->height=480 
I/FTM     (   86): [Touch] tpd_fwq d=53 
I/FTM     (   86):  
I/FTM     (   86): [Touch] tpd_fwq dx=214,dy=374,x=53,y=53,px=53,py=53 
I/FTM     (   86):  
I/FTM     (   86): [Touch] tpd_fwq 1... j=0 count=1 
I/FTM     (   86):  
I/FTM     (   86): [Touch] tpd_fwq dx=161 ,dy=374 
I/FTM     (   86):  
I/FTM     (   86): [Touch] tpd_fwq 2... j=0 count=2 
I/FTM     (   86):  
I/FTM     (   86): [Touch] tpd_fwq i=1 ,px=267,py=53 
I/FTM     (   86):  
I/FTM     (   86): [Touch] tpd_fwq dx=161 ,dy=321 
I/FTM     (   86):  
I/FTM     (   86): [Touch] tpd_fwq 2... j=0 count=3 
I/FTM     (   86):  
I/FTM     (   86): [Touch] tpd_fwq i=2 ,px=267,py=427 
I/FTM     (   86):  
I/FTM     (   86): [Touch] tpd_fwq dx=108 ,dy=321 
I/FTM     (   86):  
I/FTM     (   86): [Touch] tpd_fwq 2... j=0 count=4 
I/FTM     (   86):  
I/FTM     (   86): [Touch] tpd_fwq i=3 ,px=106,py=427 
I/FTM     (   86):  
I/FTM     (   86): [Touch] tpd_fwq dx=108 ,dy=268 
I/FTM     (   86):  
I/FTM     (   86): [Touch] tpd_fwq 2... j=0 count=5 
I/FTM     (   86):  
I/FTM     (   86): [Touch] tpd_fwq i=0 ,px=106,py=106 
I/FTM     (   86):  
I/FTM     (   86): [Touch] tpd_fwq dx=55 ,dy=268 
I/FTM     (   86):  
I/FTM     (   86): [Touch] tpd_fwq 2... j=0 count=6 
I/FTM     (   86):  
I/FTM     (   86): [Touch] tpd_fwq i=1 ,px=214,py=106 
I/FTM     (   86):  
I/FTM     (   86): [Touch] tpd_fwq dx=55 ,dy=215 
I/FTM     (   86):  
I/FTM     (   86): [Touch] tpd_fwq 2... j=0 count=7 
I/FTM     (   86):  
I/FTM     (   86): [Touch] tpd_fwq i=2 ,px=214,py=374 
I/FTM     (   86):  
I/FTM     (   86): [Touch] tpd_fwq dx=2 ,dy=215 
I/FTM     (   86):  
I/FTM     (   86): [Touch] tpd_fwq 2... j=0 count=8 
I/FTM     (   86):  
I/FTM     (   86): [Touch] tpd_fwq i=3 ,px=159,py=374 
I/FTM     (   86):  
I/FTM     (   86): [Touch] tpd_fwq dx=2 ,dy=162 
I/FTM     (   86):  
I/FTM     (   86): [Touch] tpd_fwq 2... j=0 count=9 
I/FTM     (   86):  
I/FTM     (   86): [Touch] tpd_fwq i=0 ,px=159,py=159 
I/FTM     (   86):  
I/FTM     (   86): [Touch] tpd_fwq dx=-51 ,dy=162 
I/FTM     (   86):  
I/FTM     (   86): [Touch] tpd_fwq 2... j=0 count=10 
I/FTM     (   86):  
I/FTM     (   86): [Touch] tpd_fwq i=1 ,px=161,py=159 
I/FTM     (   86):  
I/FTM     (   86): [Touch] tpd_fwq  break dx=-51,dy=162
I/FTM     (   86):  
I/FTM     (   86): [Touch] tpd_fwq  break x=161,y=159,px=161,py=159
I/FTM     (   86):  
I/FTM     (   86): [Touch] tpd_fwq dx=214,dy=374,x=53,y=53,px=53,py=53 
I/FTM     (   86):  
I/FTM     (   86): [Touch] tpd_fwq draw line(53,53,53,480) 
I/FTM     (   86):  
I/FTM     (   86): [Touch] tpd_fwq dx=161 ,dy=374 
I/FTM     (   86):  
I/FTM     (   86): [Touch] tpd_fwq draw line2 (267,53,53,53) 
I/FTM     (   86):  
I/FTM     (   86): [Touch] tpd_fwq i=1 ,px=267,py=53 
I/FTM     (   86):  
I/FTM     (   86): [Touch] tpd_fwq dx=161 ,dy=321 
I/FTM     (   86):  
I/FTM     (   86): [Touch] tpd_fwq draw line2 (267,427,267,53) 
I/FTM     (   86):  
I/FTM     (   86): [Touch] tpd_fwq i=2 ,px=267,py=427 
I/FTM     (   86):  
I/FTM     (   86): [Touch] tpd_fwq dx=108 ,dy=321 
I/FTM     (   86):  
I/FTM     (   86): [Touch] tpd_fwq draw line2 (106,427,267,427) 
I/FTM     (   86):  
I/FTM     (   86): [Touch] tpd_fwq i=3 ,px=106,py=427 
I/FTM     (   86):  
I/FTM     (   86): [Touch] tpd_fwq dx=108 ,dy=268 
I/FTM     (   86):  
I/FTM     (   86): [Touch] tpd_fwq draw line2 (106,106,106,427) 
I/FTM     (   86):  
I/FTM     (   86): [Touch] tpd_fwq i=0 ,px=106,py=106 
I/FTM     (   86):  
I/FTM     (   86): [Touch] tpd_fwq dx=55 ,dy=268 
I/FTM     (   86):  
I/FTM     (   86): [Touch] tpd_fwq draw line2 (214,106,106,106) 
I/FTM     (   86):  
I/FTM     (   86): [Touch] tpd_fwq i=1 ,px=214,py=106 
I/FTM     (   86):  
I/FTM     (   86): [Touch] tpd_fwq dx=55 ,dy=215 
I/FTM     (   86):  
I/FTM     (   86): [Touch] tpd_fwq draw line2 (214,374,214,106) 
I/FTM     (   86):  
I/FTM     (   86): [Touch] tpd_fwq i=2 ,px=214,py=374 
I/FTM     (   86):  
I/FTM     (   86): [Touch] tpd_fwq dx=2 ,dy=215 
I/FTM     (   86):  
I/FTM     (   86): [Touch] tpd_fwq draw line2 (159,374,214,374) 
I/FTM     (   86):  
I/FTM     (   86): [Touch] tpd_fwq i=3 ,px=159,py=374 
I/FTM     (   86):  
I/FTM     (   86): [Touch] tpd_fwq dx=2 ,dy=162 
I/FTM     (   86):  
I/FTM     (   86): [Touch] tpd_fwq draw line2 (159,159,159,374) 
I/FTM     (   86):  
I/FTM     (   86): [Touch] tpd_fwq i=0 ,px=159,py=159 
I/FTM     (   86):  
I/FTM     (   86): [Touch] tpd_fwq dx=-51 ,dy=162 
I/FTM     (   86):  
I/FTM     (   86): [Touch] tpd_fwq draw line2 (161,159,159,159) 
I/FTM     (   86):  
I/FTM     (   86): [Touch] tpd_fwq i=1 ,px=161,py=159 
I/FTM     (   86):  
I/FTM     (   86): [Touch] tpd_fwq  break dx=-51,dy=162
I/FTM     (   86):  
I/FTM     (   86): [Touch] tpd_fwq  break x=161,y=159,px=161,py=159
I/FTM     (   86):  
I/FTM     (   86): [Touch] tpd_fwq tpd->width=320 
I/FTM     (   86): [Touch] tpd_fwq tpd->height=480 
I/FTM     (   86): [Touch] tpd_fwq d=53 
I/FTM     (   86):  
I/FTM     (   86): [Touch] tpd_fwq dx=214,dy=374,x=53,y=53,px=53,py=53 
I/FTM     (   86):  
I/FTM     (   86): [Touch] tpd_fwq 1... j=0 count=1 
I/FTM     (   86):  
I/FTM     (   86): [Touch] tpd_fwq dx=161 ,dy=374 
I/FTM     (   86):  
I/FTM     (   86): [Touch] tpd_fwq 2... j=0 count=2 
I/FTM     (   86):  
I/FTM     (   86): [Touch] tpd_fwq i=1 ,px=267,py=53 
I/FTM     (   86):  
I/FTM     (   86): [Touch] tpd_fwq dx=161 ,dy=321 
I/FTM     (   86):  
I/FTM     (   86): [Touch] tpd_fwq 2... j=0 count=3 
I/FTM     (   86):  
I/FTM     (   86): [Touch] tpd_fwq i=2 ,px=267,py=427 
I/FTM     (   86):  
I/FTM     (   86): [Touch] tpd_fwq dx=108 ,dy=321 
I/FTM     (   86):  
I/FTM     (   86): [Touch] tpd_fwq 2... j=0 count=4 
I/FTM     (   86):  
I/FTM     (   86): [Touch] tpd_fwq i=3 ,px=106,py=427 
I/FTM     (   86):  
I/FTM     (   86): [Touch] tpd_fwq dx=108 ,dy=268 
I/FTM     (   86):  
I/FTM     (   86): [Touch] tpd_fwq 2... j=0 count=5 
I/FTM     (   86):  
I/FTM     (   86): [Touch] tpd_fwq i=0 ,px=106,py=106 
I/FTM     (   86):  
I/FTM     (   86): [Touch] tpd_fwq dx=55 ,dy=268 
I/FTM     (   86):  
I/FTM     (   86): [Touch] tpd_fwq 2... j=0 count=6 
I/FTM     (   86):  
I/FTM     (   86): [Touch] tpd_fwq i=1 ,px=214,py=106 
I/FTM     (   86):  
I/FTM     (   86): [Touch] tpd_fwq dx=55 ,dy=215 
I/FTM     (   86):  
I/FTM     (   86): [Touch] tpd_fwq 2... j=0 count=7 
I/FTM     (   86):  
I/FTM     (   86): [Touch] tpd_fwq i=2 ,px=214,py=374 
I/FTM     (   86):  
I/FTM     (   86): [Touch] tpd_fwq dx=2 ,dy=215 
I/FTM     (   86):  
I/FTM     (   86): [Touch] tpd_fwq 2... j=0 count=8 
I/FTM     (   86):  
I/FTM     (   86): [Touch] tpd_fwq i=3 ,px=159,py=374 
I/FTM     (   86):  
I/FTM     (   86): [Touch] tpd_fwq dx=2 ,dy=162 
I/FTM     (   86):  
I/FTM     (   86): [Touch] tpd_fwq 2... j=0 count=9 
I/FTM     (   86):  
I/FTM     (   86): [Touch] tpd_fwq i=0 ,px=159,py=159 
I/FTM     (   86):  
I/FTM     (   86): [Touch] tpd_fwq dx=-51 ,dy=162 
I/FTM     (   86):  
I/FTM     (   86): [Touch] tpd_fwq 2... j=0 count=10 
I/FTM     (   86):  
I/FTM     (   86): [Touch] tpd_fwq i=1 ,px=161,py=159 
I/FTM     (   86):  
I/FTM     (   86): [Touch] tpd_fwq  break dx=-51,dy=162
I/FTM     (   86):  
I/FTM     (   86): [Touch] tpd_fwq  break x=161,y=159,px=161,py=159
I/FTM     (   86):  
I/FTM     (   86): [Touch] tpd_fwq dx=214,dy=374,x=53,y=53,px=53,py=53 
I/FTM     (   86):  
I/FTM     (   86): [Touch] tpd_fwq draw line(53,53,53,480) 
I/FTM     (   86):  
I/FTM     (   86): [Touch] tpd_fwq dx=161 ,dy=374 
I/FTM     (   86):  
I/FTM     (   86): [Touch] tpd_fwq draw line2 (267,53,53,53) 
I/FTM     (   86):  
I/FTM     (   86): [Touch] tpd_fwq i=1 ,px=267,py=53 
I/FTM     (   86):  
I/FTM     (   86): [Touch] tpd_fwq dx=161 ,dy=321 
I/FTM     (   86):  
I/FTM     (   86): [Touch] tpd_fwq draw line2 (267,427,267,53) 
I/FTM     (   86):  
I/FTM     (   86): [Touch] tpd_fwq i=2 ,px=267,py=427 
I/FTM     (   86):  
I/FTM     (   86): [Touch] tpd_fwq dx=108 ,dy=321 
I/FTM     (   86):  
I/FTM     (   86): [Touch] tpd_fwq draw line2 (106,427,267,427) 
I/FTM     (   86):  
I/FTM     (   86): [Touch] tpd_fwq i=3 ,px=106,py=427 
I/FTM     (   86):  
I/FTM     (   86): [Touch] tpd_fwq dx=108 ,dy=268 
I/FTM     (   86):  
I/FTM     (   86): [Touch] tpd_fwq draw line2 (106,106,106,427) 
I/FTM     (   86):  
I/FTM     (   86): [Touch] tpd_fwq i=0 ,px=106,py=106 
I/FTM     (   86):  
I/FTM     (   86): [Touch] tpd_fwq dx=55 ,dy=268 
I/FTM     (   86):  
I/FTM     (   86): [Touch] tpd_fwq draw line2 (214,106,106,106) 
I/FTM     (   86):  
I/FTM     (   86): [Touch] tpd_fwq i=1 ,px=214,py=106 
I/FTM     (   86):  
I/FTM     (   86): [Touch] tpd_fwq dx=55 ,dy=215 
I/FTM     (   86):  
I/FTM     (   86): [Touch] tpd_fwq draw line2 (214,374,214,106) 
I/FTM     (   86):  
I/FTM     (   86): [Touch] tpd_fwq i=2 ,px=214,py=374 
I/FTM     (   86):  
I/FTM     (   86): [Touch] tpd_fwq dx=2 ,dy=215 
I/FTM     (   86):  
I/FTM     (   86): [Touch] tpd_fwq draw line2 (159,374,214,374) 
I/FTM     (   86):  
I/FTM     (   86): [Touch] tpd_fwq i=3 ,px=159,py=374 
I/FTM     (   86):  
I/FTM     (   86): [Touch] tpd_fwq dx=2 ,dy=162 
I/FTM     (   86):  
I/FTM     (   86): [Touch] tpd_fwq draw line2 (159,159,159,374) 
I/FTM     (   86):  
I/FTM     (   86): [Touch] tpd_fwq i=0 ,px=159,py=159 
I/FTM     (   86):  
I/FTM     (   86): [Touch] tpd_fwq dx=-51 ,dy=162 
I/FTM     (   86):  
I/FTM     (   86): [Touch] tpd_fwq draw line2 (161,159,159,159) 
I/FTM     (   86):  
I/FTM     (   86): [Touch] tpd_fwq i=1 ,px=161,py=159 
I/FTM     (   86):  
I/FTM     (   86): [Touch] tpd_fwq  break dx=-51,dy=162
I/FTM     (   86):  
I/FTM     (   86): [Touch] tpd_fwq  break x=161,y=159,px=161,py=159
I/FTM     (   86):  
D/FTM     (   86): [MIUI] msg2133_tpd Magnum
D/FTM     (   86): [MIUI] NOT msg2133_tpd_reset
D/FTM     (   86): [MIUI] KEY: 61
D/FTM     (   86): [Touch] exit thread
D/FTM     (   86): [MAIN] Save test result to 
D/FTM     (   86): [MAIN]   Version=1
D/FTM     (   86): [MAIN]   Keys=1
D/FTM     (   86): [MAIN]   Touch Panel=0
D/FTM     (   86): [MAIN]   LCD Color=1
D/FTM     (   86): [MAIN]   LCD Contrast=1
D/FTM     (   86): [MAIN]   Memory Card=1
D/FTM     (   86): [MAIN]   SIM1 Detect=1
D/FTM     (   86): [MAIN]   SIM2 Detect=1
D/FTM     (   86): [MAIN]   Vibrator=1
D/FTM     (   86): [MAIN]   LED=1
D/FTM     (   86): [MAIN]   Speaker Test=1
D/FTM     (   86): [MAIN]   Receiver=1
D/FTM     (   86): [MAIN]   Loopback=1
D/FTM     (   86): [MAIN]   Headset=1
D/FTM     (   86): [MAIN]   G-Sensor Calibration=1
D/FTM     (   86): [MAIN]   G-Sensor=1
D/FTM     (   86): [MAIN]   ALS/PS=1
D/FTM     (   86): [MAIN]   Main Camera=1
D/FTM     (   86): [MAIN]   Sub Camera=1
D/FTM     (   86): [MAIN]   GPS-Power=1
D/FTM     (   86): [MAIN]   FM Radio=1
D/FTM     (   86): [MAIN]   Bluetooth=1
D/FTM     (   86): [MAIN]   Wi-Fi=1
D/FTM     (   86): [MAIN]   Battery & Charger=1
D/FTM     (   86): [MAIN]   Idle Current=1
D/FTM     (   86): [MIUI] itemview_run 0xbe815c24
E/IPCThreadState(  602): IPCThread::waitForResponse checking error 3 : -32
E/logwrapper(  604): executing /system/bin/ami304d failed: No such file or directory
I/logwrapper(  603): /system/bin/ami304d terminated by exit(255)
E/IPCThreadState(  606): IPCThread::waitForResponse checking error 3 : -32
E/IPCThreadState(  612): IPCThread::waitForResponse checking error 3 : -32
E/logwrapper(  614): executing /system/bin/ami304d failed: No such file or directory
I/logwrapper(  613): /system/bin/ami304d terminated by exit(255)
E/IPCThreadState(  616): IPCThread::waitForResponse checking error 3 : -32
E/IPCThreadState(  622): IPCThread::waitForResponse checking error 3 : -32
E/logwrapper(  624): executing /system/bin/ami304d failed: No such file or directory
I/logwrapper(  623): /system/bin/ami304d terminated by exit(255)
E/IPCThreadState(  626): IPCThread::waitForResponse checking error 3 : -32
E/IPCThreadState(  632): IPCThread::waitForResponse checking error 3 : -32
E/logwrapper(  634): executing /system/bin/ami304d failed: No such file or directory
I/logwrapper(  633): /system/bin/ami304d terminated by exit(255)
E/IPCThreadState(  636): IPCThread::waitForResponse checking error 3 : -32
E/IPCThreadState(  642): IPCThread::waitForResponse checking error 3 : -32
E/logwrapper(  644): executing /system/bin/ami304d failed: No such file or directory
I/logwrapper(  643): /system/bin/ami304d terminated by exit(255)
E/IPCThreadState(  646): IPCThread::waitForResponse checking error 3 : -32
E/IPCThreadState(  652): IPCThread::waitForResponse checking error 3 : -32
E/logwrapper(  654): executing /system/bin/ami304d failed: No such file or directory
I/logwrapper(  653): /system/bin/ami304d terminated by exit(255)
E/IPCThreadState(  656): IPCThread::waitForResponse checking error 3 : -32
E/IPCThreadState(  662): IPCThread::waitForResponse checking error 3 : -32
E/logwrapper(  664): executing /system/bin/ami304d failed: No such file or directory
I/logwrapper(  663): /system/bin/ami304d terminated by exit(255)
E/IPCThreadState(  666): IPCThread::waitForResponse checking error 3 : -32
E/IPCThreadState(  672): IPCThread::waitForResponse checking error 3 : -32
E/logwrapper(  674): executing /system/bin/ami304d failed: No such file or directory
I/logwrapper(  673): /system/bin/ami304d terminated by exit(255)
E/IPCThreadState(  676): IPCThread::waitForResponse checking error 3 : -32
E/IPCThreadState(  682): IPCThread::waitForResponse checking error 3 : -32
E/logwrapper(  684): executing /system/bin/ami304d failed: No such file or directory
I/logwrapper(  683): /system/bin/ami304d terminated by exit(255)
E/IPCThreadState(  686): IPCThread::waitForResponse checking error 3 : -32
E/IPCThreadState(  692): IPCThread::waitForResponse checking error 3 : -32
E/logwrapper(  694): executing /system/bin/ami304d failed: No such file or directory
I/logwrapper(  693): /system/bin/ami304d terminated by exit(255)
E/IPCThreadState(  696): IPCThread::waitForResponse checking error 3 : -32
E/IPCThreadState(  703): IPCThread::waitForResponse checking error 3 : -32
E/logwrapper(  705): executing /system/bin/ami304d failed: No such file or directory
I/logwrapper(  704): /system/bin/ami304d terminated by exit(255)
E/IPCThreadState(  707): IPCThread::waitForResponse checking error 3 : -32
E/IPCThreadState(  713): IPCThread::waitForResponse checking error 3 : -32
E/logwrapper(  715): executing /system/bin/ami304d failed: No such file or directory
I/logwrapper(  714): /system/bin/ami304d terminated by exit(255)
E/IPCThreadState(  717): IPCThread::waitForResponse checking error 3 : -32
E/IPCThreadState(  723): IPCThread::waitForResponse checking error 3 : -32
E/logwrapper(  725): executing /system/bin/ami304d failed: No such file or directory
I/logwrapper(  724): /system/bin/ami304d terminated by exit(255)
E/IPCThreadState(  727): IPCThread::waitForResponse checking error 3 : -32
E/IPCThreadState(  733): IPCThread::waitForResponse checking error 3 : -32
E/logwrapper(  735): executing /system/bin/ami304d failed: No such file or directory
I/logwrapper(  734): /system/bin/ami304d terminated by exit(255)
E/IPCThreadState(  737): IPCThread::waitForResponse checking error 3 : -32
E/IPCThreadState(  743): IPCThread::waitForResponse checking error 3 : -32
E/logwrapper(  745): executing /system/bin/ami304d failed: No such file or directory
I/logwrapper(  744): /system/bin/ami304d terminated by exit(255)
E/IPCThreadState(  747): IPCThread::waitForResponse checking error 3 : -32
E/IPCThreadState(  753): IPCThread::waitForResponse checking error 3 : -32
E/logwrapper(  755): executing /system/bin/ami304d failed: No such file or directory
I/logwrapper(  754): /system/bin/ami304d terminated by exit(255)
E/IPCThreadState(  757): IPCThread::waitForResponse checking error 3 : -32
E/logwrapper(  760): executing /system/bin/ami304d failed: No such file or directory
I/logwrapper(  759): /system/bin/ami304d terminated by exit(255)
E/IPCThreadState(  766): IPCThread::waitForResponse checking error 3 : -32
E/IPCThreadState(  768): IPCThread::waitForResponse checking error 3 : -32
E/logwrapper(  770): executing /system/bin/ami304d failed: No such file or directory
I/logwrapper(  769): /system/bin/ami304d terminated by exit(255)
E/IPCThreadState(  776): IPCThread::waitForResponse checking error 3 : -32
E/IPCThreadState(  778): IPCThread::waitForResponse checking error 3 : -32
E/logwrapper(  781): executing /system/bin/ami304d failed: No such file or directory
I/logwrapper(  780): /system/bin/ami304d terminated by exit(255)
E/IPCThreadState(  787): IPCThread::waitForResponse checking error 3 : -32
E/IPCThreadState(  789): IPCThread::waitForResponse checking error 3 : -32
D/FTM     (   86): [MIUI] msg2133_tpd Magnum
D/FTM     (   86): [MIUI] NOT msg2133_tpd_reset
D/FTM     (   86): [MIUI] KEY:DOWN
D/FTM     (   86): [MIUI] sel=3, maxrows=24, menu_from=1, menu_sel=3
D/FTM     (   86): [MIUI] msg2133_tpd Magnum
D/FTM     (   86): [MIUI] NOT msg2133_tpd_reset
D/FTM     (   86): [MIUI] KEY:CONFIRM
D/FTM     (   86): [MIUI] itemview_set_title
D/FTM     (   86): [MIUI] itemview_set_items
D/FTM     (   86): [LCD] update_imageview(0)
I/ARMAssembler(   86): generated scanline__00000077:03545404_00000A02_00000000 [ 30 ipp] (52 ins) at [0x40187370:0x40187440] in 90615 ns
D/FTM     (   86): [MIUI] msg2133_tpd Magnum
D/FTM     (   86): [MIUI] NOT msg2133_tpd_reset
D/FTM     (   86): [MIUI] KEY: 114
D/FTM     (   86): [LCD] update_imageview(1)
E/logwrapper(  791): executing /system/bin/ami304d failed: No such file or directory
I/logwrapper(  790): /system/bin/ami304d terminated by exit(255)
E/IPCThreadState(  797): IPCThread::waitForResponse checking error 3 : -32
E/IPCThreadState(  799): IPCThread::waitForResponse checking error 3 : -32
D/FTM     (   86): [MIUI] msg2133_tpd Magnum
D/FTM     (   86): [MIUI] NOT msg2133_tpd_reset
D/FTM     (   86): [MIUI] KEY: 114
D/FTM     (   86): [LCD] update_imageview(2)
D/FTM     (   86): [MIUI] msg2133_tpd Magnum
D/FTM     (   86): [MIUI] NOT msg2133_tpd_reset
D/FTM     (   86): [MIUI] KEY: 114
D/FTM     (   86): [LCD] update_imageview(3)
D/FTM     (   86): [MIUI] msg2133_tpd Magnum
D/FTM     (   86): [MIUI] NOT msg2133_tpd_reset
D/FTM     (   86): [MIUI] KEY: 114
D/FTM     (   86): [LCD] update_imageview(4)
D/FTM     (   86): [MIUI] msg2133_tpd Magnum
D/FTM     (   86): [MIUI] NOT msg2133_tpd_reset
D/FTM     (   86): [MIUI] KEY: 114
D/FTM     (   86): [LCD] update_imageview(5)
D/FTM     (   86): [MIUI] msg2133_tpd Magnum
D/FTM     (   86): [MIUI] NOT msg2133_tpd_reset
D/FTM     (   86): [MIUI] KEY: 114
D/FTM     (   86): [LCD] update_imageview(6)
D/FTM     (   86): [MIUI] msg2133_tpd Magnum
D/FTM     (   86): [MIUI] NOT msg2133_tpd_reset
D/FTM     (   86): [MIUI] KEY: 114
D/FTM     (   86): [LCD] update_imageview(7)
D/FTM     (   86): [MIUI] msg2133_tpd Magnum
D/FTM     (   86): [MIUI] NOT msg2133_tpd_reset
D/FTM     (   86): [MIUI] KEY: 114
D/FTM     (   86): [MAIN] Save test result to 
D/FTM     (   86): [MAIN]   Version=1
D/FTM     (   86): [MAIN]   Keys=1
D/FTM     (   86): [MAIN]   Touch Panel=0
D/FTM     (   86): [MAIN]   LCD Color=1
D/FTM     (   86): [MAIN]   LCD Contrast=1
D/FTM     (   86): [MAIN]   Memory Card=1
D/FTM     (   86): [MAIN]   SIM1 Detect=1
D/FTM     (   86): [MAIN]   SIM2 Detect=1
D/FTM     (   86): [MAIN]   Vibrator=1
D/FTM     (   86): [MAIN]   LED=1
D/FTM     (   86): [MAIN]   Speaker Test=1
D/FTM     (   86): [MAIN]   Receiver=1
D/FTM     (   86): [MAIN]   Loopback=1
D/FTM     (   86): [MAIN]   Headset=1
D/FTM     (   86): [MAIN]   G-Sensor Calibration=1
D/FTM     (   86): [MAIN]   G-Sensor=1
D/FTM     (   86): [MAIN]   ALS/PS=1
D/FTM     (   86): [MAIN]   Main Camera=1
D/FTM     (   86): [MAIN]   Sub Camera=1
D/FTM     (   86): [MAIN]   GPS-Power=1
D/FTM     (   86): [MAIN]   FM Radio=1
D/FTM     (   86): [MAIN]   Bluetooth=1
D/FTM     (   86): [MAIN]   Wi-Fi=1
D/FTM     (   86): [MAIN]   Battery & Charger=1
D/FTM     (   86): [MAIN]   Idle Current=1
D/FTM     (   86): [MIUI] itemview_run 0xbe815c24
E/logwrapper(  801): executing /system/bin/ami304d failed: No such file or directory
I/logwrapper(  800): /system/bin/ami304d terminated by exit(255)
E/IPCThreadState(  807): IPCThread::waitForResponse checking error 3 : -32
E/IPCThreadState(  809): IPCThread::waitForResponse checking error 3 : -32
D/FTM     (   86): [MIUI] msg2133_tpd Magnum
D/FTM     (   86): [MIUI] NOT msg2133_tpd_reset
D/FTM     (   86): [MIUI] KEY:DOWN
D/FTM     (   86): [MIUI] sel=4, maxrows=24, menu_from=1, menu_sel=4
D/FTM     (   86): [MIUI] msg2133_tpd Magnum
D/FTM     (   86): [MIUI] NOT msg2133_tpd_reset
D/FTM     (   86): [MIUI] KEY:CONFIRM
D/FTM     (   86): [MIUI] itemview_set_title
D/FTM     (   86): [MIUI] itemview_set_items
D/FTM     (   86): [MIUI] itemview_run 0x7bfd8
D/FTM     (   86): update_lcd_thread: Start
D/FTM     (   86): ----led-----
D/FTM     (   86): ----led-----
D/FTM     (   86): ----led-----
E/logwrapper(  814): executing /system/bin/ami304d failed: No such file or directory
I/logwrapper(  812): /system/bin/ami304d terminated by exit(255)
D/FTM     (   86): ----led-----
E/IPCThreadState(  819): IPCThread::waitForResponse checking error 3 : -32
E/IPCThreadState(  821): IPCThread::waitForResponse checking error 3 : -32
D/FTM     (   86): ----led-----
D/FTM     (   86): ----led-----
D/FTM     (   86): ----led-----
D/FTM     (   86): ----led-----
D/FTM     (   86): ----led-----
D/FTM     (   86): [MIUI] msg2133_tpd Magnum
D/FTM     (   86): [MIUI] NOT msg2133_tpd_reset
D/FTM     (   86): [MIUI] KEY:CONFIRM
D/FTM     (   86): [MAIN] Save test result to 
D/FTM     (   86): [MAIN]   Version=1
D/FTM     (   86): [MAIN]   Keys=1
D/FTM     (   86): [MAIN]   Touch Panel=0
D/FTM     (   86): [MAIN]   LCD Color=1
D/FTM     (   86): [MAIN]   LCD Contrast=1
D/FTM     (   86): [MAIN]   Memory Card=1
D/FTM     (   86): [MAIN]   SIM1 Detect=1
D/FTM     (   86): [MAIN]   SIM2 Detect=1
D/FTM     (   86): [MAIN]   Vibrator=1
D/FTM     (   86): [MAIN]   LED=1
D/FTM     (   86): [MAIN]   Speaker Test=1
D/FTM     (   86): [MAIN]   Receiver=1
D/FTM     (   86): [MAIN]   Loopback=1
D/FTM     (   86): [MAIN]   Headset=1
D/FTM     (   86): [MAIN]   G-Sensor Calibration=1
D/FTM     (   86): [MAIN]   G-Sensor=1
D/FTM     (   86): [MAIN]   ALS/PS=1
D/FTM     (   86): [MAIN]   Main Camera=1
D/FTM     (   86): [MAIN]   Sub Camera=1
D/FTM     (   86): [MAIN]   GPS-Power=1
D/FTM     (   86): [MAIN]   FM Radio=1
D/FTM     (   86): [MAIN]   Bluetooth=1
D/FTM     (   86): [MAIN]   Wi-Fi=1
D/FTM     (   86): [MAIN]   Battery & Charger=1
D/FTM     (   86): [MAIN]   Idle Current=1
D/FTM     (   86): [MIUI] itemview_run 0xbe815c24
E/logwrapper(  825): executing /system/bin/ami304d failed: No such file or directory
I/logwrapper(  824): /system/bin/ami304d terminated by exit(255)
E/IPCThreadState(  829): IPCThread::waitForResponse checking error 3 : -32
E/IPCThreadState(  831): IPCThread::waitForResponse checking error 3 : -32
E/logwrapper(  835): executing /system/bin/ami304d failed: No such file or directory
I/logwrapper(  834): /system/bin/ami304d terminated by exit(255)
E/IPCThreadState(  839): IPCThread::waitForResponse checking error 3 : -32
E/IPCThreadState(  841): IPCThread::waitForResponse checking error 3 : -32
E/logwrapper(  845): executing /system/bin/ami304d failed: No such file or directory
I/logwrapper(  844): /system/bin/ami304d terminated by exit(255)
E/IPCThreadState(  849): IPCThread::waitForResponse checking error 3 : -32
E/IPCThreadState(  851): IPCThread::waitForResponse checking error 3 : -32
E/logwrapper(  855): executing /system/bin/ami304d failed: No such file or directory
I/logwrapper(  854): /system/bin/ami304d terminated by exit(255)
E/IPCThreadState(  859): IPCThread::waitForResponse checking error 3 : -32
E/IPCThreadState(  861): IPCThread::waitForResponse checking error 3 : -32
E/logwrapper(  865): executing /system/bin/ami304d failed: No such file or directory
I/logwrapper(  864): /system/bin/ami304d terminated by exit(255)
E/IPCThreadState(  869): IPCThread::waitForResponse checking error 3 : -32
E/IPCThreadState(  871): IPCThread::waitForResponse checking error 3 : -32
E/logwrapper(  875): executing /system/bin/ami304d failed: No such file or directory
I/logwrapper(  874): /system/bin/ami304d terminated by exit(255)
E/IPCThreadState(  879): IPCThread::waitForResponse checking error 3 : -32
E/IPCThreadState(  881): IPCThread::waitForResponse checking error 3 : -32
E/logwrapper(  886): executing /system/bin/ami304d failed: No such file or directory
I/logwrapper(  885): /system/bin/ami304d terminated by exit(255)
E/IPCThreadState(  890): IPCThread::waitForResponse checking error 3 : -32
E/IPCThreadState(  892): IPCThread::waitForResponse checking error 3 : -32
E/logwrapper(  896): executing /system/bin/ami304d failed: No such file or directory
I/logwrapper(  895): /system/bin/ami304d terminated by exit(255)
E/IPCThreadState(  900): IPCThread::waitForResponse checking error 3 : -32
E/IPCThreadState(  902): IPCThread::waitForResponse checking error 3 : -32
E/logwrapper(  906): executing /system/bin/ami304d failed: No such file or directory
I/logwrapper(  905): /system/bin/ami304d terminated by exit(255)
E/IPCThreadState(  910): IPCThread::waitForResponse checking error 3 : -32
E/IPCThreadState(  912): IPCThread::waitForResponse checking error 3 : -32
E/logwrapper(  916): executing /system/bin/ami304d failed: No such file or directory
I/logwrapper(  915): /system/bin/ami304d terminated by exit(255)
E/IPCThreadState(  920): IPCThread::waitForResponse checking error 3 : -32
E/IPCThreadState(  922): IPCThread::waitForResponse checking error 3 : -32
E/logwrapper(  926): executing /system/bin/ami304d failed: No such file or directory
I/logwrapper(  924): /system/bin/ami304d terminated by exit(255)
E/IPCThreadState(  930): IPCThread::waitForResponse checking error 3 : -32
E/IPCThreadState(  932): IPCThread::waitForResponse checking error 3 : -32
E/logwrapper(  936): executing /system/bin/ami304d failed: No such file or directory
I/logwrapper(  935): /system/bin/ami304d terminated by exit(255)
E/IPCThreadState(  940): IPCThread::waitForResponse checking error 3 : -32
E/IPCThreadState(  942): IPCThread::waitForResponse checking error 3 : -32
E/logwrapper(  946): executing /system/bin/ami304d failed: No such file or directory
I/logwrapper(  945): /system/bin/ami304d terminated by exit(255)
E/IPCThreadState(  950): IPCThread::waitForResponse checking error 3 : -32
E/IPCThreadState(  952): IPCThread::waitForResponse checking error 3 : -32
E/logwrapper(  956): executing /system/bin/ami304d failed: No such file or directory
I/logwrapper(  955): /system/bin/ami304d terminated by exit(255)
E/IPCThreadState(  960): IPCThread::waitForResponse checking error 3 : -32
E/IPCThreadState(  962): IPCThread::waitForResponse checking error 3 : -32
E/logwrapper(  967): executing /system/bin/ami304d failed: No such file or directory
I/logwrapper(  966): /system/bin/ami304d terminated by exit(255)
E/IPCThreadState(  971): IPCThread::waitForResponse checking error 3 : -32
E/IPCThreadState(  973): IPCThread::waitForResponse checking error 3 : -32
E/IPCThreadState(  979): IPCThread::waitForResponse checking error 3 : -32
E/IPCThreadState(  981): IPCThread::waitForResponse checking error 3 : -32
E/logwrapper(  983): executing /system/bin/ami304d failed: No such file or directory
I/logwrapper(  982): /system/bin/ami304d terminated by exit(255)
E/IPCThreadState(  990): IPCThread::waitForResponse checking error 3 : -32
E/IPCThreadState(  992): IPCThread::waitForResponse checking error 3 : -32
E/logwrapper(  994): executing /system/bin/ami304d failed: No such file or directory
I/logwrapper(  993): /system/bin/ami304d terminated by exit(255)
E/IPCThreadState( 1000): IPCThread::waitForResponse checking error 3 : -32
E/IPCThreadState( 1002): IPCThread::waitForResponse checking error 3 : -32
E/logwrapper( 1004): executing /system/bin/ami304d failed: No such file or directory
I/logwrapper( 1003): /system/bin/ami304d terminated by exit(255)
D/FTM     (   86): [MIUI] msg2133_tpd Magnum
D/FTM     (   86): [MIUI] NOT msg2133_tpd_reset
D/FTM     (   86): [MIUI] KEY:DOWN
D/FTM     (   86): [MIUI] sel=5, maxrows=24, menu_from=1, menu_sel=5
D/FTM     (   86): [MIUI] msg2133_tpd Magnum
D/FTM     (   86): [MIUI] NOT msg2133_tpd_reset
D/FTM     (   86): [MIUI] KEY:CONFIRM
D/FTM     (   86): [MCARD] mcard_entry
D/FTM     (   86): mc->mounted(1),index(-1345179483)
D/FTM     (   86): rc(-1098802064)
D/FTM     (   86): [MIUI] itemview_set_title
D/FTM     (   86): [MIUI] itemview_set_items
D/FTM     (   86): [MCARD] mcard_update_iv_thread: Start
D/FTM     (   86): [MIUI] itemview_run 0x90a90
D/FTM     (   86): mc->mounted(1),index(-1345179483)
D/FTM     (   86): rc(465404)
E/IPCThreadState( 1011): IPCThread::waitForResponse checking error 3 : -32
E/IPCThreadState( 1013): IPCThread::waitForResponse checking error 3 : -32
D/FTM     (   86): mc->mounted(1),index(-1345179483)
D/FTM     (   86): rc(465404)
D/FTM     (   86): [MIUI] msg2133_tpd Magnum
D/FTM     (   86): [MIUI] NOT msg2133_tpd_reset
D/FTM     (   86): [MIUI] KEY:DOWN
D/FTM     (   86): [MIUI] sel=1, maxrows=24, menu_from=1, menu_sel=1
E/logwrapper( 1015): executing /system/bin/ami304d failed: No such file or directory
I/logwrapper( 1014): /system/bin/ami304d terminated by exit(255)
D/FTM     (   86): [MIUI] msg2133_tpd Magnum
D/FTM     (   86): [MIUI] NOT msg2133_tpd_reset
D/FTM     (   86): [MIUI] KEY:UP
D/FTM     (   86): [MIUI] sel=0, maxrows=24, menu_from=1, menu_sel=0
D/FTM     (   86): mc->mounted(1),index(-1345179483)
D/FTM     (   86): rc(465404)
D/FTM     (   86): mc->mounted(1),index(-1345179483)
D/FTM     (   86): rc(465404)
D/FTM     (   86): mc->mounted(1),index(-1345179483)
D/FTM     (   86): rc(465404)
D/FTM     (   86): mc->mounted(1),index(-1345179483)
D/FTM     (   86): rc(465404)
E/IPCThreadState( 1021): IPCThread::waitForResponse checking error 3 : -32
E/IPCThreadState( 1023): IPCThread::waitForResponse checking error 3 : -32
D/FTM     (   86): mc->mounted(1),index(-1345179483)
D/FTM     (   86): rc(465404)
E/logwrapper( 1025): executing /system/bin/ami304d failed: No such file or directory
I/logwrapper( 1024): /system/bin/ami304d terminated by exit(255)
D/FTM     (   86): [MIUI] msg2133_tpd Magnum
D/FTM     (   86): [MIUI] NOT msg2133_tpd_reset
D/FTM     (   86): [MIUI] KEY:CONFIRM
D/FTM     (   86): [MAIN] Save test result to 
D/FTM     (   86): [MAIN]   Version=1
D/FTM     (   86): [MAIN]   Keys=1
D/FTM     (   86): [MAIN]   Touch Panel=0
D/FTM     (   86): [MAIN]   LCD Color=1
D/FTM     (   86): [MAIN]   LCD Contrast=1
D/FTM     (   86): [MAIN]   Memory Card=1
D/FTM     (   86): [MAIN]   SIM1 Detect=1
D/FTM     (   86): [MAIN]   SIM2 Detect=1
D/FTM     (   86): [MAIN]   Vibrator=1
D/FTM     (   86): [MAIN]   LED=1
D/FTM     (   86): [MAIN]   Speaker Test=1
D/FTM     (   86): [MAIN]   Receiver=1
D/FTM     (   86): [MAIN]   Loopback=1
D/FTM     (   86): [MAIN]   Headset=1
D/FTM     (   86): [MAIN]   G-Sensor Calibration=1
D/FTM     (   86): [MAIN]   G-Sensor=1
D/FTM     (   86): [MAIN]   ALS/PS=1
D/FTM     (   86): [MAIN]   Main Camera=1
D/FTM     (   86): [MAIN]   Sub Camera=1
D/FTM     (   86): [MAIN]   GPS-Power=1
D/FTM     (   86): [MAIN]   FM Radio=1
D/FTM     (   86): [MAIN]   Bluetooth=1
D/FTM     (   86): [MAIN]   Wi-Fi=1
D/FTM     (   86): [MAIN]   Battery & Charger=1
D/FTM     (   86): [MAIN]   Idle Current=1
D/FTM     (   86): [MIUI] itemview_run 0xbe815c24
D/FTM     (   86): [MIUI] msg2133_tpd Magnum
D/FTM     (   86): [MIUI] NOT msg2133_tpd_reset
D/FTM     (   86): [MIUI] KEY:DOWN
D/FTM     (   86): [MIUI] sel=6, maxrows=24, menu_from=1, menu_sel=6
E/IPCThreadState( 1031): IPCThread::waitForResponse checking error 3 : -32
E/IPCThreadState( 1033): IPCThread::waitForResponse checking error 3 : -32
D/FTM     (   86): [MIUI] msg2133_tpd Magnum
D/FTM     (   86): [MIUI] NOT msg2133_tpd_reset
D/FTM     (   86): [MIUI] KEY:CONFIRM
E/logwrapper( 1035): executing /system/bin/ami304d failed: No such file or directory
I/logwrapper( 1034): /system/bin/ami304d terminated by exit(255)
D/FTM     (   86): [SIM] sim_entry: Start
D/FTM     (   86): [MIUI] itemview_set_title
D/FTM     (   86): [MIUI] itemview_set_items
D/FTM     (   86): [MIUI] itemview_run 0x94ad8
D/FTM     (   86): [SIM] sim_update_thread: Start
D/FTM     (   86): [SIM] ttyC0 has been opened...
D/FTM     (   86): [SIM] 
D/FTM     (   86): 
D/FTM     (   86): [SIM] Send AT+ESIMS
D/FTM     (   86): [SIM] ------AT+ESIMS(SIM1) start------
D/FTM     (   86): [SIM] 
D/FTM     (   86): +GPIOS: 10,1
D/FTM     (   86): 
D/FTM     (   86): +EIND: 128
D/FTM     (   86): 
D/FTM     (   86): [SIM] ------AT+ESIMS(SIM1) end------
D/FTM     (   86): [SIM] 
D/FTM     (   86): 
D/FTM     (   86): [SIM] 
D/FTM     (   86): [SIM] 
D/FTM     (   86): 
D/FTM     (   86): [SIM] Send AT+ESIMS
D/FTM     (   86): [SIM] ------AT+ESIMS(SIM1) start------
D/FTM     (   86): [SIM] 
D/FTM     (   86): +ESIMS: 1
D/FTM     (   86): 
D/FTM     (   86): OK
D/FTM     (   86): 
D/FTM     (   86): [SIM] ------AT+ESIMS(SIM1) end------
D/FTM     (   86): [SIM] 
D/FTM     (   86): 
D/FTM     (   86): [SIM] redraw
D/FTM     (   86): [MIUI] msg2133_tpd Magnum
D/FTM     (   86): [MIUI] NOT msg2133_tpd_reset
D/FTM     (   86): [MIUI] KEY:CONFIRM
D/FTM     (   86): [SIM] Exit thread
D/FTM     (   86): [SIM] sim_update_thread: Exit
D/FTM     (   86): [SIM] sim_entry: End
D/FTM     (   86): [MAIN] Save test result to 
D/FTM     (   86): [MAIN]   Version=1
D/FTM     (   86): [MAIN]   Keys=1
D/FTM     (   86): [MAIN]   Touch Panel=0
D/FTM     (   86): [MAIN]   LCD Color=1
D/FTM     (   86): [MAIN]   LCD Contrast=1
D/FTM     (   86): [MAIN]   Memory Card=1
D/FTM     (   86): [MAIN]   SIM1 Detect=1
D/FTM     (   86): [MAIN]   SIM2 Detect=1
D/FTM     (   86): [MAIN]   Vibrator=1
D/FTM     (   86): [MAIN]   LED=1
D/FTM     (   86): [MAIN]   Speaker Test=1
D/FTM     (   86): [MAIN]   Receiver=1
D/FTM     (   86): [MAIN]   Loopback=1
D/FTM     (   86): [MAIN]   Headset=1
D/FTM     (   86): [MAIN]   G-Sensor Calibration=1
D/FTM     (   86): [MAIN]   G-Sensor=1
D/FTM     (   86): [MAIN]   ALS/PS=1
D/FTM     (   86): [MAIN]   Main Camera=1
D/FTM     (   86): [MAIN]   Sub Camera=1
D/FTM     (   86): [MAIN]   GPS-Power=1
D/FTM     (   86): [MAIN]   FM Radio=1
D/FTM     (   86): [MAIN]   Bluetooth=1
D/FTM     (   86): [MAIN]   Wi-Fi=1
D/FTM     (   86): [MAIN]   Battery & Charger=1
D/FTM     (   86): [MAIN]   Idle Current=1
D/FTM     (   86): [MIUI] itemview_run 0xbe815c24
D/FTM     (   86): [MIUI] msg2133_tpd Magnum
D/FTM     (   86): [MIUI] NOT msg2133_tpd_reset
D/FTM     (   86): [MIUI] KEY:DOWN
D/FTM     (   86): [MIUI] sel=7, maxrows=24, menu_from=1, menu_sel=7
D/FTM     (   86): [MIUI] msg2133_tpd Magnum
D/FTM     (   86): [MIUI] NOT msg2133_tpd_reset
D/FTM     (   86): [MIUI] KEY:CONFIRM
D/FTM     (   86): [SIM] sim2_entry: Start
D/FTM     (   86): [MIUI] itemview_set_title
D/FTM     (   86): [MIUI] itemview_set_items
D/FTM     (   86): [MIUI] itemview_run 0x98b20
D/FTM     (   86): [SIM] sim_update_thread: Start
D/FTM     (   86): [SIM] ttyC0 has been opened...
E/IPCThreadState( 1043): IPCThread::waitForResponse checking error 3 : -32
D/FTM     (   86): [SIM] Send AT+ESUO=5
D/FTM     (   86): [SIM] ------AT+ESUO=5 start------
D/FTM     (   86): [SIM] 
D/FTM     (   86): OK
D/FTM     (   86): O=5
D/FTM     (   86): 
D/FTM     (   86): [SIM] ------AT+ESUO=5 end------
D/FTM     (   86): [SIM] Send AT+ESIMS
E/IPCThreadState( 1045): IPCThread::waitForResponse checking error 3 : -32
D/FTM     (   86): [SIM] ------AT+ESIMS(SIM2) start------
D/FTM     (   86): [SIM] 
D/FTM     (   86): +ESIMS: 1
D/FTM     (   86): 
D/FTM     (   86): OK
D/FTM     (   86): 
D/FTM     (   86): [SIM] ------AT+ESIMS(SIM2) end------
D/FTM     (   86): [SIM] Send AT+ESUO=4
E/logwrapper( 1047): executing /system/bin/ami304d failed: No such file or directory
I/logwrapper( 1046): /system/bin/ami304d terminated by exit(255)
D/FTM     (   86): [SIM] ------AT+ESUO=4 start------
D/FTM     (   86): [SIM] 
D/FTM     (   86): OK
D/FTM     (   86): O=4
D/FTM     (   86): 
D/FTM     (   86): [SIM] ------AT+ESUO=4 end------
D/FTM     (   86): [SIM] redraw
D/FTM     (   86): [MIUI] msg2133_tpd Magnum
D/FTM     (   86): [MIUI] NOT msg2133_tpd_reset
D/FTM     (   86): [MIUI] KEY:CONFIRM
D/FTM     (   86): [SIM] Exit thread
D/FTM     (   86): [SIM] sim_update_thread: Exit
D/FTM     (   86): [SIM] sim2_entry: End
D/FTM     (   86): [MAIN] Save test result to 
D/FTM     (   86): [MAIN]   Version=1
D/FTM     (   86): [MAIN]   Keys=1
D/FTM     (   86): [MAIN]   Touch Panel=0
D/FTM     (   86): [MAIN]   LCD Color=1
D/FTM     (   86): [MAIN]   LCD Contrast=1
D/FTM     (   86): [MAIN]   Memory Card=1
D/FTM     (   86): [MAIN]   SIM1 Detect=1
D/FTM     (   86): [MAIN]   SIM2 Detect=1
D/FTM     (   86): [MAIN]   Vibrator=1
D/FTM     (   86): [MAIN]   LED=1
D/FTM     (   86): [MAIN]   Speaker Test=1
D/FTM     (   86): [MAIN]   Receiver=1
D/FTM     (   86): [MAIN]   Loopback=1
D/FTM     (   86): [MAIN]   Headset=1
D/FTM     (   86): [MAIN]   G-Sensor Calibration=1
D/FTM     (   86): [MAIN]   G-Sensor=1
D/FTM     (   86): [MAIN]   ALS/PS=1
D/FTM     (   86): [MAIN]   Main Camera=1
D/FTM     (   86): [MAIN]   Sub Camera=1
D/FTM     (   86): [MAIN]   GPS-Power=1
D/FTM     (   86): [MAIN]   FM Radio=1
D/FTM     (   86): [MAIN]   Bluetooth=1
D/FTM     (   86): [MAIN]   Wi-Fi=1
D/FTM     (   86): [MAIN]   Battery & Charger=1
D/FTM     (   86): [MAIN]   Idle Current=1
D/FTM     (   86): [MIUI] itemview_run 0xbe815c24
E/IPCThreadState( 1053): IPCThread::waitForResponse checking error 3 : -32
E/IPCThreadState( 1055): IPCThread::waitForResponse checking error 3 : -32
E/logwrapper( 1057): executing /system/bin/ami304d failed: No such file or directory
I/logwrapper( 1056): /system/bin/ami304d terminated by exit(255)
E/IPCThreadState( 1063): IPCThread::waitForResponse checking error 3 : -32
E/IPCThreadState( 1065): IPCThread::waitForResponse checking error 3 : -32
E/logwrapper( 1067): executing /system/bin/ami304d failed: No such file or directory
I/logwrapper( 1066): /system/bin/ami304d terminated by exit(255)
E/IPCThreadState( 1073): IPCThread::waitForResponse checking error 3 : -32
E/IPCThreadState( 1075): IPCThread::waitForResponse checking error 3 : -32
E/logwrapper( 1077): executing /system/bin/ami304d failed: No such file or directory
I/logwrapper( 1076): /system/bin/ami304d terminated by exit(255)
E/IPCThreadState( 1083): IPCThread::waitForResponse checking error 3 : -32
E/IPCThreadState( 1085): IPCThread::waitForResponse checking error 3 : -32
E/logwrapper( 1087): executing /system/bin/ami304d failed: No such file or directory
I/logwrapper( 1086): /system/bin/ami304d terminated by exit(255)
E/IPCThreadState( 1093): IPCThread::waitForResponse checking error 3 : -32
E/IPCThreadState( 1095): IPCThread::waitForResponse checking error 3 : -32
E/logwrapper( 1097): executing /system/bin/ami304d failed: No such file or directory
I/logwrapper( 1096): /system/bin/ami304d terminated by exit(255)
E/IPCThreadState( 1103): IPCThread::waitForResponse checking error 3 : -32
E/IPCThreadState( 1105): IPCThread::waitForResponse checking error 3 : -32
E/logwrapper( 1107): executing /system/bin/ami304d failed: No such file or directory
I/logwrapper( 1106): /system/bin/ami304d terminated by exit(255)
E/IPCThreadState( 1113): IPCThread::waitForResponse checking error 3 : -32
E/IPCThreadState( 1115): IPCThread::waitForResponse checking error 3 : -32
E/logwrapper( 1117): executing /system/bin/ami304d failed: No such file or directory
I/logwrapper( 1116): /system/bin/ami304d terminated by exit(255)
E/IPCThreadState( 1123): IPCThread::waitForResponse checking error 3 : -32
E/IPCThreadState( 1125): IPCThread::waitForResponse checking error 3 : -32
E/logwrapper( 1127): executing /system/bin/ami304d failed: No such file or directory
I/logwrapper( 1126): /system/bin/ami304d terminated by exit(255)
E/IPCThreadState( 1133): IPCThread::waitForResponse checking error 3 : -32
E/IPCThreadState( 1135): IPCThread::waitForResponse checking error 3 : -32
E/logwrapper( 1137): executing /system/bin/ami304d failed: No such file or directory
I/logwrapper( 1136): /system/bin/ami304d terminated by exit(255)
E/IPCThreadState( 1143): IPCThread::waitForResponse checking error 3 : -32
E/IPCThreadState( 1145): IPCThread::waitForResponse checking error 3 : -32
E/logwrapper( 1147): executing /system/bin/ami304d failed: No such file or directory
I/logwrapper( 1146): /system/bin/ami304d terminated by exit(255)
E/IPCThreadState( 1153): IPCThread::waitForResponse checking error 3 : -32
E/IPCThreadState( 1155): IPCThread::waitForResponse checking error 3 : -32
E/logwrapper( 1157): executing /system/bin/ami304d failed: No such file or directory
I/logwrapper( 1156): /system/bin/ami304d terminated by exit(255)
E/IPCThreadState( 1163): IPCThread::waitForResponse checking error 3 : -32
E/IPCThreadState( 1165): IPCThread::waitForResponse checking error 3 : -32
E/logwrapper( 1167): executing /system/bin/ami304d failed: No such file or directory
I/logwrapper( 1166): /system/bin/ami304d terminated by exit(255)
E/IPCThreadState( 1173): IPCThread::waitForResponse checking error 3 : -32
E/IPCThreadState( 1175): IPCThread::waitForResponse checking error 3 : -32
E/logwrapper( 1177): executing /system/bin/ami304d failed: No such file or directory
I/logwrapper( 1176): /system/bin/ami304d terminated by exit(255)
E/IPCThreadState( 1184): IPCThread::waitForResponse checking error 3 : -32
E/IPCThreadState( 1186): IPCThread::waitForResponse checking error 3 : -32
E/logwrapper( 1188): executing /system/bin/ami304d failed: No such file or directory
I/logwrapper( 1187): /system/bin/ami304d terminated by exit(255)
E/IPCThreadState( 1194): IPCThread::waitForResponse checking error 3 : -32
E/IPCThreadState( 1196): IPCThread::waitForResponse checking error 3 : -32
E/logwrapper( 1198): executing /system/bin/ami304d failed: No such file or directory
I/logwrapper( 1197): /system/bin/ami304d terminated by exit(255)
E/IPCThreadState( 1204): IPCThread::waitForResponse checking error 3 : -32
E/IPCThreadState( 1206): IPCThread::waitForResponse checking error 3 : -32
E/logwrapper( 1208): executing /system/bin/ami304d failed: No such file or directory
I/logwrapper( 1207): /system/bin/ami304d terminated by exit(255)
E/IPCThreadState( 1214): IPCThread::waitForResponse checking error 3 : -32
E/IPCThreadState( 1216): IPCThread::waitForResponse checking error 3 : -32
E/logwrapper( 1218): executing /system/bin/ami304d failed: No such file or directory
I/logwrapper( 1217): /system/bin/ami304d terminated by exit(255)
E/IPCThreadState( 1224): IPCThread::waitForResponse checking error 3 : -32
E/IPCThreadState( 1226): IPCThread::waitForResponse checking error 3 : -32
E/logwrapper( 1228): executing /system/bin/ami304d failed: No such file or directory
I/logwrapper( 1227): /system/bin/ami304d terminated by exit(255)
E/IPCThreadState( 1234): IPCThread::waitForResponse checking error 3 : -32
E/IPCThreadState( 1236): IPCThread::waitForResponse checking error 3 : -32
