D/pipe/CamIO(   86): [getPreviewFrame] port id = 1
E/logwrapper( 2378): executing /system/bin/ami304d failed: No such file or directory
I/logwrapper( 2377): /system/bin/ami304d terminated by exit(255)
W/MDP     (   86): [MDP W](2374): _SwTriggerWorkingByIndex(): dst_port2 drop 13 frame
D/scenario/mHalCam(   86): [mHalCamPreviewProc]  DISP hwIndex: 2, fillCnt: 1, timeS = 1362850535, timeUs = 490909
D/pipe/CamIO(   86): [releasePreviewFrame] portID = 1 
D/scenario/mHalCam(   86): [mHalCamEISProc] GmvX = 1560, GmvY = 0
D/scenario/mHalCam(   86): [mHalCamPreviewProc] Brocast the preview frame in frameCnt:9 E 
D/pipe/CamIO(   86): [getPreviewFrame] port id = 1
W/MDP     (   86): [MDP W](2374): _SwTriggerWorkingByIndex(): dst_port2 drop 14 frame
D/scenario/mHalCam(   86): [mHalCamPreviewProc]  DISP hwIndex: 3, fillCnt: 1, timeS = 1362850535, timeUs = 592425
D/pipe/CamIO(   86): [releasePreviewFrame] portID = 1 
D/scenario/mHalCam(   86): [mHalCamEISProc] GmvX = 1950, GmvY = 0
D/scenario/mHalCam(   86): [mHalCamPreviewProc] Brocast the preview frame in frameCnt:10 E 
D/pipe/CamIO(   86): [getPreviewFrame] port id = 1
W/MDP     (   86): [MDP W](2374): _SwTriggerWorkingByIndex(): dst_port2 drop 15 frame
D/scenario/mHalCam(   86): [mHalCamPreviewProc]  DISP hwIndex: 0, fillCnt: 1, timeS = 1362850535, timeUs = 693953
D/pipe/CamIO(   86): [releasePreviewFrame] portID = 1 
D/scenario/mHalCam(   86): [mHalCamEISProc] GmvX = 2047, GmvY = 0
D/scenario/mHalCam(   86): [mHalCamPreviewProc] Brocast the preview frame in frameCnt:11 E 
D/pipe/CamIO(   86): [getPreviewFrame] port id = 1
W/MDP     (   86): [MDP W](2374): _SwTriggerWorkingByIndex(): dst_port2 drop 16 frame
D/scenario/mHalCam(   86): [mHalCamPreviewProc]  DISP hwIndex: 1, fillCnt: 1, timeS = 1362850535, timeUs = 795519
D/pipe/CamIO(   86): [releasePreviewFrame] portID = 1 
D/scenario/mHalCam(   86): [mHalCamEISProc] GmvX = 1135, GmvY = 0
D/scenario/mHalCam(   86): [mHalCamPreviewProc] Brocast the preview frame in frameCnt:12 E 
D/pipe/CamIO(   86): [getPreviewFrame] port id = 1
W/MDP     (   86): [MDP W](2374): _SwTriggerWorkingByIndex(): dst_port2 drop 17 frame
D/scenario/mHalCam(   86): [mHalCamPreviewProc]  DISP hwIndex: 2, fillCnt: 1, timeS = 1362850535, timeUs = 897086
D/pipe/CamIO(   86): [releasePreviewFrame] portID = 1 
D/scenario/mHalCam(   86): [mHalCamEISProc] GmvX = 283, GmvY = 0
D/scenario/mHalCam(   86): [mHalCamPreviewProc] Brocast the preview frame in frameCnt:13 E 
D/pipe/CamIO(   86): [getPreviewFrame] port id = 1
W/MDP     (   86): [MDP W](2374): _SwTriggerWorkingByIndex(): dst_port2 drop 18 frame
D/scenario/mHalCam(   86): [mHalCamPreviewProc]  DISP hwIndex: 3, fillCnt: 1, timeS = 1362850535, timeUs = 998570
D/pipe/CamIO(   86): [releasePreviewFrame] portID = 1 
D/scenario/mHalCam(   86): [mHalCamEISProc] GmvX = 70, GmvY = 0
D/scenario/mHalCam(   86): [mHalCamPreviewProc] Brocast the preview frame in frameCnt:14 E 
D/pipe/CamIO(   86): [getPreviewFrame] port id = 1
W/MDP     (   86): [MDP W](2374): _SwTriggerWorkingByIndex(): dst_port2 drop 19 frame
D/scenario/mHalCam(   86): [mHalCamPreviewProc]  DISP hwIndex: 0, fillCnt: 1, timeS = 1362850536, timeUs = 100137
D/pipe/CamIO(   86): [releasePreviewFrame] portID = 1 
D/scenario/mHalCam(   86): [mHalCamEISProc] GmvX = 17, GmvY = 0
D/scenario/mHalCam(   86): [mHalCamPreviewProc] Brocast the preview frame in frameCnt:15 E 
D/pipe/CamIO(   86): [getPreviewFrame] port id = 1
W/MDP     (   86): [MDP W](2374): _SwTriggerWorkingByIndex(): dst_port2 drop 20 frame
D/scenario/mHalCam(   86): [mHalCamPreviewProc]  DISP hwIndex: 1, fillCnt: 1, timeS = 1362850536, timeUs = 201639
D/scenario/mHalCam(   86): [preview]Current fps: 10 
D/pipe/CamIO(   86): [releasePreviewFrame] portID = 1 
D/scenario/mHalCam(   86): [mHalCamEISProc] GmvX = 4, GmvY = 0
D/scenario/mHalCam(   86): [mHalCamPreviewProc] Brocast the preview frame in frameCnt:16 E 
D/pipe/CamIO(   86): [getPreviewFrame] port id = 1
W/MDP     (   86): [MDP W](2374): _SwTriggerWorkingByIndex(): dst_port2 drop 21 frame
D/scenario/mHalCam(   86): [mHalCamPreviewProc]  DISP hwIndex: 2, fillCnt: 1, timeS = 1362850536, timeUs = 303175
D/pipe/CamIO(   86): [releasePreviewFrame] portID = 1 
D/scenario/mHalCam(   86): [mHalCamEISProc] GmvX = 1, GmvY = 0
D/scenario/mHalCam(   86): [mHalCamPreviewProc] Brocast the preview frame in frameCnt:17 E 
D/pipe/CamIO(   86): [getPreviewFrame] port id = 1
W/MDP     (   86): [MDP W](2374): _SwTriggerWorkingByIndex(): dst_port2 drop 22 frame
D/scenario/mHalCam(   86): [mHalCamPreviewProc]  DISP hwIndex: 3, fillCnt: 1, timeS = 1362850536, timeUs = 404725
D/pipe/CamIO(   86): [releasePreviewFrame] portID = 1 
D/scenario/mHalCam(   86): [mHalCamEISProc] GmvX = 0, GmvY = 0
D/scenario/mHalCam(   86): [mHalCamPreviewProc] Brocast the preview frame in frameCnt:18 E 
D/pipe/CamIO(   86): [getPreviewFrame] port id = 1
W/MDP     (   86): [MDP W](2374): _SwTriggerWorkingByIndex(): dst_port2 drop 23 frame
D/scenario/mHalCam(   86): [mHalCamPreviewProc]  DISP hwIndex: 0, fillCnt: 1, timeS = 1362850536, timeUs = 506307
D/pipe/CamIO(   86): [releasePreviewFrame] portID = 1 
D/scenario/mHalCam(   86): [mHalCamEISProc] GmvX = 0, GmvY = 0
D/scenario/mHalCam(   86): [mHalCamPreviewProc] Brocast the preview frame in frameCnt:19 E 
D/pipe/CamIO(   86): [getPreviewFrame] port id = 1
E/IPCThreadState( 2384): IPCThread::waitForResponse checking error 3 : -32
E/IPCThreadState( 2386): IPCThread::waitForResponse checking error 3 : -32
W/MDP     (   86): [MDP W](2374): _SwTriggerWorkingByIndex(): dst_port2 drop 24 frame
D/scenario/mHalCam(   86): [mHalCamPreviewProc]  DISP hwIndex: 1, fillCnt: 1, timeS = 1362850536, timeUs = 607838
D/pipe/CamIO(   86): [releasePreviewFrame] portID = 1 
D/scenario/mHalCam(   86): [mHalCamEISProc] GmvX = 0, GmvY = 0
D/scenario/mHalCam(   86): [mHalCamPreviewProc] Brocast the preview frame in frameCnt:20 E 
D/pipe/CamIO(   86): [getPreviewFrame] port id = 1
D/FTM     (   86): [MIUI] msg2133_tpd Magnum
D/FTM     (   86): [MIUI] NOT msg2133_tpd_reset
W/MDP     (   86): [MDP W](2374): _SwTriggerWorkingByIndex(): dst_port2 drop 25 frame
D/scenario/mHalCam(   86): [mHalCamPreviewProc]  DISP hwIndex: 2, fillCnt: 1, timeS = 1362850536, timeUs = 709361
D/pipe/CamIO(   86): [releasePreviewFrame] portID = 1 
D/scenario/mHalCam(   86): [mHalCamEISProc] GmvX = 0, GmvY = 0
D/scenario/mHalCam(   86): [mHalCamPreviewProc] Brocast the preview frame in frameCnt:21 E 
D/pipe/CamIO(   86): [getPreviewFrame] port id = 1
W/MDP     (   86): [MDP W](2374): _SwTriggerWorkingByIndex(): dst_port2 drop 26 frame
D/scenario/mHalCam(   86): [mHalCamPreviewProc]  DISP hwIndex: 3, fillCnt: 1, timeS = 1362850536, timeUs = 810879
D/pipe/CamIO(   86): [releasePreviewFrame] portID = 1 
D/scenario/mHalCam(   86): [mHalCamEISProc] GmvX = 0, GmvY = 0
D/scenario/mHalCam(   86): [mHalCamPreviewProc] Brocast the preview frame in frameCnt:22 E 
D/pipe/CamIO(   86): [getPreviewFrame] port id = 1
W/MDP     (   86): [MDP W](2374): _SwTriggerWorkingByIndex(): dst_port2 drop 27 frame
D/scenario/mHalCam(   86): [mHalCamPreviewProc]  DISP hwIndex: 0, fillCnt: 1, timeS = 1362850536, timeUs = 912427
D/pipe/CamIO(   86): [releasePreviewFrame] portID = 1 
D/scenario/mHalCam(   86): [mHalCamEISProc] GmvX = 0, GmvY = 0
D/scenario/mHalCam(   86): [mHalCamPreviewProc] Brocast the preview frame in frameCnt:23 E 
D/pipe/CamIO(   86): [getPreviewFrame] port id = 1
W/MDP     (   86): [MDP W](2374): _SwTriggerWorkingByIndex(): dst_port2 drop 28 frame
D/scenario/mHalCam(   86): [mHalCamPreviewProc]  DISP hwIndex: 1, fillCnt: 1, timeS = 1362850537, timeUs = 13953
D/pipe/CamIO(   86): [releasePreviewFrame] portID = 1 
D/scenario/mHalCam(   86): [mHalCamEISProc] GmvX = 0, GmvY = 0
D/scenario/mHalCam(   86): [mHalCamPreviewProc] Brocast the preview frame in frameCnt:24 E 
D/pipe/CamIO(   86): [getPreviewFrame] port id = 1
W/MDP     (   86): [MDP W](2374): _SwTriggerWorkingByIndex(): dst_port2 drop 29 frame
D/scenario/mHalCam(   86): [mHalCamPreviewProc]  DISP hwIndex: 2, fillCnt: 1, timeS = 1362850537, timeUs = 115525
D/pipe/CamIO(   86): [releasePreviewFrame] portID = 1 
D/scenario/mHalCam(   86): [mHalCamEISProc] GmvX = 0, GmvY = 0
D/scenario/mHalCam(   86): [mHalCamPreviewProc] Brocast the preview frame in frameCnt:25 E 
D/pipe/CamIO(   86): [getPreviewFrame] port id = 1
D/FTM     (   86): [MIUI] msg2133_tpd Magnum
D/FTM     (   86): [MIUI] NOT msg2133_tpd_reset
W/MDP     (   86): [MDP W](2374): _SwTriggerWorkingByIndex(): dst_port2 drop 30 frame
D/scenario/mHalCam(   86): [mHalCamPreviewProc]  DISP hwIndex: 3, fillCnt: 1, timeS = 1362850537, timeUs = 217078
D/scenario/mHalCam(   86): [preview]Current fps: 10 
D/pipe/CamIO(   86): [releasePreviewFrame] portID = 1 
D/scenario/mHalCam(   86): [mHalCamEISProc] GmvX = 0, GmvY = 0
D/scenario/mHalCam(   86): [mHalCamPreviewProc] Brocast the preview frame in frameCnt:26 E 
D/pipe/CamIO(   86): [getPreviewFrame] port id = 1
D/scenario/mHalCam(   86): [mHalCamPreviewProc]  DISP hwIndex: 0, fillCnt: 1, timeS = 1362850537, timeUs = 318547
D/pipe/CamIO(   86): [releasePreviewFrame] portID = 1 
D/scenario/mHalCam(   86): [mHalCamEISProc] GmvX = 0, GmvY = 0
D/scenario/mHalCam(   86): [mHalCamPreviewProc] Brocast the preview frame in frameCnt:27 E 
D/pipe/CamIO(   86): [getPreviewFrame] port id = 1
D/scenario/mHalCam(   86): [mHalCamPreviewProc]  DISP hwIndex: 1, fillCnt: 1, timeS = 1362850537, timeUs = 420094
D/pipe/CamIO(   86): [releasePreviewFrame] portID = 1 
D/scenario/mHalCam(   86): [mHalCamEISProc] GmvX = 0, GmvY = 0
D/scenario/mHalCam(   86): [mHalCamPreviewProc] Brocast the preview frame in frameCnt:28 E 
D/pipe/CamIO(   86): [getPreviewFrame] port id = 1
D/scenario/mHalCam(   86): [mHalCamPreviewProc]  DISP hwIndex: 2, fillCnt: 1, timeS = 1362850537, timeUs = 521641
D/pipe/CamIO(   86): [releasePreviewFrame] portID = 1 
D/scenario/mHalCam(   86): [mHalCamEISProc] GmvX = 0, GmvY = 0
D/scenario/mHalCam(   86): [mHalCamPreviewProc] Brocast the preview frame in frameCnt:29 E 
D/pipe/CamIO(   86): [getPreviewFrame] port id = 1
D/scenario/mHalCam(   86): [mHalCamPreviewProc]  DISP hwIndex: 3, fillCnt: 1, timeS = 1362850537, timeUs = 623157
D/pipe/CamIO(   86): [releasePreviewFrame] portID = 1 
D/scenario/mHalCam(   86): [mHalCamEISProc] GmvX = 0, GmvY = 0
D/scenario/mHalCam(   86): [mHalCamPreviewProc] Brocast the preview frame in frameCnt:30 E 
D/pipe/CamIO(   86): [getPreviewFrame] port id = 1
D/scenario/mHalCam(   86): [mHalCamPreviewProc]  DISP hwIndex: 0, fillCnt: 1, timeS = 1362850537, timeUs = 724687
D/pipe/CamIO(   86): [releasePreviewFrame] portID = 1 
D/scenario/mHalCam(   86): [mHalCamEISProc] GmvX = 0, GmvY = 0
D/scenario/mHalCam(   86): [mHalCamPreviewProc] Brocast the preview frame in frameCnt:31 E 
D/pipe/CamIO(   86): [getPreviewFrame] port id = 1
D/scenario/mHalCam(   86): [mHalCamPreviewProc]  DISP hwIndex: 1, fillCnt: 1, timeS = 1362850537, timeUs = 826229
D/pipe/CamIO(   86): [releasePreviewFrame] portID = 1 
D/scenario/mHalCam(   86): [mHalCamEISProc] GmvX = 0, GmvY = 0
D/scenario/mHalCam(   86): [mHalCamPreviewProc] Brocast the preview frame in frameCnt:32 E 
D/pipe/CamIO(   86): [getPreviewFrame] port id = 1
D/scenario/mHalCam(   86): [mHalCamPreviewProc]  DISP hwIndex: 2, fillCnt: 1, timeS = 1362850537, timeUs = 927767
D/pipe/CamIO(   86): [releasePreviewFrame] portID = 1 
D/scenario/mHalCam(   86): [mHalCamEISProc] GmvX = 0, GmvY = 0
D/scenario/mHalCam(   86): [mHalCamPreviewProc] Brocast the preview frame in frameCnt:33 E 
D/pipe/CamIO(   86): [getPreviewFrame] port id = 1
D/FTM     (   86): [MIUI] msg2133_tpd Magnum
D/FTM     (   86): [MIUI] NOT msg2133_tpd_reset
D/scenario/mHalCam(   86): [mHalCamPreviewProc]  DISP hwIndex: 3, fillCnt: 1, timeS = 1362850538, timeUs = 29333
D/pipe/CamIO(   86): [releasePreviewFrame] portID = 1 
D/scenario/mHalCam(   86): [mHalCamEISProc] GmvX = 0, GmvY = 0
D/scenario/mHalCam(   86): [mHalCamPreviewProc] Brocast the preview frame in frameCnt:34 E 
D/pipe/CamIO(   86): [getPreviewFrame] port id = 1
D/scenario/mHalCam(   86): [mHalCamPreviewProc]  DISP hwIndex: 0, fillCnt: 1, timeS = 1362850538, timeUs = 130874
D/pipe/CamIO(   86): [releasePreviewFrame] portID = 1 
D/scenario/mHalCam(   86): [mHalCamEISProc] GmvX = 0, GmvY = 0
D/scenario/mHalCam(   86): [mHalCamPreviewProc] Brocast the preview frame in frameCnt:35 E 
D/pipe/CamIO(   86): [getPreviewFrame] port id = 1
D/FTM     (   86): Key_Confirm Click - Back
D/FTM     (   86): camera_cap_key_handler: Exit thead
D/FTM     (   86): camera_update_capture_tv_thread: Exit
D/FTM     (   86): Stop Camera Preview 
D/ACDK_IF (   86): [MDK_IOControl] Reveive IOControl Code:2001
D/APPCCTCtrl(   86): stopPreview 
D/scenario/mHalCam(   86): [mHalCamPreviewStop] Start 
D/scenario/mHalCam(   86): [mHalCamSetState] Now: 0x0100, Next: 0x0400 
D/scenario/mHalCam(   86): [mHalCamPreviewProc]  DISP hwIndex: 1, fillCnt: 1, timeS = 1362850538, timeUs = 232403
D/scenario/mHalCam(   86): [preview]Current fps: 10 
D/pipe/CamIO(   86): [releasePreviewFrame] portID = 1 
D/scenario/mHalCam(   86): [mHalCamEISProc] GmvX = 0, GmvY = 0
D/scenario/mHalCam(   86): [mHalCamPreviewProc] Brocast the preview frame in frameCnt:36 E 
D/scenario/mHalCam(   86): [mHalCamPreviewProc]  exit while 
D/scenario/mHalCam(   86): [mHalCamPreviewProc] End 
D/scenario/mHalCam(   86): [mHalCamPreviewStop] Got semMainNormalBack B 0 
D/pipe/CamIO(   86): [stop], mCurPipeEngine = 0x3 
D/IspHal  (   86): [stop]
D/IspDrv  (   86): [setSubsampleWidth]Enable(0), Input(0), Output(0)
D/IspDrv  (   86): [setSubsampleHeight]Enable(0), Input(0), Output(0)
D/IspDrv  (   86): [control]isEn(0)
I/MDP     (   86): [MDP INFO](86): [stop]
D/pipe/CamIO(   86): [~mHalCamMemPool] poolName = MDPWorkBuf , phyAddr = 0x0, virtAddr = 0x416e0020, size = 758784, PmemFD = -1
D/mHalFlashlight(   86): [mHalFlashlightSetFire]:0 
D/FlashlightDrv(   86): [FlashlightDrv] setFire = 0
D/scenario/mHalCam(   86): [mHalCamStop, 0 time] =====> 0 ms 
D/pipe/CamIO(   86): [setCallbacks] cb:0x0, cookie:0x0
D/        (   86): [EISapp]Disable EIS
D/        (   86): [EISdrv][enableEIS] 0
D/mHalFDVT(   86): [halFDUninit] IN 
D/mHalFDVT(   86): [stop] free M4U ISP read port memory 
D/mHalFDVT(   86): [freeM4UMemory] E 
D/mHalFDVT(   86): [freeM4UMemory] m4uVa = 0x41694020, size = 153600 
D/OvlHal  (   86): OverlayHal::uninit()
D/scenario/mHalCam(   86): [~mHalCamMemPool] poolName = FDWorkBuf , phyAddr = 0x0, virtAddr = 0x41694020, size = 307200, PmemFD = -1
D/scenario/mHalCam(   86): [mHalCamSetState] Now: 0x0400, Next: 0x0001 
D/scenario/mHalCam(   86): [mHalSetResMgr]Mode=1, ModeSub=0, Dev=1
D/ResMgrHal(   86): [SetMode]Mode(1), ModeSub(0), Dev(1)
D/ResMgrDrv(   86): [SetBWC]Mode(1)
D/ResMgrDrv(   86): [SetSysramSwitchbank]En(0)
D/ResMgrDrv(   86): [CloseTvout]En(1)
W/ResMgrDrv(   86): [CloseTvout]Warning(  380):TvOut kernel open fail, errno(2):No such file or directory
D/ResMgrDrv(   86): [ForceHdmiFullscreen]En(1)
W/ResMgrDrv(   86): [ForceHdmiFullscreen]Warning(  517):Hdmi Tx kernel open fail, errno(2):No such file or directory
D/ResMgrHal(   86): [LockMdpBrz]BRZ has been locked
D/ResMgrHal(   86): [SetMode]Result(1)
D/scenario/mHalCam(   86): [mHalCamPrvIndicatorThread] exit (pid, tid) = (86, 2376)
D/scenario/mHalCam(   86): [mHalCamPreviewStop] mPrvIndicatorThread back 
D/scenario/mHalCam(   86): [mHalCamPreviewStop, 0 time] =====> 39 ms 
D/ACDK_IF (   86): [MDK_IOControl] Reveive IOControl Code:1002
D/mHalSurfaceView(   86): [vResetLayer] MTKFB_SET_VIDEO_LAYERS, layerNo = 0
D/mHalSurfaceView(   86): [vResetLayer] MTKFB_TRIG_OVERLAY_OUT
D/FTM     (   86): [MIUI] itemview_run 0xc73e8
D/FTM     (   86): [MIUI] msg2133_tpd Magnum
D/FTM     (   86): [MIUI] NOT msg2133_tpd_reset
D/FTM     (   86): [MIUI] KEY:CONFIRM
D/APPCCTCtrl(   86): [uninit] - E
D/scenario/mHalCam(   86): [mHalCamUninit] 
D/scenario/mHalCam(   86): [mHalCamSetState] Now: 0x0001, Next: 0x0800 
D/scenario/mHalCam(   86): Got semMainHigh 
D/scenario/mHalCam(   86): [mHalCamMainHighThread] End 
D/scenario/mHalCam(   86): Got semMainNormal 0 
D/scenario/mHalCam(   86): [mHalCamMainNormalThread] End 
D/scenario/mHalCam(   86): wait for semMainHighEnd & semMainNormalEnd
D/IspHal  (   86): [uninit]mUsers(1)
D/LensDrv (   86): LensDrvuninit() [m_userCnt]0
D/ImgSensorDrv(   86): MATV WORKAROUND - power off
D/ImgSensorDrv(   86): [psFlag]:0
D/ImgSensorDrv(   86): [uninit] mUsers = 1
D/IspDrv  (   86): [uninit]mUsers(1)
D/aaa_hal_yuv(   86):  [Hal3AYuv] destroyInstance  0x8108315c
D/AppFDVT (   86): [stop] free M4U fdvt mWorkingBuffer memory memory 
D/AppFDVT (   86): [freeM4UMemory] E 
D/AppFDVT (   86): [freeM4UMemory] m4uVa = 0x402d4020, size = 464448 
D/AppFDVT (   86): [stop] free M4U fdvt mLearningData memory 
D/AppFDVT (   86): [freeM4UMemory] E 
D/AppFDVT (   86): [freeM4UMemory] m4uVa = 0x40346020, size = 95456 
D/        (   86): [EIShal]uninit - mUsers: 1 
D/        (   86): [EISdrv]uninit - mUsers: 2 
D/        (   86): [EISdrv]Still 1 users 
D/        (   86): [EIShal][sysram free] eUsr=2
D/IspSysramMgr(   86): [syncSysramKDrv]:(err, m_u4RefCount, m_u4UsrMask, m_fdSysramKDrv, m_pu8VirBase)=(0x00000000, 0, 0x00000000, -1, 0x0)
D/        (   86): [EISapp]uninit
D/        (   86): [EISdrv]uninit - mUsers: 1 
D/mHalFlashlight(   86): [mHalFlashlightSetFire]:0 
D/FlashlightDrv(   86): [FlashlightDrv] setFire = 0
D/mHalFlashlight(   86): [mHalFlashlightUninit] 
D/FlashlightDrv(   86): [uninit] mUsers = 1
D/pipe/CamIO(   86): [uninit] E 
D/ResMgrHal(   86): [Uninit]mInitCount(2)
D/scenario/mHalCam(   86): [mHalSetResMgr]Mode=0, ModeSub=0, Dev=1
D/ResMgrHal(   86): [SetMode]Mode(0), ModeSub(0), Dev(1)
D/ResMgrDrv(   86): [SetBWC]Mode(0)
D/ResMgrDrv(   86): [SetSysramSwitchbank]En(1)
D/ResMgrDrv(   86): [CloseTvout]En(0)
W/ResMgrDrv(   86): [CloseTvout]Warning(  380):TvOut kernel open fail, errno(2):No such file or directory
D/ResMgrDrv(   86): [ForceHdmiFullscreen]En(0)
W/ResMgrDrv(   86): [ForceHdmiFullscreen]Warning(  517):Hdmi Tx kernel open fail, errno(2):No such file or directory
D/ResMgrHal(   86): [LockMdpBrz]BRZ unlocked OK
D/ResMgrHal(   86): [SetMode]Result(1)
D/ResMgrHal(   86): [Uninit]mInitCount(1)
D/ResMgrHal(   86): [Uninit]unlock ISP
D/ResMgrDrv(   86): [UnlockRes]Unlock OK, ModeMask(0x00000001)
D/APPCCTCtrl(   86): [uninit] unregisterBuffer addr = 0x4155f020
D/APPCCTCtrl(   86): [uninit] unregisterBuffer addr = 0x4159cc20
D/APPCCTCtrl(   86): [uninit] unregisterBuffer addr = 0x415da820
D/APPCCTCtrl(   86): [uninit] unregisterBuffer addr = 0x41618420
D/APPCCTCtrl(   86): [uninit] unregisterBuffer addr = 0x41656020
D/mHalSurfaceView(   86): [uninit] E
D/APPCCTCtrl(   86): [uninit] - mImageBuf E
D/APPCCTCtrl(   86): [uninit] - mSurfaceBuf E
D/APPCCTCtrl(   86): [uninit] - X 
D/AcdkCalibration(   86):  unInit AcdkCalibration Tool
D/APPCCTCtrl(   86): [~AppCCTCtrl] - E 
D/mHalSurfaceView(   86): ~mHalSurfaceView() E 
D/CCTIF   (   86): [~CCTIF] E
D/scenario/mHalCam(   86): [mHalCamFreeZSDMem], non buffer released 
D/AcdkCalibration(   86):  AcdkCalibration Disconstructor
D/AcdkImgTool(   86):  AcdkImgTool Deconstructor 
D/FTM     (   86): [MAIN] Save test result to 
D/FTM     (   86): [MAIN]   Version=1
D/FTM     (   86): [MAIN]   Keys=1
D/FTM     (   86): [MAIN]   Touch Panel=0
D/FTM     (   86): [MAIN]   LCD Color=1
D/FTM     (   86): [MAIN]   LCD Contrast=1
D/FTM     (   86): [MAIN]   Memory Card=1
D/FTM     (   86): [MAIN]   SIM1 Detect=1
D/FTM     (   86): [MAIN]   SIM2 Detect=1
D/FTM     (   86): [MAIN]   Vibrator=1
D/FTM     (   86): [MAIN]   LED=1
D/FTM     (   86): [MAIN]   Speaker Test=1
D/FTM     (   86): [MAIN]   Receiver=1
D/FTM     (   86): [MAIN]   Loopback=1
D/FTM     (   86): [MAIN]   Headset=1
D/FTM     (   86): [MAIN]   G-Sensor Calibration=1
D/FTM     (   86): [MAIN]   G-Sensor=1
D/FTM     (   86): [MAIN]   ALS/PS=1
D/FTM     (   86): [MAIN]   Main Camera=1
D/FTM     (   86): [MAIN]   Sub Camera=1
D/FTM     (   86): [MAIN]   GPS-Power=1
D/FTM     (   86): [MAIN]   FM Radio=1
D/FTM     (   86): [MAIN]   Bluetooth=1
D/FTM     (   86): [MAIN]   Wi-Fi=1
D/FTM     (   86): [MAIN]   Battery & Charger=1
D/FTM     (   86): [MAIN]   Idle Current=1
D/FTM     (   86): [MIUI] itemview_run 0xbe815c24
E/logwrapper( 2388): executing /system/bin/ami304d failed: No such file or directory
I/logwrapper( 2387): /system/bin/ami304d terminated by exit(255)
E/IPCThreadState( 2394): IPCThread::waitForResponse checking error 3 : -32
E/IPCThreadState( 2396): IPCThread::waitForResponse checking error 3 : -32
E/logwrapper( 2398): executing /system/bin/ami304d failed: No such file or directory
I/logwrapper( 2397): /system/bin/ami304d terminated by exit(255)
E/IPCThreadState( 2404): IPCThread::waitForResponse checking error 3 : -32
E/IPCThreadState( 2406): IPCThread::waitForResponse checking error 3 : -32
E/logwrapper( 2408): executing /system/bin/ami304d failed: No such file or directory
I/logwrapper( 2407): /system/bin/ami304d terminated by exit(255)
E/IPCThreadState( 2414): IPCThread::waitForResponse checking error 3 : -32
E/IPCThreadState( 2416): IPCThread::waitForResponse checking error 3 : -32
E/logwrapper( 2418): executing /system/bin/ami304d failed: No such file or directory
I/logwrapper( 2417): /system/bin/ami304d terminated by exit(255)
E/IPCThreadState( 2424): IPCThread::waitForResponse checking error 3 : -32
E/IPCThreadState( 2426): IPCThread::waitForResponse checking error 3 : -32
E/logwrapper( 2428): executing /system/bin/ami304d failed: No such file or directory
I/logwrapper( 2427): /system/bin/ami304d terminated by exit(255)
E/IPCThreadState( 2434): IPCThread::waitForResponse checking error 3 : -32
E/IPCThreadState( 2436): IPCThread::waitForResponse checking error 3 : -32
E/logwrapper( 2438): executing /system/bin/ami304d failed: No such file or directory
I/logwrapper( 2437): /system/bin/ami304d terminated by exit(255)
E/IPCThreadState( 2444): IPCThread::waitForResponse checking error 3 : -32
E/IPCThreadState( 2446): IPCThread::waitForResponse checking error 3 : -32
E/logwrapper( 2448): executing /system/bin/ami304d failed: No such file or directory
I/logwrapper( 2447): /system/bin/ami304d terminated by exit(255)
E/IPCThreadState( 2454): IPCThread::waitForResponse checking error 3 : -32
E/IPCThreadState( 2456): IPCThread::waitForResponse checking error 3 : -32
E/logwrapper( 2458): executing /system/bin/ami304d failed: No such file or directory
I/logwrapper( 2457): /system/bin/ami304d terminated by exit(255)
E/IPCThreadState( 2464): IPCThread::waitForResponse checking error 3 : -32
E/IPCThreadState( 2466): IPCThread::waitForResponse checking error 3 : -32
E/logwrapper( 2468): executing /system/bin/ami304d failed: No such file or directory
I/logwrapper( 2467): /system/bin/ami304d terminated by exit(255)
E/IPCThreadState( 2474): IPCThread::waitForResponse checking error 3 : -32
E/IPCThreadState( 2476): IPCThread::waitForResponse checking error 3 : -32
E/logwrapper( 2478): executing /system/bin/ami304d failed: No such file or directory
I/logwrapper( 2477): /system/bin/ami304d terminated by exit(255)
E/IPCThreadState( 2484): IPCThread::waitForResponse checking error 3 : -32
E/IPCThreadState( 2486): IPCThread::waitForResponse checking error 3 : -32
E/logwrapper( 2488): executing /system/bin/ami304d failed: No such file or directory
I/logwrapper( 2487): /system/bin/ami304d terminated by exit(255)
E/IPCThreadState( 2494): IPCThread::waitForResponse checking error 3 : -32
E/IPCThreadState( 2496): IPCThread::waitForResponse checking error 3 : -32
E/logwrapper( 2498): executing /system/bin/ami304d failed: No such file or directory
I/logwrapper( 2497): /system/bin/ami304d terminated by exit(255)
E/IPCThreadState( 2504): IPCThread::waitForResponse checking error 3 : -32
E/IPCThreadState( 2506): IPCThread::waitForResponse checking error 3 : -32
E/logwrapper( 2509): executing /system/bin/ami304d failed: No such file or directory
I/logwrapper( 2508): /system/bin/ami304d terminated by exit(255)
E/IPCThreadState( 2515): IPCThread::waitForResponse checking error 3 : -32
E/IPCThreadState( 2517): IPCThread::waitForResponse checking error 3 : -32
E/logwrapper( 2519): executing /system/bin/ami304d failed: No such file or directory
I/logwrapper( 2518): /system/bin/ami304d terminated by exit(255)
E/IPCThreadState( 2525): IPCThread::waitForResponse checking error 3 : -32
E/IPCThreadState( 2527): IPCThread::waitForResponse checking error 3 : -32
E/logwrapper( 2529): executing /system/bin/ami304d failed: No such file or directory
I/logwrapper( 2528): /system/bin/ami304d terminated by exit(255)
E/IPCThreadState( 2535): IPCThread::waitForResponse checking error 3 : -32
E/IPCThreadState( 2537): IPCThread::waitForResponse checking error 3 : -32
E/logwrapper( 2539): executing /system/bin/ami304d failed: No such file or directory
I/logwrapper( 2538): /system/bin/ami304d terminated by exit(255)
E/IPCThreadState( 2545): IPCThread::waitForResponse checking error 3 : -32
E/IPCThreadState( 2547): IPCThread::waitForResponse checking error 3 : -32
E/logwrapper( 2549): executing /system/bin/ami304d failed: No such file or directory
I/logwrapper( 2548): /system/bin/ami304d terminated by exit(255)
E/IPCThreadState( 2555): IPCThread::waitForResponse checking error 3 : -32
E/IPCThreadState( 2557): IPCThread::waitForResponse checking error 3 : -32
E/logwrapper( 2559): executing /system/bin/ami304d failed: No such file or directory
I/logwrapper( 2558): /system/bin/ami304d terminated by exit(255)
E/IPCThreadState( 2565): IPCThread::waitForResponse checking error 3 : -32
E/IPCThreadState( 2567): IPCThread::waitForResponse checking error 3 : -32
E/logwrapper( 2569): executing /system/bin/ami304d failed: No such file or directory
I/logwrapper( 2568): /system/bin/ami304d terminated by exit(255)
E/IPCThreadState( 2575): IPCThread::waitForResponse checking error 3 : -32
E/IPCThreadState( 2577): IPCThread::waitForResponse checking error 3 : -32
E/logwrapper( 2579): executing /system/bin/ami304d failed: No such file or directory
I/logwrapper( 2578): /system/bin/ami304d terminated by exit(255)
E/IPCThreadState( 2585): IPCThread::waitForResponse checking error 3 : -32
E/IPCThreadState( 2587): IPCThread::waitForResponse checking error 3 : -32
E/logwrapper( 2590): executing /system/bin/ami304d failed: No such file or directory
I/logwrapper( 2589): /system/bin/ami304d terminated by exit(255)
E/IPCThreadState( 2596): IPCThread::waitForResponse checking error 3 : -32
E/IPCThreadState( 2598): IPCThread::waitForResponse checking error 3 : -32
E/logwrapper( 2600): executing /system/bin/ami304d failed: No such file or directory
I/logwrapper( 2599): /system/bin/ami304d terminated by exit(255)
E/IPCThreadState( 2606): IPCThread::waitForResponse checking error 3 : -32
E/IPCThreadState( 2608): IPCThread::waitForResponse checking error 3 : -32
E/logwrapper( 2611): executing /system/bin/ami304d failed: No such file or directory
I/logwrapper( 2610): /system/bin/ami304d terminated by exit(255)
E/IPCThreadState( 2617): IPCThread::waitForResponse checking error 3 : -32
E/IPCThreadState( 2619): IPCThread::waitForResponse checking error 3 : -32
D/FTM     (   86): [MIUI] msg2133_tpd Magnum
D/FTM     (   86): [MIUI] NOT msg2133_tpd_reset
D/FTM     (   86): [MIUI] KEY:DOWN
D/FTM     (   86): [MIUI] sel=19, maxrows=24, menu_from=1, menu_sel=19
D/FTM     (   86): [MIUI] msg2133_tpd Magnum
D/FTM     (   86): [MIUI] NOT msg2133_tpd_reset
D/FTM     (   86): [MIUI] KEY:DOWN
D/FTM     (   86): [MIUI] sel=20, maxrows=24, menu_from=1, menu_sel=20
E/logwrapper( 2621): executing /system/bin/ami304d failed: No such file or directory
I/logwrapper( 2620): /system/bin/ami304d terminated by exit(255)
D/FTM     (   86): [MIUI] msg2133_tpd Magnum
D/FTM     (   86): [MIUI] NOT msg2133_tpd_reset
D/FTM     (   86): [MIUI] KEY:DOWN
D/FTM     (   86): [MIUI] sel=21, maxrows=24, menu_from=1, menu_sel=21
D/FTM     (   86): [MIUI] msg2133_tpd Magnum
D/FTM     (   86): [MIUI] NOT msg2133_tpd_reset
D/FTM     (   86): [MIUI] KEY:DOWN
D/FTM     (   86): [MIUI] sel=22, maxrows=24, menu_from=1, menu_sel=22
D/FTM     (   86): [MIUI] msg2133_tpd Magnum
D/FTM     (   86): [MIUI] NOT msg2133_tpd_reset
D/FTM     (   86): [MIUI] KEY:DOWN
D/FTM     (   86): [MIUI] [2]update menu_from: 1 --> 0
D/FTM     (   86): [MIUI] [3]update menu_from: 0 --> 1
D/FTM     (   86): [MIUI] sel=23, maxrows=24, menu_from=1, menu_sel=23
D/FTM     (   86): [MIUI] msg2133_tpd Magnum
D/FTM     (   86): [MIUI] NOT msg2133_tpd_reset
D/FTM     (   86): [MIUI] KEY:DOWN
D/FTM     (   86): [MIUI] [2]update menu_from: 1 --> 1
D/FTM     (   86): [MIUI] sel=24, maxrows=24, menu_from=1, menu_sel=24
D/FTM     (   86): [MIUI] msg2133_tpd Magnum
D/FTM     (   86): [MIUI] NOT msg2133_tpd_reset
D/FTM     (   86): [MIUI] KEY:DOWN
D/FTM     (   86): [MIUI] [2]update menu_from: 1 --> 2
D/FTM     (   86): [MIUI] sel=25, maxrows=24, menu_from=2, menu_sel=25
E/IPCThreadState( 2627): IPCThread::waitForResponse checking error 3 : -32
E/IPCThreadState( 2629): IPCThread::waitForResponse checking error 3 : -32
E/logwrapper( 2631): executing /system/bin/ami304d failed: No such file or directory
I/logwrapper( 2630): /system/bin/ami304d terminated by exit(255)
E/IPCThreadState( 2637): IPCThread::waitForResponse checking error 3 : -32
E/IPCThreadState( 2639): IPCThread::waitForResponse checking error 3 : -32
D/FTM     (   86): [MIUI] msg2133_tpd Magnum
D/FTM     (   86): [MIUI] NOT msg2133_tpd_reset
D/FTM     (   86): [MIUI] KEY:UP
D/FTM     (   86): [MIUI] [2]update menu_from: 2 --> 1
D/FTM     (   86): [MIUI] sel=24, maxrows=24, menu_from=1, menu_sel=24
D/FTM     (   86): [MIUI] msg2133_tpd Magnum
D/FTM     (   86): [MIUI] NOT msg2133_tpd_reset
D/FTM     (   86): [MIUI] KEY:UP
D/FTM     (   86): [MIUI] [2]update menu_from: 1 --> 0
D/FTM     (   86): [MIUI] [3]update menu_from: 0 --> 1
D/FTM     (   86): [MIUI] sel=23, maxrows=24, menu_from=1, menu_sel=23
E/logwrapper( 2641): executing /system/bin/ami304d failed: No such file or directory
I/logwrapper( 2640): /system/bin/ami304d terminated by exit(255)
D/FTM     (   86): [MIUI] msg2133_tpd Magnum
D/FTM     (   86): [MIUI] NOT msg2133_tpd_reset
D/FTM     (   86): [MIUI] KEY:UP
D/FTM     (   86): [MIUI] sel=22, maxrows=24, menu_from=1, menu_sel=22
D/FTM     (   86): [MIUI] msg2133_tpd Magnum
D/FTM     (   86): [MIUI] NOT msg2133_tpd_reset
D/FTM     (   86): [MIUI] KEY:UP
D/FTM     (   86): [MIUI] sel=21, maxrows=24, menu_from=1, menu_sel=21
D/FTM     (   86): [MIUI] msg2133_tpd Magnum
D/FTM     (   86): [MIUI] NOT msg2133_tpd_reset
D/FTM     (   86): [MIUI] KEY:UP
D/FTM     (   86): [MIUI] sel=20, maxrows=24, menu_from=1, menu_sel=20
D/FTM     (   86): [MIUI] msg2133_tpd Magnum
D/FTM     (   86): [MIUI] NOT msg2133_tpd_reset
D/FTM     (   86): [MIUI] KEY:UP
D/FTM     (   86): [MIUI] sel=19, maxrows=24, menu_from=1, menu_sel=19
E/IPCThreadState( 2647): IPCThread::waitForResponse checking error 3 : -32
E/IPCThreadState( 2649): IPCThread::waitForResponse checking error 3 : -32
D/FTM     (   86): [MIUI] msg2133_tpd Magnum
D/FTM     (   86): [MIUI] NOT msg2133_tpd_reset
D/FTM     (   86): [MIUI] KEY:CONFIRM
E/logwrapper( 2651): executing /system/bin/ami304d failed: No such file or directory
I/logwrapper( 2650): /system/bin/ami304d terminated by exit(255)
D/FTM     (   86): [GPS]   gps_power_entry
D/FTM     (   86): [GPS]   gps_run_service: wait pid = 2652
I//system/bin/factory(   80): Starting GpsRun to run [Factory_High_SNR] job from [/system/etc/gpsconfig.xml] file
I//system/bin/factory(   80): /home/johnlee/GPS_Tinno/broadcom_SDK_support_glonass_0524/3.19.4.131779/vendor/broadcom/gps/allPartners/deliverables/glgpsapp/unix/../../../../allPartners/deliverables/glgpsapp/unix/main.c 65 The file [/tmp/-c.pid] could not be created, error [No such file or directory]
I//system/bin/factory(   80): Adjust [RUN_DIR] in Makefile.$(CUST)$(PLATF).mak to a valid directory
I//system/bin/factory(   80): 19:37:50.538 NVRAM directory [/data/gps/] created (2:No such file or directory)!
I//system/bin/factory(   80): 19:37:50.540 OpenFifo: Created new fifo [/data/gps/glgpsctrl].
I//system/bin/factory(   80): 19:37:50.540 OpenFifo: Opened "/data/gps/glgpsctrl"
I//system/bin/factory(   80): 19:37:50.540 SUPL: Certificate Path : /system/etc/security/
I//system/bin/factory(   80): 19:37:50.540 SUPL: TLS enable = 1
I//system/bin/factory(   80): 19:37:50.574 SUPL: Certificate Path : /system/etc/security/
I//system/bin/factory(   80): 19:37:50.574 SUPL: TLS enable = 1
I//system/bin/factory(   80): 19:37:50.587 (GpsHalLcsApiStart)
I//system/bin/factory(   80): 19:37:50.587 getmatchenv missing ANDROID_SOCKET_PREFIX_LCS ANDROID_SOCKET_gps
I//system/bin/factory(   80): 19:37:50.587 GpsHalPlatfCmdLcsApiInit: -1
I//system/bin/factory(   80): 19:37:50.587 LCSAPI_I: LCS socket /data/gps/gps
I//system/bin/factory(   80): 19:37:50.589 GpsHalPlatfCmdLcsApiInit: 28
I//system/bin/factory(   80): 19:37:50.589 GpsHalAiding::Init()
I//system/bin/factory(   80): 19:37:50.594 *** SYNPARSER: E=-5 in file XML CFG line(351) col(13) unexpected attribute (1) "AvgeragingIntervalSec"
I//system/bin/factory(   80): *** SYNPARSER: E=-5 in file XML CFG line(351) col(13) unexpected attribute (1) "AvgeragingIntervalSec"
I//system/bin/factory(   80): 19:37:50.594 *** SYNPARSER: E=-5 in file XML CFG line(351) col(35) unexpected attribute (1) "10"
I//system/bin/factory(   80): *** SYNPARSER: E=-5 in file XML CFG line(351) col(35) unexpected attribute (1) "10"
I//system/bin/factory(   80): 19:37:50.595 ---TASK---<Factory_High_SNR-test>---TASK---|1 of 100| sleep 0ms
I//system/bin/factory(   80): 19:37:50.595 BRM: GlRequest::MakeFactTestReq(6, -8, 3, 1, 60, 10)
I//system/bin/factory(   80): 19:37:50.602 nSTANDBY/REGPU GPIO path [/sys/class/rfkill/rfkill1/state]
I//system/bin/factory(   80): 19:37:50.602 nSTANDBY/REGPU GPIO path [/sys/class/rfkill/rfkill1/state]
I//system/bin/factory(   80): 19:37:50.745 GpsHalGpio_writesysfs pin [1] value[1
I//system/bin/factory(   80): ] successful
I//system/bin/factory(   80): 19:37:50.745 Power enable delay: 100ms
I//system/bin/factory(   80): 19:37:50.845 asic com thru TTY
I//system/bin/factory(   80): 19:37:50.845 GpsHalPlatfTTYOpen("/dev/ttyMT0",115200)
I//system/bin/factory(   80): 19:37:50.846 GpsHalPlatfTTYOpen(GPS: OPEN: 29)
I//system/bin/factory(   80): 19:37:50.846 LCSAPI_D: LCS: (lcsapi_ongpsstatus) 1
I//system/bin/factory(   80): 19:37:50.865 BRM: GlRequest::OnStart()
E/IPCThreadState( 2659): IPCThread::waitForResponse checking error 3 : -32
E/IPCThreadState( 2661): IPCThread::waitForResponse checking error 3 : -32
I//system/bin/factory(   80): 19:37:52.015 NvStorageToIgnore in GlctGlEngCbOnNvStgRead [5F|0]
I//system/bin/factory(   80): 19:37:52.015 NVRAM file [/data/gps/gldata.sto] opened for reading
I//system/bin/factory(   80): 19:37:52.016 Closed NVRAM file
I//system/bin/factory(   80): 19:37:52.016 OpenFifo: Opened "/data/gps/gpspipe"
I//system/bin/factory(   80): 19:37:52.016 GpsHalNmeaWrite: [cat /data/gps/gpspipe] to read NMEA and continue
I//system/bin/factory(   80): [cat /data/gps/gpspipe] to stream out NMEA
I//system/bin/factory(   80): 19:37:52.035 BRM: GlRequest::OnFactTest()
I//system/bin/factory(   80): 19:37:52.035 SUPL_H: GlArpSuplEvents
I//system/bin/factory(   80): 19:37:52.035 SUPL_H: supl_enabled=1
I//system/bin/factory(   80): 19:37:52.035 SUPL: GLCTEV_PAL_GLL_ASST_REQ received
I//system/bin/factory(   80): 19:37:52.036 SUPL_H: pthread_create(&thread,0, rti_start, 0)
I//system/bin/factory(   80): 19:37:52.037 SUPL_H: rti_answer:415: ERROR gethostbyname: err-code=0(Unknown error: 0)
D/FTM     (   86): [GPS]   gps_run_service: wait loop = 1
D/FTM     (   86): [MIUI] itemview_set_title
D/FTM     (   86): [MIUI] itemview_set_items
D/FTM     (   86): [MIUI] itemview_run 0xcb4c0
D/FTM     (   86): [GPS]   gps_power_update_iv_thread: Start
D/FTM     (   86): [MIUI] msg2133_tpd Magnum
D/FTM     (   86): [MIUI] NOT msg2133_tpd_reset
D/FTM     (   86): [MIUI] KEY:CONFIRM
D/FTM     (   86): [GPS]   gps_power_entry, chosen = 0
D/FTM     (   86): [GPS]   gps_power_entry ITEM_FAIL
D/FTM     (   86): [GPS]   gps_power_entry, gps->exit_thd = true
I//system/bin/factory(   80): 19:37:53.015 BRM: GlRequest::OnFactTest()
D/FTM     (   86): [GPS]   gps_power_update_iv_thread: Exit
D/FTM     (   86): [GPS]   GPS_Close() 1
D/FTM     (   86): [MAIN] Save test result to 
D/FTM     (   86): [MAIN]   Version=1
D/FTM     (   86): [MAIN]   Keys=1
D/FTM     (   86): [MAIN]   Touch Panel=0
D/FTM     (   86): [MAIN]   LCD Color=1
D/FTM     (   86): [MAIN]   LCD Contrast=1
D/FTM     (   86): [MAIN]   Memory Card=1
D/FTM     (   86): [MAIN]   SIM1 Detect=1
D/FTM     (   86): [MAIN]   SIM2 Detect=1
D/FTM     (   86): [MAIN]   Vibrator=1
D/FTM     (   86): [MAIN]   LED=1
D/FTM     (   86): [MAIN]   Speaker Test=1
D/FTM     (   86): [MAIN]   Receiver=1
D/FTM     (   86): [MAIN]   Loopback=1
D/FTM     (   86): [MAIN]   Headset=1
D/FTM     (   86): [MAIN]   G-Sensor Calibration=1
D/FTM     (   86): [MAIN]   G-Sensor=1
D/FTM     (   86): [MAIN]   ALS/PS=1
D/FTM     (   86): [MAIN]   Main Camera=1
D/FTM     (   86): [MAIN]   Sub Camera=1
D/FTM     (   86): [MAIN]   GPS-Power=1
D/FTM     (   86): [MAIN]   FM Radio=1
D/FTM     (   86): [MAIN]   Bluetooth=1
D/FTM     (   86): [MAIN]   Wi-Fi=1
D/FTM     (   86): [MAIN]   Battery & Charger=1
D/FTM     (   86): [MAIN]   Idle Current=1
D/FTM     (   86): [MIUI] itemview_run 0xbe815c24
D/FTM     (   86): [MIUI] msg2133_tpd Magnum
D/FTM     (   86): [MIUI] NOT msg2133_tpd_reset
D/FTM     (   86): [MIUI] KEY:CONFIRM
D/FTM     (   86): [GPS]   gps_power_entry
D/FTM     (   86): [GPS]   gps_run_service: wait pid = 2664
I//system/bin/factory(   80): Starting GpsRun to run [Factory_High_SNR] job from [/system/etc/gpsconfig.xml] file
I//system/bin/factory(   80): /home/johnlee/GPS_Tinno/broadcom_SDK_support_glonass_0524/3.19.4.131779/vendor/broadcom/gps/allPartners/deliverables/glgpsapp/unix/../../../../allPartners/deliverables/glgpsapp/unix/main.c 65 The file [/tmp/-c.pid] could not be created, error [No such file or directory]
I//system/bin/factory(   80): Adjust [RUN_DIR] in Makefile.$(CUST)$(PLATF).mak to a valid directory
I//system/bin/factory(   80): 19:37:54.557 NVRAM directory [/data/gps/] created (2:No such file or directory)!
I//system/bin/factory(   80): 19:37:54.559 OpenFifo: Created new fifo [/data/gps/glgpsctrl].
I//system/bin/factory(   80): 19:37:54.559 OpenFifo: Opened "/data/gps/glgpsctrl"
I//system/bin/factory(   80): 19:37:54.559 SUPL: Certificate Path : /system/etc/security/
I//system/bin/factory(   80): 19:37:54.559 SUPL: TLS enable = 1
I//system/bin/factory(   80): 19:37:54.566 SUPL: Certificate Path : /system/etc/security/
I//system/bin/factory(   80): 19:37:54.566 SUPL: TLS enable = 1
I//system/bin/factory(   80): 19:37:54.567 (GpsHalLcsApiStart)
I//system/bin/factory(   80): 19:37:54.567 getmatchenv missing ANDROID_SOCKET_PREFIX_LCS ANDROID_SOCKET_gps
I//system/bin/factory(   80): 19:37:54.567 GpsHalPlatfCmdLcsApiInit: -1
I//system/bin/factory(   80): 19:37:54.567 LCSAPI_I: LCS socket /data/gps/gps
I//system/bin/factory(   80): 19:37:54.568 GpsHalPlatfCmdLcsApiInit: 28
I//system/bin/factory(   80): 19:37:54.568 GpsHalAiding::Init()
I//system/bin/factory(   80): 19:37:54.574 *** SYNPARSER: E=-5 in file XML CFG line(351) col(13) unexpected attribute (1) "AvgeragingIntervalSec"
I//system/bin/factory(   80): *** SYNPARSER: E=-5 in file XML CFG line(351) col(13) unexpected attribute (1) "AvgeragingIntervalSec"
I//system/bin/factory(   80): 19:37:54.574 *** SYNPARSER: E=-5 in file XML CFG line(351) col(35) unexpected attribute (1) "10"
I//system/bin/factory(   80): *** SYNPARSER: E=-5 in file XML CFG line(351) col(35) unexpected attribute (1) "10"
I//system/bin/factory(   80): 19:37:54.574 ---TASK---<Factory_High_SNR-test>---TASK---|1 of 100| sleep 0ms
I//system/bin/factory(   80): 19:37:54.574 BRM: GlRequest::MakeFactTestReq(6, -8, 3, 1, 60, 10)
I//system/bin/factory(   80): 19:37:54.574 nSTANDBY/REGPU GPIO path [/sys/class/rfkill/rfkill1/state]
I//system/bin/factory(   80): 19:37:54.575 nSTANDBY/REGPU GPIO path [/sys/class/rfkill/rfkill1/state]
I//system/bin/factory(   80): 19:37:54.575 GpsHalGpio_writesysfs pin [1] value[0
I//system/bin/factory(   80): ] successful
I//system/bin/factory(   80): 19:37:54.625 nSTANDBY/REGPU GPIO path [/sys/class/rfkill/rfkill1/state]
I//system/bin/factory(   80): 19:37:54.735 GpsHalGpio_writesysfs pin [1] value[1
I//system/bin/factory(   80): ] successful
I//system/bin/factory(   80): 19:37:54.735 Power enable delay: 100ms
I//system/bin/factory(   80): 19:37:54.835 asic com thru TTY
I//system/bin/factory(   80): 19:37:54.835 GpsHalPlatfTTYOpen("/dev/ttyMT0",115200)
I//system/bin/factory(   80): 19:37:54.836 GpsHalPlatfTTYOpen(GPS: OPEN: 29)
I//system/bin/factory(   80): 19:37:54.836 LCSAPI_D: LCS: (lcsapi_ongpsstatus) 1
I//system/bin/factory(   80): 19:37:54.838 BRM: GlRequest::OnStart()
E/logwrapper( 2667): executing /system/bin/ami304d failed: No such file or directory
I/logwrapper( 2666): /system/bin/ami304d terminated by exit(255)
I//system/bin/factory(   80): 19:37:56.035 NvStorageToIgnore in GlctGlEngCbOnNvStgRead [5F|0]
I//system/bin/factory(   80): 19:37:56.035 NVRAM file [/data/gps/gldata.sto] opened for reading
I//system/bin/factory(   80): 19:37:56.036 Closed NVRAM file
I//system/bin/factory(   80): 19:37:56.036 OpenFifo: Opened "/data/gps/gpspipe"
I//system/bin/factory(   80): 19:37:56.036 GpsHalNmeaWrite: [cat /data/gps/gpspipe] to read NMEA and continue
I//system/bin/factory(   80): [cat /data/gps/gpspipe] to stream out NMEA
I//system/bin/factory(   80): 19:37:56.045 BRM: GlRequest::OnFactTest()
I//system/bin/factory(   80): 19:37:56.046 SUPL_H: GlArpSuplEvents
I//system/bin/factory(   80): 19:37:56.046 SUPL_H: supl_enabled=1
I//system/bin/factory(   80): 19:37:56.046 SUPL: GLCTEV_PAL_GLL_ASST_REQ received
I//system/bin/factory(   80): 19:37:56.046 SUPL_H: pthread_create(&thread,0, rti_start, 0)
I//system/bin/factory(   80): 19:37:56.047 SUPL_H: rti_answer:415: ERROR gethostbyname: err-code=0(Unknown error: 0)
D/FTM     (   86): [GPS]   gps_run_service: wait loop = 1
D/FTM     (   86): [MIUI] itemview_set_title
D/FTM     (   86): [MIUI] itemview_set_items
D/FTM     (   86): [MIUI] itemview_run 0xcb4c0
D/FTM     (   86): [GPS]   gps_power_update_iv_thread: Start
E/IPCThreadState( 2675): IPCThread::waitForResponse checking error 3 : -32
E/IPCThreadState( 2677): IPCThread::waitForResponse checking error 3 : -32
I//system/bin/factory(   80): 19:37:57.035 BRM: GlRequest::OnFactTest()
D/FTM     (   86): [GPS]   gps_power_update_iv_thread: Exit
I//system/bin/factory(   80): 19:37:58.035 BRM: GlRequest::OnFactTest()
I//system/bin/factory(   80): 19:37:59.035 BRM: GlRequest::OnFactTest()
D/FTM     (   86): [MIUI] msg2133_tpd Magnum
D/FTM     (   86): [MIUI] NOT msg2133_tpd_reset
D/FTM     (   86): [MIUI] KEY:DOWN
D/FTM     (   86): [MIUI] sel=1, maxrows=24, menu_from=1, menu_sel=0
I//system/bin/factory(   80): 19:38:00.035 BRM: GlRequest::OnFactTest()
E/logwrapper( 2679): executing /system/bin/ami304d failed: No such file or directory
I/logwrapper( 2678): /system/bin/ami304d terminated by exit(255)
D/FTM     (   86): [MIUI] msg2133_tpd Magnum
D/FTM     (   86): [MIUI] NOT msg2133_tpd_reset
D/FTM     (   86): [MIUI] KEY:CONFIRM
D/FTM     (   86): [GPS]   gps_power_entry, chosen = 0
D/FTM     (   86): [GPS]   gps_power_entry ITEM_FAIL
D/FTM     (   86): [GPS]   gps_power_entry, gps->exit_thd = true
D/FTM     (   86): [GPS]   GPS_Close() 1
D/FTM     (   86): [MAIN] Save test result to 
D/FTM     (   86): [MAIN]   Version=1
D/FTM     (   86): [MAIN]   Keys=1
D/FTM     (   86): [MAIN]   Touch Panel=0
D/FTM     (   86): [MAIN]   LCD Color=1
D/FTM     (   86): [MAIN]   LCD Contrast=1
D/FTM     (   86): [MAIN]   Memory Card=1
D/FTM     (   86): [MAIN]   SIM1 Detect=1
D/FTM     (   86): [MAIN]   SIM2 Detect=1
D/FTM     (   86): [MAIN]   Vibrator=1
D/FTM     (   86): [MAIN]   LED=1
D/FTM     (   86): [MAIN]   Speaker Test=1
D/FTM     (   86): [MAIN]   Receiver=1
D/FTM     (   86): [MAIN]   Loopback=1
D/FTM     (   86): [MAIN]   Headset=1
D/FTM     (   86): [MAIN]   G-Sensor Calibration=1
D/FTM     (   86): [MAIN]   G-Sensor=1
D/FTM     (   86): [MAIN]   ALS/PS=1
D/FTM     (   86): [MAIN]   Main Camera=1
D/FTM     (   86): [MAIN]   Sub Camera=1
D/FTM     (   86): [MAIN]   GPS-Power=1
D/FTM     (   86): [MAIN]   FM Radio=1
D/FTM     (   86): [MAIN]   Bluetooth=1
D/FTM     (   86): [MAIN]   Wi-Fi=1
D/FTM     (   86): [MAIN]   Battery & Charger=1
D/FTM     (   86): [MAIN]   Idle Current=1
D/FTM     (   86): [MIUI] itemview_run 0xbe815c24
D/FTM     (   86): [MIUI] msg2133_tpd Magnum
D/FTM     (   86): [MIUI] NOT msg2133_tpd_reset
D/FTM     (   86): [MIUI] KEY:DOWN
D/FTM     (   86): [MIUI] sel=20, maxrows=24, menu_from=1, menu_sel=20
E/IPCThreadState( 2685): IPCThread::waitForResponse checking error 3 : -32
E/IPCThreadState( 2687): IPCThread::waitForResponse checking error 3 : -32
D/FTM     (   86): [MIUI] msg2133_tpd Magnum
D/FTM     (   86): [MIUI] NOT msg2133_tpd_reset
D/FTM     (   86): [MIUI] KEY:CONFIRM
D/FTM     (   86): [FM] fm_entry
D/FTM     (   86): [MIUI] itemview_set_title
D/FTM     (   86): [MIUI] itemview_set_items
D/        (   86): Common_Audio_init bMetaAudioInited == true, already init!!
D/FTM     (   86): [FM] preferred_freq 0 can't get
D/FTM     (   86): [FM] preferred_freq 1 can't get
D/FTM     (   86): [FM] preferred_freq 2 can't get
D/FTM     (   86): [FM] preferred_freq 3 can't get
D/FTM     (   86): [MIUI] itemview_run 0xcf508
D/FTM     (   86): [FM] fm_update_thread: Start
I/bluedroid(   86): fm_enable
I/bluedroid(   86): BTOFF_FMOFF_handling
I/bluedroid(   86): BTOFF_FMOFF_handling : receiving FM_ON
E/bluedroid(   86): =======buffer=1====
I/bluedroid(   86): ======hciattach_starting=0====is_hciattach_enabled=1
E/bluedroid(   86): =======buffer=1====
I/bluedroid(   86): Start hciattach daemon successed
I/bluedroid(   86): Starting btld...
I/bluedroid(   86): dtun_property_is_active : service.brcm.bt.fm.active=0
D/BTL-SERVER( 2690): /system/bin/btld:pid:2690, main(): calling set_aid_and_cap
D/BTL-SERVER( 2690): in set_aid_and_cap() pid:2690
V/BTL_CFG ( 2690): btl_cfg_get_btld_status: service.brcm.bt.btld=0
E/BTL-SERVER( 2690): BTLD starting...
E/BTLD    ( 2690): ##### ERROR : main: main :: BTLD starting 
E/BTLD    ( 2690):  #####
V/BTL_CFG ( 2690): btl_cfg_set_btld_status: service.brcm.bt.btld=1, ret=0
V/BTL_CFG ( 2690): btld_cfg_btld_pid : service.brcm.bt.btld_pid = 2690
V/BTL_CFG ( 2690): btl_cfg_set_btld_pid success : service.brcm.bt.btld_pid = 2690, ret = 0
I/BTL-SERVER( 2690): BTE version BCM1200_MI_10.3.16.26
I/BTL-SERVER( 2690): btld version BTLZ_MI_235.10.0.5 starting...
I/BTL-SERVER( 2690): Build time: Nov  2 2011 06:13:34
I/BTL_CFG ( 2690): btl_cfg_get_bdaddr: auto BDA=4325666A30D4
E/BTL_CFG ( 2690): WARNING : [service.brcm.bt.patchfile] property_get failed (0)
I/BTL_CFG ( 2690): btl_cfg_get_3way_conf_support: service.brcm.bt.3way_support=true
E/BTL_CFG ( 2690): WARNING : [service.brcm.bt.bt_wake_polar] property_get failed (0)
I/BTL_CFG ( 2690): btl_cfg_get_lpm_params: service.brcm.bt.bt_wake_polar=0
E/BTL_CFG ( 2690): WARNING : [service.brcm.bt.host_wake_polar] property_get failed (0)
I/BTL_CFG ( 2690): btl_cfg_get_lpm_params: service.brcm.bt.host_wake_polar=0
E/BTL_CFG ( 2690): WARNING : [service.brcm.bt.pcm_clk] property_get failed (0)
E/BTL_CFG ( 2690): WARNING : [service.brcm.bt.pcm_ms_role] property_get failed (0)
I/BTL_CFG ( 2690): btl_cfg_get_contacts_db: service.brcm.bt.contacts_db=/data/data/com.android.providers.contacts/databases/contacts2.db
D/BTL-SERVER( 2690): btld_set_nice_prio(): PRIO_PROCESS: 0, nice increment:-2
E/BTL-SERVER( 2690): ############### BTE_InitHW: Rfkill from Btld is skipped ...######
I/USERIAL_LINUX( 2690): USERIAL_Init
I/GKI_LINUX( 2690): GKI creating JOINABLE task 2
I/GKI_LINUX( 2690): Leaving GKI_create_task ca58 2 71120 APPL 64630 0
I/GKI_LINUX( 2690): GKI creating JOINABLE task 1
I/GKI_LINUX( 2690): Leaving GKI_create_task 39498 1 71160 BTU 64630 0
I/GKI_LINUX( 2690): GKI creating JOINABLE task 0
I/GKI_LINUX( 2690): Leaving GKI_create_task ae88 0 711a0 HCI 64630 0
W/BTLD    ( 2690): gki_set_timer_scheduling(()::scheduler current policy: 0
I/GKI_LINUX( 2690): GKI_run 
I/GKI_LINUX( 2690): gki_task_entry task_id=0
I/BLUEZ_HCI( 2690): HCISOCK_Open
I/BLUEZ_HCI( 2690): Leaving USERIAL_Open
I/GKI_LINUX( 2690): gki_task_entry task_id=1
E/BTLD    ( 2690): ################ btm_dev_init: SKIPPING HCI RESET ########
E/BTLD    ( 2690): #################### SKIPPING PATCHRAM DOWNLOAD ###################
E/BTLD    ( 2690): ########### SKIPPING READING PARAMETERS STEP#######
V/BTL_CFG ( 2690): btl_cfg_get_soft_onoff_enabled : service.brcm.bt.soft_onoff = 0
E/BTL_CFG ( 2690): WARNING : [service.brcm.bt.TRC_BTAPP] property_get failed (0)
D/BTLD    ( 2690): [bttrc] using compile default trace settings
I/GKI_LINUX( 2690): gki_task_entry task_id=2
I/BTAPP_FM( 2690): BTAPP_FM: Initialized IFS (res = 0)
I/BTLD    ( 2690): BTL_IF_RegisterSubSystem: Registered subsystem [FM]
I/BTAPP_FM( 2690): BTAPP_FM: Registered IFS (res = 0)
I/BTL-IFS-WRAPPER( 2690): wrp_sock_create: wrp_sock_create : created socket (fd 13)
D/BTL-IFS-WRAPPER( 2690): DTUN_MAKE_LOCAL_SERVER_NAME return name: brcm.bt.dtun.9000
D/BTL-IFS-WRAPPER( 2690): wrp_sock_bind: btl_ifs:wrp_sock_bind:socket_local_server_bind result:0 server_name:brcm.bt.dtun.9000
D/BTL-IFS-WRAPPER( 2690): wrp_sock_bind: socket_local_server_bind on port 9000
I/BTL-IFS-WRAPPER( 2690): wrp_sock_listen: wrp_sock_listen : (CTRL) listening on brcm.bt.dtun:9000 (13)
I//system/bin/btld( 2689): gki_alloc_free_queue in, id:3 
I//system/bin/btld( 2689): gki_alloc_free_queue calling  gki_init_free_queue, id:3  size:1712, totol:50
I//system/bin/btld( 2689): gki_alloc_free_queue ret OK, id:3  size:1712, totol:50
